03-09 14:32:09.019  1015  2182 D AudioPolicyManagerExtImpl: oplusForceOutputForMusicEffects Done:  flags 8,  forced_deep 0
03-09 14:32:09.020  1255 14372 D MMListService: getListValueByUid module:fast-audio-effects, uid:10659
03-09 14:32:09.021  1015  1254 V ListServiceUtils: checkInListByUid module:fast-audio-effects uid:10659 cost 355us return (null)
03-09 14:32:09.021  1015  1254 E GameAudioEffects: outputSelected call  getListValueByUid(fast-audio-effects) but return null
03-09 14:32:09.021  1015  2182 D AudioFlinger_Threads: createTrack_l output 21  latencyMs 128 mNormalFrameCount 2048 mSampleRate 48000
03-09 14:32:09.021  1015  2182 D AudioFlinger_Threads: createTrack_l output 21 minFrameCount 5655 frameCount 22560
03-09 14:32:09.022  1015  2182 D AudioFlinger_Threads: Client defaulted notificationFrames to 11280 for frameCount 22560
03-09 14:32:09.022  1015  2182 D AudioFlinger_Threads: createTrack_l output 21 final frameCount 22560 for track session 1009 , mFrameCount 2048, mNormalFrameCount 2048, notificationFrameCount 11280
03-09 14:32:09.022  1015  2182 D AF::Track: Track, track(0xb400007a62656200): mFastIndex -1, mStreamType 3, mId 79, mFrameCount 22560, mSampleRate 44100, mFormat 1, mChannelCount 1, mTrackCount 24, thread 0xb400007a4a40db80, sessionId 1009, AudioOut_15, primary-8
03-09 14:32:09.022  1255 14372 D MMListService: getListValueByUid module:audio-choppy-boost, uid:10659
03-09 14:32:09.023  1015  2182 V ListServiceUtils: checkInListByUid module:audio-choppy-boost uid:10659 cost 206us return (null)
03-09 14:32:09.027  1195 24785 E AudioSystem: invalid attributes { Content type: AUDIO_CONTENT_TYPE_UNKNOWN Usage: AUDIO_USAGE_UNKNOWN Source: AUDIO_SOURCE_DEFAULT Flags: 0x0 Tags:  } when converting to stream
03-09 14:32:09.028  1195 24785 D AudioTrack: createTrack_l(56): 0xf0c89800, mCblk = 0xf6812000, mLatency = 639, mAfLatency = 128, frameCount = 22560, mSampleRate = 44100, mFlags = 0x8, mReqFrameCount = 22560, mNotificationFramesAct = 11280
03-09 14:32:09.028  1255 14372 D MMListService: getListValueByUid module:audio-choppy-boost, uid:10659
03-09 14:32:09.028  1195 24785 V ListServiceUtils: checkInListByUid module:audio-choppy-boost uid:10659 cost 236us return (null)
03-09 14:32:09.029  1195 24785 D AudioTrack: setVolume(56): 0xf0c89800, left = 1.000000, right = 1.000000
03-09 14:32:09.029  1195 24785 D AudioTrack: setVolume left 1.000 right 1.000 , callingPid 1195
03-09 14:32:09.029  1195 24785 D AudioTrack: setVolume(56): 0xf0c89800, left = 1.000000, right = 1.000000
03-09 14:32:09.030  1195 24785 D AudioTrack: setVolume left 1.000 right 1.000 , callingPid 1195
03-09 14:32:09.030  1195 24785 D AudioTrack: start(56): prior state:STATE_STOPPED output 21 stream 3 session 1009
03-09 14:32:09.030  1195 24785 D AudioTrack: start(56): 0xf0c89800, prior state:STATE_STOPPED
03-09 14:32:09.030  1015  2182 V AudioPolicyIntefaceImpl: startOutputSamplerate(), portId = 56, samplerate = 44100
03-09 14:32:09.030  1015  2182 D AudioPolicyManagerCustomImpl: hifiAudio_startOutputSamplerate() +output = 56  +samplerate = 44100 mPrimaryOutput = 13 HifiState = 1 stream 3, session 1009
03-09 14:32:09.030  1015  2182 D APM_AudioPolicyManager: startOutput portId 56
03-09 14:32:09.030  1015  2182 D APM_AudioPolicyManager: startOutput() output 21, stream 3, session 1009
03-09 14:32:09.031  1015  2182 D GameAudioEffects: hasAliveFastEffectTracks  return (0)
03-09 14:32:09.031  1015  2182 D AudioPolicyManagerExtImpl: oplusSelectOutputForMusicEffects pendingOutput  => 21  flags => 0x00000008  outputTageName =>deep_buffer outputs.size(4) older music effect ouput(21), hasAliveGameTracks(0)
03-09 14:32:09.031  1015  2182 D APM_AudioPolicyManager: setOutputDevice() output 21 device {type:0x2,@:} force 0 delayMs 0
03-09 14:32:09.034  1015  2182 D APM::AudioOutputDescriptor: setVolume output 21 for volumeSource 6, volume 0.000000, delay 0 stream=AUDIO_STREAM_MUSIC
03-09 14:32:09.034  1015  1251 D AudioFlinger: setStreamVolume() stream 3 value 1.000000 output 21
03-09 14:32:09.035  1015  1251 D AudioSystem: +setParameters(): volumeDevice=2;volumeIndex=16;volumeStreamType=3 
03-09 14:32:09.035  1015  1251 D AudioFlingerExtImpl: AudioFlingerExtImpl oplusSetParameters: keyvalue volumeDevice=2;volumeIndex=16;volumeStreamType=3
03-09 14:32:09.036   896 13261 D AudioALSAStreamOut: +setParameters(): flag 2, volumeDevice=2;volumeIndex=16;volumeStreamType=3
03-09 14:32:09.036   896 13261 D oplus_audio_config: oplus_get_config(),unkonw config
03-09 14:32:09.036   896 13261 D oplus_audio_config: oplus_is_config_support(),param null
03-09 14:32:09.036   896 13261 D AudioMTKGainController: setNormalVolume: ActiveOutputStreamNum = 0
03-09 14:32:09.036   896 13261 D AudioMTKGainController: setNormalVolume(), mSceneIndex = 0, stream 3, devices 0x2, index 16, mode 0x0, gainDevice 0x2
03-09 14:32:09.036   896 13261 D AudioMTKGainController: setSpeakerGain(), gain = 9, spkAnaType = 3
03-09 14:32:09.036   896 13261 D AudioALSAStreamManager: setVolumeIndex() stream= 3, device= 2, index= 10
03-09 14:32:09.039  1015  2182 D AudioPolicyManagerCustomImpl: getMaxTrackSampleRate 48000
03-09 14:32:09.039  1015  2182 D AudioPolicyManagerCustomImpl: hifiAudio_startOutputSamplerate(), force policyForceReplace samplerate 48000
03-09 14:32:09.039  1015  2182 D AudioPolicyManagerCustomImpl: hifiAudio_startOutputSamplerate, replace sample rate with  mHiFiOutputDefaultSampleRate
03-09 14:32:09.039  1015  2182 D AudioFlingerExtImpl: noteAudioAcive is 1 
03-09 14:32:09.039  1015  2182 D AudioFlinger_PlaybackThreadExtImpl: notifyAudioTrackCreate event:atlas_event_audio_track_create info:pid:23335,sessionId:1009,streamType:3,sampleRate:44100,flags:8,deviceTypes:2,hasFastMixer:0
03-09 14:32:09.040  1015  2182 D AtlasEventUploadUtils: setEvent event:atlas_event_audio_track_create
03-09 14:32:09.040  1244  1257 D EventTest: handleEvent atlas_event_audio_track_create pid:23335,sessionId:1009,streamType:3,flags:8,deviceTypes:2,hasFastMixer:0
03-09 14:32:09.040  3436 13079 D OplusAtlas.OplusAtlasEventDispatch: setEvent:atlas_event_audio_track_create info:pid:23335,sessionId:1009,streamType:3,sampleRate:44100,flags:8,deviceTypes:2,hasFastMixer:0
03-09 14:32:09.041  1015  1546 V ListServiceUtils: checkInListByUid start module:closepa-blacklist uid:10659  time 72519103110us
03-09 14:32:09.041  1015  1546 V ListServiceUtils: checkInListByUid end module:closepa-blacklist uid:10659  time 72519103406us
03-09 14:32:09.041  1015  1546 D ListServiceUtils: checkInListByUid module:closepa-blacklist uid:10659 cost 295us return 0
03-09 14:32:09.042  3436  4162 D OplusAtlas.OplusMessageHandler: handleMessage: Msg { when=-1ms what=1 arg1=23335 arg2=3 target=com.oplus.atlas.OplusMessageHandler$MyHandler }
03-09 14:32:09.042  3436  4162 D OplusAtlasService: myHandleMessage: Msg { when=-1ms what=1 arg1=23335 arg2=3 target=com.oplus.atlas.OplusMessageHandler$MyHandler }
03-09 14:32:09.043  3436  4161 D OplusAtlas.OplusMessageHandler: handleMessage: Msg { when=-2ms what=1 arg1=23335 arg2=3 obj=com.oplus.atlas.OplusAtlasEvent@fcc252c target=com.oplus.atlas.OplusMessageHandler$MyHandler }
03-09 14:32:09.046  1015  2182 D APM_AudioPolicyManager: listAudioPorts mAvailableInputDevices 0x80000004 , 0x80000040 , 0x80000080 , 0x80000100 , 0x80002000 , 0x90000000
03-09 14:32:09.046  1015  2182 D APM_AudioPolicyManager: listAudioPorts mAvailableInputDevices 0x80000004 , 0x80000040 , 0x80000080 , 0x80000100 , 0x80002000 , 0x90000000
03-09 14:32:09.048  5030  5030 V DeepThinker: BroadcastReceiverWrapper: onReceive, start dispatch android.media.ACTION_AUDIO_PLAYBACK_STATE_CHANGED
03-09 14:32:09.049  1015 13435 D AudioFlingerExtImpl: getActiveDeepBufferAudioPids pids = :23335
03-09 14:32:09.057  4251 18322 I AudioEffect: setParameter(): 0xb400007079e6a300, param: 5, param2: -1
03-09 14:32:09.060  1015  1546 D AudioFlinger_Threads: 0xb400007a4a40db80:threadLoop_write write muted data to hw, mixerStatus 1 start, mId 21, mBytesWritten 0
03-09 14:32:09.060   896 17709 D AudioALSAStreamOut: write(), flag 0x8, usePolicyDevice: 1, output_devices: 0x2 -> 0x2(policyDevice)
03-09 14:32:09.060   896 17709 D AudioALSAStreamManager: +syncSharedOutDevice(), originDevice/routingSharedOutDevice: 0x2/0x2, mAudioMode: 0
03-09 14:32:09.060   896 17709 D AudioIEMsController: routing(+), cur out 0x0 in 0x0, hs 0, bt 0, usb 0, device 0x2, mask 0x1, on 0
03-09 14:32:09.060   896 17709 D AudioIEMsController: routing(-), cur out 0x0 in 0x0
03-09 14:32:09.060   896 17709 D oplus_audio_config: oplus_get_config(),unkonw config
03-09 14:32:09.060   896 17709 D oplus_audio_config: oplus_is_config_support(),param null
03-09 14:32:09.060   896 17709 D AudioMTKGainController: setNormalVolume: ActiveOutputStreamNum = 0
03-09 14:32:09.060   896 17709 D AudioMTKGainController: setNormalVolume(), mSceneIndex = 0, stream 3, devices 0x2, index 16, mode 0x0, gainDevice 0x2
03-09 14:32:09.060   896 17709 D AudioMTKGainController: setSpeakerGain(), gain = 9, spkAnaType = 3
03-09 14:32:09.060   896 17709 D AudioALSAStreamOut: open(), flags 8
03-09 14:32:09.060   896 17709 D AudioALSAStreamOut: open() checkCardClose 0
03-09 14:32:09.060   896 17709 D audio_engineer_test: disable_force_test: disable=0 force_test_dis=0 stream_open_count=0
03-09 14:32:09.060   896 17709 D oplus_audio_config: oplus_get_config(),unkonw config
03-09 14:32:09.060   896 17709 D oplus_audio_config: oplus_is_config_support(),param null
03-09 14:32:09.060   896 17709 D AudioALSAStreamOut: isHiRes = 0
03-09 14:32:09.061   896 17709 D AudioALSAStreamManager: +createPlaybackHandler(), mAudioMode = 0, output_devices = 0x2, isMixerOut = 0, isBypassAurisys = 0, flag = 8, isIEMsSource = 0, isIEMsOn = 0
03-09 14:32:09.061   896 17709 D AudioALSAStreamManager: needEnableVoip(), output_devices = 0x2, flags: 0x8, mAvailableOutputFlags: 0x1c00f, enable: 0
03-09 14:32:09.061   896 17709 D AudioSpeechEnhanceInfo: IsAPDMNRTuningEnable(), 0
03-09 14:32:09.061   896 17709 D AudioDspStreamManager: getDspOutHandlerEnable flag = 8 ret = 5 device = 0x2 device_support = 0x2 retval = 1
03-09 14:32:09.061   896 17709 D AudioALSAPlaybackHandlerDsp: AudioALSAPlaybackHandlerDsp() mPlaybackHandlerType = 10
03-09 14:32:09.061   896 17709 D AudioALSAStreamOut: open() checkCardClose 1
03-09 14:32:09.061   896 17709 D audio_engineer_test: disable_force_test: disable=1 force_test_dis=0 stream_open_count=0
03-09 14:32:09.062   896 17709 D AudioALSADeviceParser: compare pcm success = 58, stringpair = DSP_Playback_DeepBuf
03-09 14:32:09.062   896 17709 D AudioUtility: chooseTargetSampleRate() hiFiState 1 isDeviceSupportHiFi 0 sampleRate 48000 targetSampleRate 48000
03-09 14:32:09.062   896 17709 D AudioALSAPlaybackHandlerBase: transferAudioFormatToPcmFormat(), audio_format(0x3) => pcm_format(0x1)
03-09 14:32:09.062   896 17709 D AudioALSAPlaybackHandlerDsp: open(), flag 0x8, mDevice = 0x2, mConfig: channels = 2, rate = 48000, period_size = 2048, period_count = 2, format = 1 avail_min = 0
03-09 14:32:09.062   896 17709 D audio_messenger_ipi: audio_ipi_dma_cbk_register(), task 8, sz 32768/65536, cbk 0xf1218eec, arg 0xf202f400
03-09 14:32:09.062   896 17709 D aurisys_utility: input dev: 0x80000080, fmt = 0x3, fs: 48000, max fs: 48000, ch: 2, max ch: 3, ch maks: 0x3, hw_info_mask: 0x0; output dev: 0x2, fmt = 0x3, fs: 48000, max fs: 48000, ch: 2, max ch: 2, ch maks: 0x3, hw_info_mask: 0x0; task_scene: 8, audio_mode: 0, stream_type: 3, output_flags: 0x8, input_source: 0, input_flags: 0x8; network_info: 0, enhancement_feature_mask: 0x0
03-09 14:32:09.062   896 17709 D AudioALSAHardware: UpdateScenceToDsp(), mInputScence = 0, mOutputScence = 0, attribute_out->sample_rate = 48000
03-09 14:32:09.062   896 17709 D AudioALSAHardware: UpdateMultiRecordScenceToDsp(), mInputScence = 0, mOutputScence = 0
03-09 14:32:09.062   896 17709 D AudioALSAHardware: UpdateVoicePlaybackScenceToDsp(), OutputGetScence = 0  , isModeInVoipCall = 0 , isModeInPhoneCall = 0
03-09 14:32:09.062   896 17709 D oplus_audio_config: oplus_get_config(),unkonw config
03-09 14:32:09.062   896 17709 D oplus_audio_config: oplus_is_config_support(),param null
03-09 14:32:09.062   896 17709 D AudioUtility: setupCustomInfoStr(), custom_info = "SetAudioCustomScene=;", (scene = , vol_level = -1, bt_codec = -1)
03-09 14:32:09.062   896 17709 D AudioDspStreamManager: CreateAurisysLibManager(), custom_info = SetAudioCustomScene=;, voip = 0
03-09 14:32:09.062   896 17709 D aurisys_utility: lib, working fs: 48000, fmt: 0x3, frame = 0, b_interleave = 1, num_ul_ref_buf_array = 0, num_dl_ref_buf_array = 0
03-09 14:32:09.062   896 17709 D aurisys_utility: dl in[type:2], ch: 2, ch_mask: 0x3, buf fs: 48000, buf content fs: 48000, fmt: 0x3; dl out[type:3], ch: 2, ch_mask: 0x3, buf fs: 48000, buf content fs: 48000, fmt: 0x3
03-09 14:32:09.062   896 17709 D aurisys_lib_handler: aurisys_arsi_parsing_param_file(), gProductInfo "platform=MT6853,device=RMX2117L1,model=RMX2117", file_path "/odm/etc/audio/audio_param", enhancement_mode 0, param_buf_size 128, data_size 128, custom_info SetAudioCustomScene=;
03-09 14:32:09.063   896 17709 D audio_messenger_ipi: hal send, task: 8, msg_id: 0x15, ack_type: 1, p1: 0x37c, p2: 0x0, dma sz: 0, idx: 0, hal sz: 892
03-09 14:32:09.066   896 17709 D AudioALSAPlaybackHandlerBase: openPcmDriverWithFlag(), pcm device = 58 flag = 0x8 mPcm = 0xf496b900
03-09 14:32:09.066   896 17709 D AudioDspStreamManager: dataPassToCodec output_devices = 0x2 mAudioOutputFlags = 8 devicecount = 1 ret = 1
03-09 14:32:09.066   896 17709 D AudioDspStreamManager: dataPasstoDspAfe output_devices = 0x2 Flags = 8 isUseAdspPlaybackTask = 1 ret = 1
03-09 14:32:09.066   896 17709 D AudioDspStreamManager: getDspStreamStatus ret = 1 mDspStreamState = 0 dspstartflag = 1 dsp_recovery_mode 0
03-09 14:32:09.066   896 17709 D AudioDspStreamManager: setDspRuntimeEn(), task_scene = 9, condition = 1
03-09 14:32:09.067   896 17709 D AudioDspStreamManager: setDspRefRuntimeEn(), task_scene = 9, condition = 1
03-09 14:32:09.067   896 17709 D audio_messenger_ipi: audio_ipi_dma_cbk_register(), task 9, sz 32768/65536, cbk 0xf1218eec, arg 0xf202f400
03-09 14:32:09.067   896 17709 D AudioALSADeviceParser: compare pcm success = 59, stringpair = DSP_Playback_Playback
03-09 14:32:09.067   896 17709 D AudioALSADeviceParser: compare pcm success = 15, stringpair = Capture_6
03-09 14:32:09.067   896 17709 D AudioALSADeviceParser: compare pcm success = 13, stringpair = Capture_4
03-09 14:32:09.067   896 17709 D AudioALSADeviceParser: compare pcm success = 4, stringpair = Playback_4
03-09 14:32:09.067   896 17709 D aurisys_utility: input dev: 0x0, fmt = 0x4, fs: 48000, max fs: 48000, ch: 2, max ch: 3, ch maks: 0xc, hw_info_mask: 0x0; output dev: 0x2, fmt = 0x4, fs: 48000, max fs: 48000, ch: 2, max ch: 2, ch maks: 0xc, hw_info_mask: 0x0; task_scene: 9, audio_mode: 0, stream_type: 3, output_flags: 0x800, input_source: 0, input_flags: 0x800; network_info: 0, enhancement_feature_mask: 0x0
03-09 14:32:09.067   896 17709 D AudioALSAHardware: UpdateScenceToDsp(), mInputScence = 0, mOutputScence = 0, attribute_out->sample_rate = 48000
03-09 14:32:09.067   896 17709 D AudioALSAHardware: UpdateMultiRecordScenceToDsp(), mInputScence = 0, mOutputScence = 0
03-09 14:32:09.067   896 17709 D AudioALSAHardware: UpdateVoicePlaybackScenceToDsp(), OutputGetScence = 0  , isModeInVoipCall = 0 , isModeInPhoneCall = 0
03-09 14:32:09.067   896 17709 D oplus_audio_config: oplus_get_config(),unkonw config
03-09 14:32:09.067   896 17709 D oplus_audio_config: oplus_is_config_support(),param null
03-09 14:32:09.067   896 17709 D AudioUtility: setupCustomInfoStr(), custom_info = "SetAudioCustomScene=;", (scene = , vol_level = -1, bt_codec = -1)
03-09 14:32:09.067   896 17709 D AudioDspStreamManager: CreateAurisysLibManager(), custom_info = SetAudioCustomScene=;, voip = 0
03-09 14:32:09.067   896 17709 D aurisys_utility: lib, working fs: 48000, fmt: 0x4, frame = 0, b_interleave = 1, num_ul_ref_buf_array = 0, num_dl_ref_buf_array = 0
03-09 14:32:09.067   896 17709 D aurisys_utility: dl in[type:2], ch: 2, ch_mask: 0x3, buf fs: 48000, buf content fs: 48000, fmt: 0x4; dl out[type:3], ch: 2, ch_mask: 0x3, buf fs: 48000, buf content fs: 48000, fmt: 0x4
03-09 14:32:09.067   896 17709 I [Awinic]: aw_skt_arsi_query_param_buf_size_by_custom_info:cust_scene[0] ---> aw_scene[0]
03-09 14:32:09.067   896 17709 I [Awinic]: aw_skt_arsi_query_param_buf_size_by_custom_info:aw_scene[Music] params len is 10376
03-09 14:32:09.067   896 17709 I [Awinic]: aw_skt_arsi_parsing_param_file_by_custom_info:cust_scene[0] ---> aw_scene[0]
03-09 14:32:09.067   896 17709 I [Awinic]: aw_skt_arsi_parsing_param_file_by_custom_info:load aw_scene[Music] params done
03-09 14:32:09.067   896 17709 D aurisys_lib_handler: aurisys_arsi_parsing_param_file(), gProductInfo "platform=MT6853,device=RMX2117L1,model=RMX2117", file_path "/odm/etc/audio/awinic", enhancement_mode 0, param_buf_size 10376, data_size 10376, custom_info SetAudioCustomScene=;
03-09 14:32:09.067   896 17709 D audio_messenger_ipi: hal send, task: 9, msg_id: 0x15, ack_type: 1, p1: 0x2b84, p2: 0x0, dma sz: 0, idx: 0, hal sz: 11140
03-09 14:32:09.075   896 13261 I EffectsFactory: Effect_Command(): self = 0xf3488ba0, cmdCode = 5
03-09 14:32:09.076 19181 19316 D AudioManagerExtImpl: getStreamVolume packageName=com.google.android.googlequicksearchbox, index=16, streamType=3
03-09 14:32:09.076   896 13261 D DlbDlbEffect: handle_EFFECT_CMD_SET_PARAM()
03-09 14:32:09.085  4251 18322 I AudioEffect: getParameter: param: 167772165, param2: -1
03-09 14:32:09.085   896 13261 I EffectsFactory: Effect_Command(): self = 0xf3488ba0, cmdCode = 8
03-09 14:32:09.091   950   974 V DolbyManagerService: doOnDapParamUpdate() entry
03-09 14:32:09.091   896   967 D DlbEffectContext: onDapParamUpdate()
03-09 14:32:09.092  4251 18322 I AudioEffect: setParameter(): 0xb400007079e6a300, param: 5, param2: -1
03-09 14:32:09.092   950   974 V DolbyManagerService: doOnDapParamUpdate() exit
03-09 14:32:09.092   896 17709 D AudioALSADeviceConfigManager: ApplyDeviceTurnonSequenceByName() DeviceName = I2S0_TO_CAPTURE4 descriptor->DeviceStatusCounte = 0
03-09 14:32:09.092   896   967 I EffectsFactory: Effect_Command(): self = 0xf3488ba0, cmdCode = 5
03-09 14:32:09.092   896   967 D DlbDlbEffect: handle_EFFECT_CMD_SET_PARAM()
03-09 14:32:09.092   950   974 I DapController: Profile Changed to Dynamic
03-09 14:32:09.092  4251 18322 I AudioEffect: getParameter: param: 2, param2: -1
03-09 14:32:09.093   896   967 I EffectsFactory: Effect_Command(): self = 0xf3488ba0, cmdCode = 8
03-09 14:32:09.093   896 17709 D AudioALSADeviceConfigManager: ApplyDeviceTurnonSequenceByName() DeviceName = PLAYBACK4_TO_ADDA_DL descriptor->DeviceStatusCounte = 0
03-09 14:32:09.093  4251 18322 I AudioEffect: getParameter: param: 4, param2: -1
03-09 14:32:09.093   896   967 I EffectsFactory: Effect_Command(): self = 0xf3488ba0, cmdCode = 8
03-09 14:32:09.094   950   950 I DMSService: getSelectedTuningDevice called with port=0.
03-09 14:32:09.095   896 17709 D AudioDspStreamManager: openPlaybackTask(), mPlaybackDlConfig: channels = 2, rate = 48000, period_size = 512, period_count = 4, format = 3, mPlaybackIVConfig: channels = 2, rate = 48000, period_size = 256, period_count = 4, format = 3, mPlaybackUlConfig: channels = 2, rate = 48000, period_size = 256, period_count = 4, format = 3, mDspConfig: channels = 2, rate = 48000, period_size = 512, period_count = 4, format = 3
03-09 14:32:09.095  4251 18322 I AudioEffect: setParameter(): 0xb400007079e6a300, param: 4, param2: -1
03-09 14:32:09.095   896   967 I EffectsFactory: Effect_Command(): self = 0xf3488ba0, cmdCode = 5
03-09 14:32:09.095   896   967 D DlbDlbEffect: handle_EFFECT_CMD_SET_PARAM()
03-09 14:32:09.098   950   974 V DolbyManagerService: doOnDapParamUpdate() entry
03-09 14:32:09.098   896   967 D DlbEffectContext: onDapParamUpdate()
03-09 14:32:09.101   896 17709 D AudioDspStreamManager: openPlaybackTask(), getDspVersion[1] not open aud_playbnack UL!!
03-09 14:32:09.103   896 17709 D AudioDspStreamManager: addPlaybackHandler() mDspStreamState = 1
03-09 14:32:09.103   896 17709 D AudioDspStreamManager: dataPasstoA2DPTask return false outputdevice = 0x2 playbckType = 10
03-09 14:32:09.103   896 17709 D AudioDspStreamManager: needOpenA2dpTask ret = 4 mDspA2DPStreamState = 0 a2dpstartflag = 0
03-09 14:32:09.103   896 17709 D AudioDspStreamManager: dataPasstoBleDlTask return false outputdevice = 0x2 playbckType = 10
03-09 14:32:09.103   896 17709 D AudioDspStreamManager: needOpenBleDlTask ret = 4 mDspBleDlStreamState = 0 startflag = 0
03-09 14:32:09.103   896 17709 D AudioDspStreamManager: checkMusicTaskStatus ret = DSP_STREAM_START
03-09 14:32:09.103   896 17709 D AudioDspStreamManager: setDspRuntimeEn(), task_scene = 13, condition = 1
03-09 14:32:09.103   896 17709 D audio_messenger_ipi: audio_ipi_dma_cbk_register(), task 13, sz 65536/65536, cbk 0xf1218eec, arg 0xf202f400
03-09 14:32:09.103   896 17709 D aurisys_utility: input dev: 0x0, fmt = 0x4, fs: 48000, max fs: 48000, ch: 2, max ch: 3, ch maks: 0xc, hw_info_mask: 0x0; output dev: 0x2, fmt = 0x4, fs: 48000, max fs: 48000, ch: 2, max ch: 2, ch maks: 0xc, hw_info_mask: 0x0; task_scene: 13, audio_mode: 0, stream_type: 3, output_flags: 0x8, input_source: 0, input_flags: 0x8; network_info: 0, enhancement_feature_mask: 0x0
03-09 14:32:09.103   896 17709 D AudioALSAHardware: UpdateScenceToDsp(), mInputScence = 0, mOutputScence = 0, attribute_out->sample_rate = 48000
03-09 14:32:09.103   896 17709 D AudioALSAHardware: UpdateMultiRecordScenceToDsp(), mInputScence = 0, mOutputScence = 0
03-09 14:32:09.103   896 17709 D AudioALSAHardware: UpdateVoicePlaybackScenceToDsp(), OutputGetScence = 0  , isModeInVoipCall = 0 , isModeInPhoneCall = 0
03-09 14:32:09.103   896 17709 D oplus_audio_config: oplus_get_config(),unkonw config
03-09 14:32:09.103   896 17709 D oplus_audio_config: oplus_is_config_support(),param null
03-09 14:32:09.103   896 17709 D AudioUtility: setupCustomInfoStr(), custom_info = "SetAudioCustomScene=;", (scene = , vol_level = -1, bt_codec = -1)
03-09 14:32:09.103   896 17709 D AudioDspStreamManager: CreateAurisysLibManager(), custom_info = SetAudioCustomScene=;, voip = 0
03-09 14:32:09.103   896 17709 D aurisys_utility: lib, working fs: 48000, fmt: 0x3, frame = 0, b_interleave = 1, num_ul_ref_buf_array = 0, num_dl_ref_buf_array = 0
03-09 14:32:09.103   896 17709 D aurisys_utility: dl in[type:2], ch: 2, ch_mask: 0x3, buf fs: 48000, buf content fs: 48000, fmt: 0x3; dl out[type:3], ch: 2, ch_mask: 0x3, buf fs: 48000, buf content fs: 48000, fmt: 0x3
03-09 14:32:09.104   896 17709 D aurisys_lib_handler: aurisys_arsi_parsing_param_file(), gProductInfo "platform=MT6853,device=RMX2117L1,model=RMX2117", file_path "/odm/etc/audio/audio_param", enhancement_mode 0, param_buf_size 128, data_size 128, custom_info SetAudioCustomScene=;
03-09 14:32:09.104   896 17709 D audio_messenger_ipi: hal send, task: 13, msg_id: 0x15, ack_type: 1, p1: 0x37c, p2: 0x0, dma sz: 0, idx: 0, hal sz: 892
03-09 14:32:09.106   896 17709 D AudioDspStreamManager: addPlaybackHandler() mDspMusicStreamState = DSP_STREAM_START
03-09 14:32:09.106   896 17709 D AudioDspStreamManager: -addPlaybackHandler(), playbackHandler = 4060279808 0xf202f400
03-09 14:32:09.106   896 17709 D AudioALSAHardwareResourceManager: +startOutputDevice(), new_devices = 0x2, mOutputDevices = 0x0, mStartOutputDevicesCount = 0 SampleRate = 48000
03-09 14:32:09.106   896 17709 D AudioALSADeviceConfigManager: ApplyDeviceTurnonSequenceByName() DeviceName = speaker_output descriptor->DeviceStatusCounte = 0
03-09 14:32:09.106   896 17709 D AudioALSADeviceConfigManager: ApplyDeviceTurnonSequenceByName() DeviceName = ext_speaker_output descriptor->DeviceStatusCounte = 0
03-09 14:32:09.118   896   967 I DlbEffectContext: updateDapParams() store iea value for device(0x40000000)
03-09 14:32:09.120   896   967 D DlbDapEndpointParamCache: commitChangedParams()
03-09 14:32:09.120   896   967 D DlbDapEndpointParamCache: commit() Applying parameters for device 0x40000000
03-09 14:32:09.120   896   967 D DlbDap2Process: setParam(iea = #1[11])
03-09 14:32:09.120   896   967 D DlbDap2Process: setParam(msce = #1[1])
03-09 14:32:09.120   896   967 D DlbDap2Process: setParam(miee = #1[1])
03-09 14:32:09.120   896   967 D DlbDap2Process: setMave(mave = 1)
03-09 14:32:09.120   896   967 D DlbDap2Process: setParam(mave = #1[1])
03-09 14:32:09.120   896   967 D DlbDap2Process: setParam(ieon = #1[0])
03-09 14:32:09.120   896   967 D DlbDapEndpointParamCache: doCommit() Committed 6 parameters out of 13.
03-09 14:32:09.120   896   967 D DlbDapEndpointParamCache: commit() Overriding parameters for current device 0x00000002
03-09 14:32:09.120   896   967 D DlbDap2Process: setParam(dea = #1[5])
03-09 14:32:09.120   896   967 D DlbDap2Process: setParam(vmb = #1[16])
03-09 14:32:09.120   896   967 D DlbDap2Process: setParam(dvla = #1[0])
03-09 14:32:09.120   896   967 D DlbDapEndpointParamCache: doCommit() Committed 3 parameters out of 51.
03-09 14:32:09.120   950   974 V DolbyManagerService: doOnDapParamUpdate() exit
03-09 14:32:09.120   950   974 D DlbDatabaseProvider: Found existing tuning[speaker_music] from cache device[default_internal_speaker]
03-09 14:32:09.121   950   974 D DsContext: Complete setting port[internal_speaker] use tuning device[default_internal_speaker]
03-09 14:32:09.121   950   974 V DolbyManagerService: doOnDapParamUpdate() entry
03-09 14:32:09.121   896   967 D DlbEffectContext: onDapParamUpdate()
03-09 14:32:09.125   896   967 I DlbEffectContext: updateDapParams() store iea value for device(0x40000000)
03-09 14:32:09.126   896   967 D DlbDapEndpointParamCache: commitChangedParams()
03-09 14:32:09.126   896   967 D DlbDapEndpointParamCache: commit() Applying parameters for device 0x40000000
03-09 14:32:09.126   896   967 D DlbDapEndpointParamCache: doCommit() Committed 0 parameters out of 13.
03-09 14:32:09.126   896   967 D DlbDapEndpointParamCache: commit() Overriding parameters for current device 0x00000002
03-09 14:32:09.126   896   967 D DlbDap2Process: setParam(dvlc = #1[0])
03-09 14:32:09.126   896   967 D DlbDapEndpointParamCache: doCommit() Committed 1 parameters out of 51.
03-09 14:32:09.126   950   974 V DolbyManagerService: doOnDapParamUpdate() exit
03-09 14:32:09.136   896 17709 D AudioDspStreamManager: +startDevice() Devices 0x2 mOutputDeviceCount 0x0
03-09 14:32:09.136   896 17709 D AudioDspStreamManager: dataPassToCodec output_devices = 0x2 mAudioOutputFlags = 8 devicecount = 1 ret = 1
03-09 14:32:09.136   896 17709 D AudioDspStreamManager: dataPasstoDspAfe output_devices = 0x2 Flags = 8 isUseAdspPlaybackTask = 1 ret = 1
03-09 14:32:09.136   896 17709 D AudioDspStreamManager: needStartPlaybackTask mDspTaskPlaybackActive = 0 dspstartflag = 1 dsp_recovery_mode 0
03-09 14:32:09.136   896 17709 D AudioDspStreamManager: +startPlaybackTask
03-09 14:32:09.137   896 17709 D AudioDspStreamManager: startTasks_l() mDspStreamState = DSP_STREAM_START
03-09 14:32:09.137   896 17709 D AudioDspStreamManager: dataPasstoA2DPTask return false outputdevice = 0x2 playbckType = 10
03-09 14:32:09.137   896 17709 D AudioDspStreamManager: needStartA2dpTask mDspA2DPStreamState = 0 mDspTaskA2DPActive[0] dspstartflag[0]
03-09 14:32:09.137   896 17709 D AudioDspStreamManager: dataPasstoBleDlTask return false outputdevice = 0x2 playbckType = 10
03-09 14:32:09.137   896 17709 D AudioDspStreamManager: needStartBleDlTask mDspBleDlStreamState = 0 mDspTaskBleDlActive[0] dspstartflag[0]
03-09 14:32:09.137   896 17709 D AudioALSAHardwareResourceManager: notifyOutputDeviceStatusChange(), device = 2, status = 0, sampleRate = 48000, mOpenSpeakerPathCount = 1
03-09 14:32:09.137   896 17709 D AudioALSAStreamManager: speakerStatusChangeCb(), status = 0, sampleRate = 48000
03-09 14:32:09.137   896 17709 D AudioALSAStreamOut: reduceAw87339PAOutputVoltage: ActiveOutputStreamNum = 1, flag = 1
03-09 14:32:09.137   896 17709 D AudioALSAStreamOut: reduceAw87339PAOutputVoltage: open set spk output low voltage Off
03-09 14:32:09.137   896 17709 D AudioALSAPlaybackHandlerDsp: setScreenState, flag 0x8, 0.000000, mode = 1 , buffer_size = 16384, channel 2, format4 reduceInterruptSize = 1024
03-09 14:32:09.138   896 17709 E AudioALSAPlaybackHandlerBase: -getHardwareBufferInfo(), pcm_get_htimestamp fail, ret = -1, pcm_get_error =  flag = 0x8
03-09 14:32:09.139   896   967 I EffectsFactory: Effect_Command(): self = 0xf3488ba0, cmdCode = 5
03-09 14:32:09.139   896   967 D DlbDlbEffect: handle_EFFECT_CMD_SET_PARAM()
03-09 14:32:09.139   896   967 D DlbEffectContext: setPregain(volume=16777216)
03-09 14:32:09.139   896   967 D DlbEffectContext: transformExternalGain() fVol:1.000000 extVal:0
03-09 14:32:09.139   896   967 D DlbDapEndpointParamCache: commitChangedParams()
03-09 14:32:09.139   896   967 D DlbDapEndpointParamCache: commit() Applying parameters for device 0x40000000
03-09 14:32:09.139   896   967 D DlbDap2Process: setParam(preg = #1[0])
03-09 14:32:09.139   896   967 D DlbDapEndpointParamCache: doCommit() Committed 1 parameters out of 13.
03-09 14:32:09.139   896   967 D DlbDapEndpointParamCache: commit() Overriding parameters for current device 0x00000002
03-09 14:32:09.139   896   967 D DlbDapEndpointParamCache: doCommit() Committed 0 parameters out of 51.
03-09 14:32:09.140  1015  1546 D AudioFlinger_Threads: 0xb400007a4a40db80:threadLoop_write write data to hw, mixerStatus 2, muted count 1
03-09 14:32:09.140  1015  1546 D AFExtImpl: checkTrackBuffer1() track 0xb400007a62656200 get INFO from NEW, channelCount 1, pid 23335
03-09 14:32:09.140  1015  1546 V ListServiceUtils: checkInListByPid module:audiodetect-list pid:23335 cost 135us return 0
03-09 14:32:09.140  1015  1546 D AFExtImpl: initFromProperty() 0xb400007a62746c80, sAdSwitch 0, typeCheck 0, logdumpEnable 0, pcmdumpEnable 0, trackPid 23335
03-09 14:32:09.140  1195 24785 D AudioTrack: getTimestamp_l(56): device stall time corrected using current time 72519202648859
03-09 14:32:09.141   896 17733 D DlbDapEndpointParamCache: commitChangedParams()
03-09 14:32:09.141   896 17733 D DlbDapEndpointParamCache: commit() Applying parameters for device 0x40000000
03-09 14:32:09.141   896 17733 D DlbDapEndpointParamCache: doCommit() Committed 0 parameters out of 13.
03-09 14:32:09.141   896 17733 D DlbDapEndpointParamCache: commit() Overriding parameters for current device 0x00000002
03-09 14:32:09.141   896 17733 D DlbDapEndpointParamCache: doCommit() Committed 0 parameters out of 51.
03-09 14:32:09.239  1015  1546 D AudioFlinger_Threads: mixer(0xb400007a4a40db80) throttle end: throttle time(34)
03-09 14:32:10.469  1360  1849 D BufferPoolAccessor2.0: bufferpool2 0xb400007e04c78a28 : 0(0 size) total buffers - 0(0 size) used buffers - 245/246 (recycle/alloc) - 1/246 (fetch/transfer)
03-09 14:32:10.469  1195 27487 D BufferPoolAccessor2.0: bufferpool2 0xf1e07658 : 0(0 size) total buffers - 0(0 size) used buffers - 347/352 (recycle/alloc) - 5/694 (fetch/transfer)
03-09 14:32:10.469  1195 27487 D BufferPoolAccessor2.0: evictor expired: 1, evicted: 1
03-09 14:32:10.469  1360  1849 D BufferPoolAccessor2.0: evictor expired: 2, evicted: 1
03-09 14:32:10.572  1907  1974 D AES     : AEEIOCTL_GET/SET_SF_STATE IOCTL,cmd= 1074294797, lParam=0. 
03-09 14:32:10.572  1907  1974 D AES     : AEEIOCTL_RT_MON_Kick IOCTL,cmd= 2147774474, lParam=300. 
03-09 14:32:10.676  1907  2004 D OplusFeatureBrightnessBarController: mDarkLevel: 0
03-09 14:32:10.993  1907  2104 I InputReader: theia saupwkProcessKey
03-09 14:32:10.993  1907  2104 I InputReader: theia start saupwkProcessKey
03-09 14:32:10.993  1907  2104 E system_server: [theia_saupwk] start saupwkProcessKey
03-09 14:32:10.995  1907  2104 D OplusKeyCombinationManager: down true keyCode 25 count 0 interactive true eventTime 72521055 mDownTimes: {}
03-09 14:32:10.996  1907  2104 W ContextImpl: Calling a method in the system process without a qualified user: android.app.ContextImpl.sendBroadcast:1177 com.android.server.policy.PhoneWindowManagerExtImpl.overrideInterceptKeyBeforeQueueing:985 com.android.server.policy.SubPhoneWindowManager.interceptKeyBeforeQueueing:48 com.android.server.wm.InputManagerCallback.interceptKeyBeforeQueueing:149 com.android.server.input.InputManagerService.interceptKeyBeforeQueueing:2897 
03-09 14:32:10.997  2459  2476 I EventManager: scanCode 114
03-09 14:32:10.998  1907  2104 D PhoneWindowManagerExtImpl: interceptKeyBeforeQueueing:KeyEvent { action=ACTION_DOWN, keyCode=KEYCODE_VOLUME_DOWN, scanCode=114, metaState=0, flags=0x8, repeatCount=0, eventTime=72521055, downTime=72521055, deviceId=2, source=0x101, displayId=-1 },mSosPowerKeyEnabled = true,mWalletSwitchState = 2,mIsQuickLaunchSupport = false
03-09 14:32:10.998  1907  2104 I OplusJoystickManager: read game pad state for game manager -> false
03-09 14:32:10.998  1907  2104 W OplusJoystickManager: mInterceptGamepadKey is false
03-09 14:32:10.999  1907  2104 D KeyCombinationManager: down true keyCode 25 count 0 interactive true eventTime 72521055 mDownTimes: {}
03-09 14:32:11.001  1907  1968 D CompatibilityChangeReporter: Compat change id reported: 173031413; UID 1000; state: ENABLED
03-09 14:32:11.168  1907  5235 D MediaSessionService: dispatchVolumeKeyEvent, pkg=com.ss.arap, opPkg=com.ss.arap, pid=23335, uid=10659, asSystem=true, event=KeyEvent { action=ACTION_DOWN, keyCode=KEYCODE_VOLUME_DOWN, scanCode=114, metaState=0, flags=0x8, repeatCount=0, eventTime=72521055, downTime=72521055, deviceId=2, source=0x101, displayId=-1 }, stream=-2147483648, musicOnly=false
03-09 14:32:11.168  1907  5235 D MediaSessionService: Adjusting suggestedStream=-2147483648 by -1. flags=4113, preferSuggestedStream=false, session=null
03-09 14:32:11.177  1907  1907 D AudioServiceExtImpl: ringVolumeDefault :0
03-09 14:32:11.179  1907  1907 D AudioServiceExtImpl: oplusGetParameters() keyValuePairs:OPLUS_AUDIO_GET_ADJUSTVOLUME_FORBIDUid: 1000
03-09 14:32:11.183  5030  5030 V DeepThinker: BroadcastReceiverWrapper: onReceive, start dispatch android.media.VOLUME_CHANGED_ACTION
03-09 14:32:11.188  5030  5030 V DeepThinker: BroadcastReceiverWrapper: onReceive, start dispatch android.media.VOLUME_CHANGED_ACTION
03-09 14:32:11.191  5030  5030 V DeepThinker: BroadcastReceiverWrapper: onReceive, start dispatch android.media.VOLUME_CHANGED_ACTION
03-09 14:32:11.195  1015 13435 D APM_AudioPolicyManager: setVolumeCurveIndex device 00000002, index 15
03-09 14:32:11.195  5030  5030 V DeepThinker: BroadcastReceiverWrapper: onReceive, start dispatch android.media.VOLUME_CHANGED_ACTION
03-09 14:32:11.195  2489  2713 I vol.Events: writeEvent active_stream_changed STREAM_MUSIC
03-09 14:32:11.195  2489  2713 D AudioManager: forceVolumeControlStream streamType=3 from com.android.systemui
03-09 14:32:11.195  1015 13435 D APM::AudioOutputDescriptor: setVolume output 21 for volumeSource 6, volume -7.000000, delay 0 stream=AUDIO_STREAM_MUSIC
03-09 14:32:11.197  1015  1251 D AudioFlinger: setStreamVolume() stream 3 value 0.446684 output 21
03-09 14:32:11.198  1015  1251 D AudioSystem: +setParameters(): volumeDevice=2;volumeIndex=15;volumeStreamType=3 
03-09 14:32:11.198  1015  1251 D AudioFlingerExtImpl: AudioFlingerExtImpl oplusSetParameters: keyvalue volumeDevice=2;volumeIndex=15;volumeStreamType=3
03-09 14:32:11.199   896   967 D AudioALSAStreamOut: +setParameters(): flag 2, volumeDevice=2;volumeIndex=15;volumeStreamType=3
03-09 14:32:11.199   896   967 D oplus_audio_config: oplus_get_config(),unkonw config
03-09 14:32:11.199   896   967 D oplus_audio_config: oplus_is_config_support(),param null
03-09 14:32:11.199   896   967 D AudioMTKGainController: setNormalVolume: ActiveOutputStreamNum = 0
03-09 14:32:11.199   896   967 D AudioMTKGainController: setNormalVolume(), mSceneIndex = 0, stream 3, devices 0x2, index 15, mode 0x0, gainDevice 0x2
03-09 14:32:11.199   896   967 D AudioMTKGainController: setSpeakerGain(), gain = 9, spkAnaType = 3
03-09 14:32:11.199   896   967 D AudioALSAStreamManager: setVolumeIndex() stream= 3, device= 2, index= f
03-09 14:32:11.201  1015 13435 D APM_AudioPolicyManager: setVolumeCurveIndex device 00000002, index 14
03-09 14:32:11.202   896   967 I EffectsFactory: Effect_Command(): self = 0xf3488ba0, cmdCode = 5
03-09 14:32:11.202   896   967 D DlbDlbEffect: handle_EFFECT_CMD_SET_PARAM()
03-09 14:32:11.202   896   967 D DlbEffectContext: setPregain(volume=7494120)
03-09 14:32:11.202   896   967 D DlbEffectContext: transformExternalGain() fVol:0.446684 extVal:-111
03-09 14:32:11.203   896   967 D DlbDapEndpointParamCache: commitChangedParams()
03-09 14:32:11.203   896   967 D DlbDapEndpointParamCache: commit() Applying parameters for device 0x40000000
03-09 14:32:11.203   896   967 D DlbDap2Process: setParam(preg = #1[-111])
03-09 14:32:11.203   896   967 D DlbDapEndpointParamCache: doCommit() Committed 1 parameters out of 13.
03-09 14:32:11.203   896   967 D DlbDapEndpointParamCache: commit() Overriding parameters for current device 0x00000002
03-09 14:32:11.203   896   967 D DlbDapEndpointParamCache: doCommit() Committed 0 parameters out of 51.
03-09 14:32:11.203  1015 13435 D APM_AudioPolicyManager: setVolumeCurveIndex device 00000002, index 14
03-09 14:32:11.205   896 17733 D DlbDapEndpointParamCache: commitChangedParams()
03-09 14:32:11.205   896 17733 D DlbDapEndpointParamCache: commit() Applying parameters for device 0x40000000
03-09 14:32:11.205   896 17733 D DlbDapEndpointParamCache: doCommit() Committed 0 parameters out of 13.
03-09 14:32:11.205   896 17733 D DlbDapEndpointParamCache: commit() Overriding parameters for current device 0x00000002
03-09 14:32:11.205   896 17733 D DlbDapEndpointParamCache: doCommit() Committed 0 parameters out of 51.
03-09 14:32:11.205  1015 13435 D APM_AudioPolicyManager: setVolumeCurveIndex device 00000002, index 15
03-09 14:32:11.205   896 17733 D DlbDap2Process: process() called [660000] times
03-09 14:32:11.206  1907  1907 D AudioManagerExtImpl: getStreamVolume packageName=android, index=15, streamType=3
03-09 14:32:11.207  2489  2713 I vol.Events: writeEvent level_changed STREAM_MUSIC 15
03-09 14:32:11.210  2489  2713 I vol.Events: writeEvent key STREAM_MUSIC 15
03-09 14:32:11.216  1021  1073 I SurfaceFlinger: [SF client] NEW(0xb4000078f22c2120) for (2489:com.android.systemui)
03-09 14:32:11.221  2489  2489 D WindowManager: Add to mViews: DecorView@3efd879[VolumeDialogImplEx],pkg= null
03-09 14:32:11.231  2489  2489 D ViewRootImpl[VolumeDialogImplEx]: hardware acceleration = true, sRendererEnabled = true, forceHwAccelerated = false
03-09 14:32:11.234  1907  4241 E WindowManager: makeSurface WindowToken{cbdf13 android.os.BinderProxy@1681a02} windowType 2020
03-09 14:32:11.236  1021  1073 D SurfaceFlinger: addClientLayer(114): seq(3503) name,WindowToken{cbdf13 android.os.BinderProxy@1681a02}#0
03-09 14:32:11.239  1021  1073 D SurfaceFlinger: addClientLayer(115): seq(3504) name,77f550 VolumeDialogImplEx#0
03-09 14:32:11.246  2489  2489 I vol.Events: writeEvent show_dialog volume_changed keyguard=false
03-09 14:32:11.252  1021  1073 I BufferQueueDebug: [VolumeDialogImplEx#0](this:0xb4000078e4ac0a40,id:-1,api:0,p:-1,c:-1) BufferQueue core=(1021:/system/bin/surfaceflinger)
03-09 14:32:11.252  1021  1073 D SurfaceFlinger: addClientLayer(116): seq(3505) name,VolumeDialogImplEx#0
03-09 14:32:11.258  1021  1073 D OplusSurfaceFlinger: SCLTM hint=0x0, isSCLTMLayer=0
03-09 14:32:11.259  2489  2489 I BufferQueueConsumer: [](id:9b9000000c5,api:0,p:-1,c:2489) connect: controlledByApp=false
03-09 14:32:11.260  2489  2489 I BLASTBufferQueue: [ViewRootImpl[VolumeDialogImplEx]#197] constructor()
03-09 14:32:11.261  2489  2489 V ZoomWindowDecorView: setLastReportedMergedConfiguration mZoomDisplayHeight: 2400 getDecorView.66050169
03-09 14:32:11.266  2489  2878 I BufferQueueProducer: [ViewRootImpl[VolumeDialogImplEx]#197(BLAST Consumer)197](id:9b9000000c5,api:1,p:2489,c:2489) connect: api=1 producerControlledByApp=true
03-09 14:32:11.282  1021  1021 D OplusLayer: setBuffer sequence=3505, name=VolumeDialogImplEx#0
03-09 14:32:11.282  1021  1021 I OplusLayer: VRR [FRTC] update from -1 to 0
03-09 14:32:11.282  2489  2510 D SurfaceComposerClient: VRR [FRTC] client handle [bufferId:18446744073709551615 framenumber:0] [ffffffff, ffffffff]
03-09 14:32:11.288  1907  1971 E system_server: No package ID ff found for ID 0xffffffff.
03-09 14:32:11.402  1907  5235 D MediaSessionService: dispatchVolumeKeyEvent, pkg=com.ss.arap, opPkg=com.ss.arap, pid=23335, uid=10659, asSystem=true, event=KeyEvent { action=ACTION_DOWN, keyCode=KEYCODE_VOLUME_DOWN, scanCode=114, metaState=0, flags=0x88, repeatCount=1, eventTime=72521455, downTime=72521055, deviceId=2, source=0x101, displayId=-1 }, stream=-2147483648, musicOnly=false
03-09 14:32:11.402  1907  5235 D MediaSessionService: Adjusting suggestedStream=-2147483648 by -1. flags=4113, preferSuggestedStream=false, session=null
03-09 14:32:11.405  1907  1907 D AudioServiceExtImpl: ringVolumeDefault :0
03-09 14:32:11.406  1907  1907 D AudioServiceExtImpl: oplusGetParameters() keyValuePairs:OPLUS_AUDIO_GET_ADJUSTVOLUME_FORBIDUid: 1000
03-09 14:32:11.409  5030  5030 V DeepThinker: BroadcastReceiverWrapper: onReceive, start dispatch android.media.VOLUME_CHANGED_ACTION
03-09 14:32:11.410  5030  5030 V DeepThinker: BroadcastReceiverWrapper: onReceive, start dispatch android.media.VOLUME_CHANGED_ACTION
03-09 14:32:11.414  5030  5030 V DeepThinker: BroadcastReceiverWrapper: onReceive, start dispatch android.media.VOLUME_CHANGED_ACTION
03-09 14:32:11.415  1015 13435 D APM_AudioPolicyManager: setVolumeCurveIndex device 00000002, index 14
03-09 14:32:11.416  5030  5030 V DeepThinker: BroadcastReceiverWrapper: onReceive, start dispatch android.media.VOLUME_CHANGED_ACTION
03-09 14:32:11.417  1015 13435 D APM::AudioOutputDescriptor: setVolume output 21 for volumeSource 6, volume -9.000001, delay 0 stream=AUDIO_STREAM_MUSIC
03-09 14:32:11.418  1015  1251 D AudioFlinger: setStreamVolume() stream 3 value 0.354814 output 21
03-09 14:32:11.419  1015  1251 D AudioSystem: +setParameters(): volumeDevice=2;volumeIndex=14;volumeStreamType=3 
03-09 14:32:11.419  1015  1251 D AudioFlingerExtImpl: AudioFlingerExtImpl oplusSetParameters: keyvalue volumeDevice=2;volumeIndex=14;volumeStreamType=3
03-09 14:32:11.420   896   967 D AudioALSAStreamOut: +setParameters(): flag 2, volumeDevice=2;volumeIndex=14;volumeStreamType=3
03-09 14:32:11.420   896   967 D oplus_audio_config: oplus_get_config(),unkonw config
03-09 14:32:11.420   896   967 D oplus_audio_config: oplus_is_config_support(),param null
03-09 14:32:11.420   896   967 D AudioMTKGainController: setNormalVolume: ActiveOutputStreamNum = 0
03-09 14:32:11.420   896   967 D AudioMTKGainController: setNormalVolume(), mSceneIndex = 0, stream 3, devices 0x2, index 14, mode 0x0, gainDevice 0x2
03-09 14:32:11.420   896   967 D AudioMTKGainController: setSpeakerGain(), gain = 9, spkAnaType = 3
03-09 14:32:11.420   896   967 D AudioALSAStreamManager: setVolumeIndex() stream= 3, device= 2, index= e
03-09 14:32:11.421  1015  2182 D APM_AudioPolicyManager: setVolumeCurveIndex device 00000002, index 13
03-09 14:32:11.422  1015  2182 D APM_AudioPolicyManager: setVolumeCurveIndex device 00000002, index 13
03-09 14:32:11.424  1015  2182 D APM_AudioPolicyManager: setVolumeCurveIndex device 00000002, index 14
03-09 14:32:11.425  1907  1907 D AudioManagerExtImpl: getStreamVolume packageName=android, index=14, streamType=3
03-09 14:32:11.425  2489  2713 I vol.Events: writeEvent level_changed STREAM_MUSIC 14
03-09 14:32:11.426  2489  2713 I vol.Events: writeEvent key STREAM_MUSIC 14
03-09 14:32:11.449  1907  4241 D MediaSessionService: dispatchVolumeKeyEvent, pkg=com.ss.arap, opPkg=com.ss.arap, pid=23335, uid=10659, asSystem=true, event=KeyEvent { action=ACTION_DOWN, keyCode=KEYCODE_VOLUME_DOWN, scanCode=114, metaState=0, flags=0x8, repeatCount=2, eventTime=72521506, downTime=72521055, deviceId=2, source=0x101, displayId=-1 }, stream=-2147483648, musicOnly=false
03-09 14:32:11.449  1907  4241 D MediaSessionService: Adjusting suggestedStream=-2147483648 by -1. flags=4113, preferSuggestedStream=false, session=null
03-09 14:32:11.454  1907  1907 D AudioServiceExtImpl: ringVolumeDefault :0
03-09 14:32:11.454  1907  1907 D AudioServiceExtImpl: oplusGetParameters() keyValuePairs:OPLUS_AUDIO_GET_ADJUSTVOLUME_FORBIDUid: 1000
03-09 14:32:11.457  5030  5030 V DeepThinker: BroadcastReceiverWrapper: onReceive, start dispatch android.media.VOLUME_CHANGED_ACTION
03-09 14:32:11.458   896   967 I EffectsFactory: Effect_Command(): self = 0xf3488ba0, cmdCode = 5
03-09 14:32:11.459   896   967 D DlbDlbEffect: handle_EFFECT_CMD_SET_PARAM()
03-09 14:32:11.459   896   967 D DlbEffectContext: setPregain(volume=5952794)
03-09 14:32:11.459   896   967 D DlbEffectContext: transformExternalGain() fVol:0.354814 extVal:-143
03-09 14:32:11.459   896   967 D DlbDapEndpointParamCache: commitChangedParams()
03-09 14:32:11.459   896   967 D DlbDapEndpointParamCache: commit() Applying parameters for device 0x40000000
03-09 14:32:11.459   896   967 D DlbDap2Process: setParam(preg = #1[-143])
03-09 14:32:11.459   896   967 D DlbDapEndpointParamCache: doCommit() Committed 1 parameters out of 13.
03-09 14:32:11.459   896   967 D DlbDapEndpointParamCache: commit() Overriding parameters for current device 0x00000002
03-09 14:32:11.459   896   967 D DlbDapEndpointParamCache: doCommit() Committed 0 parameters out of 51.
03-09 14:32:11.461  5030  5030 V DeepThinker: BroadcastReceiverWrapper: onReceive, start dispatch android.media.VOLUME_CHANGED_ACTION
03-09 14:32:11.469  5030  5030 V DeepThinker: BroadcastReceiverWrapper: onReceive, start dispatch android.media.VOLUME_CHANGED_ACTION
03-09 14:32:11.470  1015  2182 D APM_AudioPolicyManager: setVolumeCurveIndex device 00000002, index 13
03-09 14:32:11.470  1015  2182 D APM::AudioOutputDescriptor: setVolume output 21 for volumeSource 6, volume -10.000000, delay 0 stream=AUDIO_STREAM_MUSIC
03-09 14:32:11.470  5030  5030 V DeepThinker: BroadcastReceiverWrapper: onReceive, start dispatch android.media.VOLUME_CHANGED_ACTION
03-09 14:32:11.471  1015  1251 D AudioFlinger: setStreamVolume() stream 3 value 0.316229 output 21
03-09 14:32:11.471  1015  1251 D AudioSystem: +setParameters(): volumeDevice=2;volumeIndex=13;volumeStreamType=3 
03-09 14:32:11.471 24592 24624 E Parcel  : Reading a NULL string not supported here.
03-09 14:32:11.472  1015  1251 D AudioFlingerExtImpl: AudioFlingerExtImpl oplusSetParameters: keyvalue volumeDevice=2;volumeIndex=13;volumeStreamType=3
03-09 14:32:11.472   896   967 D AudioALSAStreamOut: +setParameters(): flag 2, volumeDevice=2;volumeIndex=13;volumeStreamType=3
03-09 14:32:11.472   896   967 D oplus_audio_config: oplus_get_config(),unkonw config
03-09 14:32:11.472   896   967 D oplus_audio_config: oplus_is_config_support(),param null
03-09 14:32:11.472   896   967 D AudioMTKGainController: setNormalVolume: ActiveOutputStreamNum = 0
03-09 14:32:11.472   896   967 D AudioMTKGainController: setNormalVolume(), mSceneIndex = 0, stream 3, devices 0x2, index 13, mode 0x0, gainDevice 0x2
03-09 14:32:11.472   896   967 D AudioMTKGainController: setSpeakerGain(), gain = 9, spkAnaType = 3
03-09 14:32:11.472   896   967 D AudioALSAStreamManager: setVolumeIndex() stream= 3, device= 2, index= d
03-09 14:32:11.473  1015  2182 D APM_AudioPolicyManager: setVolumeCurveIndex device 00000002, index 12
03-09 14:32:11.474  1015  2182 D APM_AudioPolicyManager: setVolumeCurveIndex device 00000002, index 12
03-09 14:32:11.476  1015  2182 D APM_AudioPolicyManager: setVolumeCurveIndex device 00000002, index 13
03-09 14:32:11.476  1907  1907 D AudioManagerExtImpl: getStreamVolume packageName=android, index=13, streamType=3
03-09 14:32:11.476  2489  2713 I vol.Events: writeEvent level_changed STREAM_MUSIC 13
03-09 14:32:11.477  2489  2713 I vol.Events: writeEvent key STREAM_MUSIC 13
03-09 14:32:11.500  1907  4241 D MediaSessionService: dispatchVolumeKeyEvent, pkg=com.ss.arap, opPkg=com.ss.arap, pid=23335, uid=10659, asSystem=true, event=KeyEvent { action=ACTION_DOWN, keyCode=KEYCODE_VOLUME_DOWN, scanCode=114, metaState=0, flags=0x8, repeatCount=3, eventTime=72521557, downTime=72521055, deviceId=2, source=0x101, displayId=-1 }, stream=-2147483648, musicOnly=false
03-09 14:32:11.500  1907  4241 D MediaSessionService: Adjusting suggestedStream=-2147483648 by -1. flags=4113, preferSuggestedStream=false, session=null
03-09 14:32:11.501   896   967 I EffectsFactory: Effect_Command(): self = 0xf3488ba0, cmdCode = 5
03-09 14:32:11.501   896   967 D DlbDlbEffect: handle_EFFECT_CMD_SET_PARAM()
03-09 14:32:11.501   896   967 D DlbEffectContext: setPregain(volume=5305434)
03-09 14:32:11.501   896   967 D DlbEffectContext: transformExternalGain() fVol:0.316229 extVal:-159
03-09 14:32:11.501   896   967 D DlbDapEndpointParamCache: commitChangedParams()
03-09 14:32:11.501   896   967 D DlbDapEndpointParamCache: commit() Applying parameters for device 0x40000000
03-09 14:32:11.501   896   967 D DlbDap2Process: setParam(preg = #1[-159])
03-09 14:32:11.501   896   967 D DlbDapEndpointParamCache: doCommit() Committed 1 parameters out of 13.
03-09 14:32:11.501   896   967 D DlbDapEndpointParamCache: commit() Overriding parameters for current device 0x00000002
03-09 14:32:11.502   896   967 D DlbDapEndpointParamCache: doCommit() Committed 0 parameters out of 51.
03-09 14:32:11.503  1907  1907 D AudioServiceExtImpl: ringVolumeDefault :0
03-09 14:32:11.504  1907  1907 D AudioServiceExtImpl: oplusGetParameters() keyValuePairs:OPLUS_AUDIO_GET_ADJUSTVOLUME_FORBIDUid: 1000
03-09 14:32:11.507  5030  5030 V DeepThinker: BroadcastReceiverWrapper: onReceive, start dispatch android.media.VOLUME_CHANGED_ACTION
03-09 14:32:11.509  5030  5030 V DeepThinker: BroadcastReceiverWrapper: onReceive, start dispatch android.media.VOLUME_CHANGED_ACTION
