03-09 14:32:11.510  5030  5030 V DeepThinker: BroadcastReceiverWrapper: onReceive, start dispatch android.media.VOLUME_CHANGED_ACTION
03-09 14:32:11.512  1015  2182 D APM_AudioPolicyManager: setVolumeCurveIndex device 00000002, index 12
03-09 14:32:11.512  5030  5030 V DeepThinker: BroadcastReceiverWrapper: onReceive, start dispatch android.media.VOLUME_CHANGED_ACTION
03-09 14:32:11.512  1015  2182 D APM::AudioOutputDescriptor: setVolume output 21 for volumeSource 6, volume -12.000000, delay 0 stream=AUDIO_STREAM_MUSIC
03-09 14:32:11.513  1015  1251 D AudioFlinger: setStreamVolume() stream 3 value 0.251189 output 21
03-09 14:32:11.513  1015  1251 D AudioSystem: +setParameters(): volumeDevice=2;volumeIndex=12;volumeStreamType=3 
03-09 14:32:11.513  1015  1251 D AudioFlingerExtImpl: AudioFlingerExtImpl oplusSetParameters: keyvalue volumeDevice=2;volumeIndex=12;volumeStreamType=3
03-09 14:32:11.514   896   967 D AudioALSAStreamOut: +setParameters(): flag 2, volumeDevice=2;volumeIndex=12;volumeStreamType=3
03-09 14:32:11.514   896   967 D oplus_audio_config: oplus_get_config(),unkonw config
03-09 14:32:11.514   896   967 D oplus_audio_config: oplus_is_config_support(),param null
03-09 14:32:11.514   896   967 D AudioMTKGainController: setNormalVolume: ActiveOutputStreamNum = 0
03-09 14:32:11.514   896   967 D AudioMTKGainController: setNormalVolume(), mSceneIndex = 0, stream 3, devices 0x2, index 12, mode 0x0, gainDevice 0x2
03-09 14:32:11.514   896   967 D AudioMTKGainController: setSpeakerGain(), gain = 9, spkAnaType = 3
03-09 14:32:11.514   896   967 D AudioALSAStreamManager: setVolumeIndex() stream= 3, device= 2, index= c
03-09 14:32:11.515  1015  2182 D APM_AudioPolicyManager: setVolumeCurveIndex device 00000002, index 11
03-09 14:32:11.516  1015  2182 D APM_AudioPolicyManager: setVolumeCurveIndex device 00000002, index 11
03-09 14:32:11.517  1015  2182 D APM_AudioPolicyManager: setVolumeCurveIndex device 00000002, index 12
03-09 14:32:11.518  1907  1907 D AudioManagerExtImpl: getStreamVolume packageName=android, index=12, streamType=3
03-09 14:32:11.518  2489  2713 I vol.Events: writeEvent level_changed STREAM_MUSIC 12
03-09 14:32:11.519  2489  2713 I vol.Events: writeEvent key STREAM_MUSIC 12
03-09 14:32:11.532  1269  1269 I thermal_repeater: [recvMdThermalInfo] ret=24, strLen=127,  1, 32767,,, 0, 32767, 0
03-09 14:32:11.543   896   967 I EffectsFactory: Effect_Command(): self = 0xf3488ba0, cmdCode = 5
03-09 14:32:11.543   896   967 D DlbDlbEffect: handle_EFFECT_CMD_SET_PARAM()
03-09 14:32:11.543   896   967 D DlbEffectContext: setPregain(volume=4214259)
03-09 14:32:11.543   896   967 D DlbEffectContext: transformExternalGain() fVol:0.251189 extVal:-191
03-09 14:32:11.544   896   967 D DlbDapEndpointParamCache: commitChangedParams()
03-09 14:32:11.544   896   967 D DlbDapEndpointParamCache: commit() Applying parameters for device 0x40000000
03-09 14:32:11.544   896   967 D DlbDap2Process: setParam(preg = #1[-191])
03-09 14:32:11.544   896   967 D DlbDapEndpointParamCache: doCommit() Committed 1 parameters out of 13.
03-09 14:32:11.544   896   967 D DlbDapEndpointParamCache: commit() Overriding parameters for current device 0x00000002
03-09 14:32:11.544   896   967 D DlbDapEndpointParamCache: doCommit() Committed 0 parameters out of 51.
03-09 14:32:11.550  1907  4241 D MediaSessionService: dispatchVolumeKeyEvent, pkg=com.ss.arap, opPkg=com.ss.arap, pid=23335, uid=10659, asSystem=true, event=KeyEvent { action=ACTION_DOWN, keyCode=KEYCODE_VOLUME_DOWN, scanCode=114, metaState=0, flags=0x8, repeatCount=4, eventTime=72521607, downTime=72521055, deviceId=2, source=0x101, displayId=-1 }, stream=-2147483648, musicOnly=false
03-09 14:32:11.550  1907  4241 D MediaSessionService: Adjusting suggestedStream=-2147483648 by -1. flags=4113, preferSuggestedStream=false, session=null
03-09 14:32:11.553  1907  1907 D AudioServiceExtImpl: ringVolumeDefault :0
03-09 14:32:11.553  1907  2104 I InputReader: theia saupwkProcessKey
03-09 14:32:11.553  1907  2104 I InputReader: theia start saupwkProcessKey
03-09 14:32:11.553  1907  2104 E system_server: [theia_saupwk] start saupwkProcessKey
03-09 14:32:11.554  1907  2104 D OplusKeyCombinationManager: down false keyCode 25 count 0 interactive true eventTime 72521615 mDownTimes: {25=72521055}
03-09 14:32:11.554  1907  2104 D PhoneWindowManagerExtImpl: interceptKeyBeforeQueueing:KeyEvent { action=ACTION_UP, keyCode=KEYCODE_VOLUME_DOWN, scanCode=114, metaState=0, flags=0x8, repeatCount=0, eventTime=72521615, downTime=72521055, deviceId=2, source=0x101, displayId=-1 },mSosPowerKeyEnabled = true,mWalletSwitchState = 2,mIsQuickLaunchSupport = false
03-09 14:32:11.554  1907  1907 D AudioServiceExtImpl: oplusGetParameters() keyValuePairs:OPLUS_AUDIO_GET_ADJUSTVOLUME_FORBIDUid: 1000
03-09 14:32:11.554  1907  2104 I OplusJoystickManager: read game pad state for game manager -> false
03-09 14:32:11.554  1907  2104 W OplusJoystickManager: mInterceptGamepadKey is false
03-09 14:32:11.554  1907  2104 D KeyCombinationManager: down false keyCode 25 count 2 interactive true eventTime 72521615 mDownTimes: {25=72521055}
03-09 14:32:11.554  2459  2476 I EventManager: scanCode 114
03-09 14:32:11.557  5030  5030 V DeepThinker: BroadcastReceiverWrapper: onReceive, start dispatch android.media.VOLUME_CHANGED_ACTION
03-09 14:32:11.559  1907  4241 D MediaSessionService: dispatchVolumeKeyEvent, pkg=com.ss.arap, opPkg=com.ss.arap, pid=23335, uid=10659, asSystem=true, event=KeyEvent { action=ACTION_UP, keyCode=KEYCODE_VOLUME_DOWN, scanCode=114, metaState=0, flags=0x8, repeatCount=0, eventTime=72521615, downTime=72521055, deviceId=2, source=0x101, displayId=-1 }, stream=-2147483648, musicOnly=false
03-09 14:32:11.559  1907  4241 D MediaSessionService: Adjusting suggestedStream=-2147483648 by 0. flags=4116, preferSuggestedStream=false, session=null
03-09 14:32:11.560  5030  5030 V DeepThinker: BroadcastReceiverWrapper: onReceive, start dispatch android.media.VOLUME_CHANGED_ACTION
03-09 14:32:11.560  5030  5030 V DeepThinker: BroadcastReceiverWrapper: onReceive, start dispatch android.media.VOLUME_CHANGED_ACTION
03-09 14:32:11.561  1015  2182 D APM_AudioPolicyManager: setVolumeCurveIndex device 00000002, index 11
03-09 14:32:11.561  1015  2182 D APM::AudioOutputDescriptor: setVolume output 21 for volumeSource 6, volume -13.000000, delay 0 stream=AUDIO_STREAM_MUSIC
03-09 14:32:11.561  5030  5030 V DeepThinker: BroadcastReceiverWrapper: onReceive, start dispatch android.media.VOLUME_CHANGED_ACTION
03-09 14:32:11.562  1015  1251 D AudioFlinger: setStreamVolume() stream 3 value 0.223873 output 21
03-09 14:32:11.563  1015  1251 D AudioSystem: +setParameters(): volumeDevice=2;volumeIndex=11;volumeStreamType=3 
03-09 14:32:11.563  1015  1251 D AudioFlingerExtImpl: AudioFlingerExtImpl oplusSetParameters: keyvalue volumeDevice=2;volumeIndex=11;volumeStreamType=3
03-09 14:32:11.564   896 13261 D AudioALSAStreamOut: +setParameters(): flag 2, volumeDevice=2;volumeIndex=11;volumeStreamType=3
03-09 14:32:11.564   896 13261 D oplus_audio_config: oplus_get_config(),unkonw config
03-09 14:32:11.564   896 13261 D oplus_audio_config: oplus_is_config_support(),param null
03-09 14:32:11.564   896 13261 D AudioMTKGainController: setNormalVolume: ActiveOutputStreamNum = 0
03-09 14:32:11.564   896 13261 D AudioMTKGainController: setNormalVolume(), mSceneIndex = 0, stream 3, devices 0x2, index 11, mode 0x0, gainDevice 0x2
03-09 14:32:11.564   896 13261 D AudioMTKGainController: setSpeakerGain(), gain = 9, spkAnaType = 3
03-09 14:32:11.564   896 13261 D AudioALSAStreamManager: setVolumeIndex() stream= 3, device= 2, index= b
03-09 14:32:11.565  1015 13435 D APM_AudioPolicyManager: setVolumeCurveIndex device 00000002, index 10
03-09 14:32:11.567  1015 12689 D APM_AudioPolicyManager: setVolumeCurveIndex device 00000002, index 10
03-09 14:32:11.567  1015 12689 D APM_AudioPolicyManager: setVolumeCurveIndex device 00000002, index 11
03-09 14:32:11.568  2489  2713 I vol.Events: writeEvent level_changed STREAM_MUSIC 11
03-09 14:32:11.569  1907  1907 D AudioServiceExtImpl: ringVolumeDefault :0
03-09 14:32:11.569  1907  1907 D AudioServiceExtImpl: oplusGetParameters() keyValuePairs:OPLUS_AUDIO_GET_ADJUSTVOLUME_FORBIDUid: 1000
03-09 14:32:11.569  2489  2713 I vol.Events: writeEvent key STREAM_MUSIC 11
03-09 14:32:11.570  1907  1907 D AudioManagerExtImpl: getStreamVolume packageName=android, index=11, streamType=3
03-09 14:32:11.585   896 13261 I EffectsFactory: Effect_Command(): self = 0xf3488ba0, cmdCode = 5
03-09 14:32:11.586   896 13261 D DlbDlbEffect: handle_EFFECT_CMD_SET_PARAM()
03-09 14:32:11.586   896 13261 D DlbEffectContext: setPregain(volume=3755963)
03-09 14:32:11.586   896 13261 D DlbEffectContext: transformExternalGain() fVol:0.223873 extVal:-207
03-09 14:32:11.586   896 13261 D DlbDapEndpointParamCache: commitChangedParams()
03-09 14:32:11.586   896 13261 D DlbDapEndpointParamCache: commit() Applying parameters for device 0x40000000
03-09 14:32:11.586   896 13261 D DlbDap2Process: setParam(preg = #1[-207])
03-09 14:32:11.586   896 13261 D DlbDapEndpointParamCache: doCommit() Committed 1 parameters out of 13.
03-09 14:32:11.586   896 13261 D DlbDapEndpointParamCache: commit() Overriding parameters for current device 0x00000002
03-09 14:32:11.586   896 13261 D DlbDapEndpointParamCache: doCommit() Committed 0 parameters out of 51.
03-09 14:32:11.709  2754 11123 D OidtHandler: OidtContentObserver-- changed uri is content://settings/system/volume_music_speaker
03-09 14:32:11.712  2754 11123 I Oidt_AssetsUtil: read from assets success
03-09 14:32:11.714 19181 19316 D AudioManagerExtImpl: getStreamVolume packageName=com.google.android.googlequicksearchbox, index=11, streamType=3
03-09 14:32:11.717  2754 11123 D OidtHandler: Music speaker volume changed to 11
03-09 14:32:11.928  2754 11123 D OidtHandler: OidtContentObserver-- changed uri is content://settings/system/volume_music_speaker
03-09 14:32:11.930  2754 11123 I Oidt_AssetsUtil: read from assets success
03-09 14:32:11.930 19181 19316 D AudioManagerExtImpl: getStreamVolume packageName=com.google.android.googlequicksearchbox, index=11, streamType=3
03-09 14:32:11.934  2754 11123 D OidtHandler: Music speaker volume changed to 11
03-09 14:32:11.959  1907  2104 I InputReader: theia saupwkProcessKey
03-09 14:32:11.959  1907  2104 I InputReader: theia start saupwkProcessKey
03-09 14:32:11.959  1907  2104 E system_server: [theia_saupwk] start saupwkProcessKey
03-09 14:32:11.960  1907  2104 D OplusKeyCombinationManager: down true keyCode 25 count 0 interactive true eventTime 72522021 mDownTimes: {}
03-09 14:32:11.960  1907  2104 W ContextImpl: Calling a method in the system process without a qualified user: android.app.ContextImpl.sendBroadcast:1177 com.android.server.policy.PhoneWindowManagerExtImpl.overrideInterceptKeyBeforeQueueing:985 com.android.server.policy.SubPhoneWindowManager.interceptKeyBeforeQueueing:48 com.android.server.wm.InputManagerCallback.interceptKeyBeforeQueueing:149 com.android.server.input.InputManagerService.interceptKeyBeforeQueueing:2897 
03-09 14:32:11.960  2459  2476 I EventManager: scanCode 114
03-09 14:32:11.961  1907  2104 D PhoneWindowManagerExtImpl: interceptKeyBeforeQueueing:KeyEvent { action=ACTION_DOWN, keyCode=KEYCODE_VOLUME_DOWN, scanCode=114, metaState=0, flags=0x8, repeatCount=0, eventTime=72522021, downTime=72522021, deviceId=2, source=0x101, displayId=-1 },mSosPowerKeyEnabled = true,mWalletSwitchState = 2,mIsQuickLaunchSupport = false
03-09 14:32:11.961  1907  2104 I OplusJoystickManager: read game pad state for game manager -> false
03-09 14:32:11.961  1907  2104 W OplusJoystickManager: mInterceptGamepadKey is false
03-09 14:32:11.961  1907  2104 D KeyCombinationManager: down true keyCode 25 count 0 interactive true eventTime 72522021 mDownTimes: {}
03-09 14:32:11.982   906  1172 I hwcomposer: [HWC] (0)fire a callback of refresh to SF[4]  
03-09 14:32:12.054  1907  2104 I InputReader: theia saupwkProcessKey
03-09 14:32:12.055  1907  2104 I InputReader: theia start saupwkProcessKey
03-09 14:32:12.055  1907  2104 E system_server: [theia_saupwk] start saupwkProcessKey
03-09 14:32:12.055  1907  2104 D OplusKeyCombinationManager: down false keyCode 25 count 0 interactive true eventTime 72522116 mDownTimes: {25=72522021}
03-09 14:32:12.056  1907  2104 D PhoneWindowManagerExtImpl: interceptKeyBeforeQueueing:KeyEvent { action=ACTION_UP, keyCode=KEYCODE_VOLUME_DOWN, scanCode=114, metaState=0, flags=0x8, repeatCount=0, eventTime=72522116, downTime=72522021, deviceId=2, source=0x101, displayId=-1 },mSosPowerKeyEnabled = true,mWalletSwitchState = 2,mIsQuickLaunchSupport = false
03-09 14:32:12.056  1907  2104 I OplusJoystickManager: read game pad state for game manager -> false
03-09 14:32:12.056  1907  2104 W OplusJoystickManager: mInterceptGamepadKey is false
03-09 14:32:12.057  1907  2104 D KeyCombinationManager: down false keyCode 25 count 2 interactive true eventTime 72522116 mDownTimes: {25=72522021}
03-09 14:32:12.057  2459  2476 I EventManager: scanCode 114
03-09 14:32:12.075  1907  2004 D OplusFeatureBrightnessBarController: mDarkLevel: 0
03-09 14:32:12.075  1289  1289 D AALLightSensor: oldLux=85 [SA:59 LA:59] newLux=85 (oriLux: 59)
03-09 14:32:12.116  1907  5236 D MediaSessionService: dispatchVolumeKeyEvent, pkg=com.ss.arap, opPkg=com.ss.arap, pid=23335, uid=10659, asSystem=true, event=KeyEvent { action=ACTION_DOWN, keyCode=KEYCODE_VOLUME_DOWN, scanCode=114, metaState=0, flags=0x8, repeatCount=0, eventTime=72522021, downTime=72522021, deviceId=2, source=0x101, displayId=-1 }, stream=-2147483648, musicOnly=false
03-09 14:32:12.116  1907  5236 D MediaSessionService: Adjusting suggestedStream=-2147483648 by -1. flags=4113, preferSuggestedStream=false, session=null
03-09 14:32:12.120  1907  5236 D MediaSessionService: dispatchVolumeKeyEvent, pkg=com.ss.arap, opPkg=com.ss.arap, pid=23335, uid=10659, asSystem=true, event=KeyEvent { action=ACTION_UP, keyCode=KEYCODE_VOLUME_DOWN, scanCode=114, metaState=0, flags=0x8, repeatCount=0, eventTime=72522116, downTime=72522021, deviceId=2, source=0x101, displayId=-1 }, stream=-2147483648, musicOnly=false
03-09 14:32:12.120  1907  5236 D MediaSessionService: Adjusting suggestedStream=-2147483648 by 0. flags=4116, preferSuggestedStream=false, session=null
03-09 14:32:12.120  1907  1907 D AudioServiceExtImpl: ringVolumeDefault :0
03-09 14:32:12.121  1907  1907 D AudioServiceExtImpl: oplusGetParameters() keyValuePairs:OPLUS_AUDIO_GET_ADJUSTVOLUME_FORBIDUid: 1000
03-09 14:32:12.125  5030  5030 V DeepThinker: BroadcastReceiverWrapper: onReceive, start dispatch android.media.VOLUME_CHANGED_ACTION
03-09 14:32:12.128  5030  5030 V DeepThinker: BroadcastReceiverWrapper: onReceive, start dispatch android.media.VOLUME_CHANGED_ACTION
03-09 14:32:12.131  5030  5030 V DeepThinker: BroadcastReceiverWrapper: onReceive, start dispatch android.media.VOLUME_CHANGED_ACTION
03-09 14:32:12.135  1015 13435 D APM_AudioPolicyManager: setVolumeCurveIndex device 00000002, index 10
03-09 14:32:12.135  5030  5030 V DeepThinker: BroadcastReceiverWrapper: onReceive, start dispatch android.media.VOLUME_CHANGED_ACTION
03-09 14:32:12.135  1015 13435 D APM::AudioOutputDescriptor: setVolume output 21 for volumeSource 6, volume -15.000000, delay 0 stream=AUDIO_STREAM_MUSIC
03-09 14:32:12.136  1015  1251 D AudioFlinger: setStreamVolume() stream 3 value 0.177829 output 21
03-09 14:32:12.137  1015  1251 D AudioSystem: +setParameters(): volumeDevice=2;volumeIndex=10;volumeStreamType=3 
03-09 14:32:12.138  1015  1251 D AudioFlingerExtImpl: AudioFlingerExtImpl oplusSetParameters: keyvalue volumeDevice=2;volumeIndex=10;volumeStreamType=3
03-09 14:32:12.140   896   967 D AudioALSAStreamOut: +setParameters(): flag 2, volumeDevice=2;volumeIndex=10;volumeStreamType=3
03-09 14:32:12.140   896   967 D oplus_audio_config: oplus_get_config(),unkonw config
03-09 14:32:12.140   896   967 D oplus_audio_config: oplus_is_config_support(),param null
03-09 14:32:12.140   896   967 D AudioMTKGainController: setNormalVolume: ActiveOutputStreamNum = 0
03-09 14:32:12.141   896   967 D AudioMTKGainController: setNormalVolume(), mSceneIndex = 0, stream 3, devices 0x2, index 10, mode 0x0, gainDevice 0x2
03-09 14:32:12.141   896   967 D AudioMTKGainController: setSpeakerGain(), gain = 9, spkAnaType = 3
03-09 14:32:12.141   896   967 D AudioALSAStreamManager: setVolumeIndex() stream= 3, device= 2, index= a
03-09 14:32:12.142   896 13261 I EffectsFactory: Effect_Command(): self = 0xf3488ba0, cmdCode = 5
03-09 14:32:12.142   896 13261 D DlbDlbEffect: handle_EFFECT_CMD_SET_PARAM()
03-09 14:32:12.142   896 13261 D DlbEffectContext: setPregain(volume=2983469)
03-09 14:32:12.142   896 13261 D DlbEffectContext: transformExternalGain() fVol:0.177829 extVal:-239
03-09 14:32:12.142   896 13261 D DlbDapEndpointParamCache: commitChangedParams()
03-09 14:32:12.142   896 13261 D DlbDapEndpointParamCache: commit() Applying parameters for device 0x40000000
03-09 14:32:12.142   896 13261 D DlbDap2Process: setParam(preg = #1[-239])
03-09 14:32:12.142   896 13261 D DlbDapEndpointParamCache: doCommit() Committed 1 parameters out of 13.
03-09 14:32:12.142   896 13261 D DlbDapEndpointParamCache: commit() Overriding parameters for current device 0x00000002
03-09 14:32:12.142   896 13261 D DlbDapEndpointParamCache: doCommit() Committed 0 parameters out of 51.
03-09 14:32:12.143  1015 12689 D APM_AudioPolicyManager: setVolumeCurveIndex device 00000002, index 9
03-09 14:32:12.145  1015 13435 D APM_AudioPolicyManager: setVolumeCurveIndex device 00000002, index 9
03-09 14:32:12.146  1015 13435 D APM_AudioPolicyManager: setVolumeCurveIndex device 00000002, index 10
03-09 14:32:12.146  1907  1907 D AudioServiceExtImpl: ringVolumeDefault :0
03-09 14:32:12.147  1907  1907 D AudioServiceExtImpl: oplusGetParameters() keyValuePairs:OPLUS_AUDIO_GET_ADJUSTVOLUME_FORBIDUid: 1000
03-09 14:32:12.147  2489  2713 I vol.Events: writeEvent level_changed STREAM_MUSIC 10
03-09 14:32:12.149  2489  2713 I vol.Events: writeEvent key STREAM_MUSIC 10
03-09 14:32:12.149  1907  1907 D AudioManagerExtImpl: getStreamVolume packageName=android, index=10, streamType=3
03-09 14:32:12.185  1907  2104 I InputReader: theia saupwkProcessKey
03-09 14:32:12.185  1907  2104 I InputReader: theia start saupwkProcessKey
03-09 14:32:12.185  1907  2104 E system_server: [theia_saupwk] start saupwkProcessKey
03-09 14:32:12.185  1907  2104 D OplusKeyCombinationManager: down true keyCode 25 count 0 interactive true eventTime 72522246 mDownTimes: {}
03-09 14:32:12.186  1907  2104 W ContextImpl: Calling a method in the system process without a qualified user: android.app.ContextImpl.sendBroadcast:1177 com.android.server.policy.PhoneWindowManagerExtImpl.overrideInterceptKeyBeforeQueueing:985 com.android.server.policy.SubPhoneWindowManager.interceptKeyBeforeQueueing:48 com.android.server.wm.InputManagerCallback.interceptKeyBeforeQueueing:149 com.android.server.input.InputManagerService.interceptKeyBeforeQueueing:2897 
03-09 14:32:12.186  2459  2476 I EventManager: scanCode 114
03-09 14:32:12.187  1907  2104 D PhoneWindowManagerExtImpl: interceptKeyBeforeQueueing:KeyEvent { action=ACTION_DOWN, keyCode=KEYCODE_VOLUME_DOWN, scanCode=114, metaState=0, flags=0x8, repeatCount=0, eventTime=72522246, downTime=72522246, deviceId=2, source=0x101, displayId=-1 },mSosPowerKeyEnabled = true,mWalletSwitchState = 2,mIsQuickLaunchSupport = false
03-09 14:32:12.187  1907  2104 I OplusJoystickManager: read game pad state for game manager -> false
03-09 14:32:12.187  1907  2104 W OplusJoystickManager: mInterceptGamepadKey is false
03-09 14:32:12.187  1907  2104 D KeyCombinationManager: down true keyCode 25 count 0 interactive true eventTime 72522246 mDownTimes: {}
03-09 14:32:12.251  1907  2104 I InputReader: theia saupwkProcessKey
03-09 14:32:12.251  1907  2104 I InputReader: theia start saupwkProcessKey
03-09 14:32:12.251  1907  2104 E system_server: [theia_saupwk] start saupwkProcessKey
03-09 14:32:12.251  1907  2104 D OplusKeyCombinationManager: down false keyCode 25 count 0 interactive true eventTime 72522313 mDownTimes: {25=72522246}
03-09 14:32:12.252  1907  2104 D PhoneWindowManagerExtImpl: interceptKeyBeforeQueueing:KeyEvent { action=ACTION_UP, keyCode=KEYCODE_VOLUME_DOWN, scanCode=114, metaState=0, flags=0x8, repeatCount=0, eventTime=72522313, downTime=72522246, deviceId=2, source=0x101, displayId=-1 },mSosPowerKeyEnabled = true,mWalletSwitchState = 2,mIsQuickLaunchSupport = false
03-09 14:32:12.252  1907  2104 I OplusJoystickManager: read game pad state for game manager -> false
03-09 14:32:12.252  1907  2104 W OplusJoystickManager: mInterceptGamepadKey is false
03-09 14:32:12.252  1907  2104 D KeyCombinationManager: down false keyCode 25 count 2 interactive true eventTime 72522313 mDownTimes: {25=72522246}
03-09 14:32:12.252  2459  2476 I EventManager: scanCode 114
03-09 14:32:12.339  1907  5236 D MediaSessionService: dispatchVolumeKeyEvent, pkg=com.ss.arap, opPkg=com.ss.arap, pid=23335, uid=10659, asSystem=true, event=KeyEvent { action=ACTION_DOWN, keyCode=KEYCODE_VOLUME_DOWN, scanCode=114, metaState=0, flags=0x8, repeatCount=0, eventTime=72522246, downTime=72522246, deviceId=2, source=0x101, displayId=-1 }, stream=-2147483648, musicOnly=false
03-09 14:32:12.339  1907  5236 D MediaSessionService: Adjusting suggestedStream=-2147483648 by -1. flags=4113, preferSuggestedStream=false, session=null
03-09 14:32:12.343  1907  1907 D AudioServiceExtImpl: ringVolumeDefault :0
03-09 14:32:12.343  1907  5236 D MediaSessionService: dispatchVolumeKeyEvent, pkg=com.ss.arap, opPkg=com.ss.arap, pid=23335, uid=10659, asSystem=true, event=KeyEvent { action=ACTION_UP, keyCode=KEYCODE_VOLUME_DOWN, scanCode=114, metaState=0, flags=0x8, repeatCount=0, eventTime=72522313, downTime=72522246, deviceId=2, source=0x101, displayId=-1 }, stream=-2147483648, musicOnly=false
03-09 14:32:12.343  1907  5236 D MediaSessionService: Adjusting suggestedStream=-2147483648 by 0. flags=4116, preferSuggestedStream=false, session=null
03-09 14:32:12.344  1907  1907 D AudioServiceExtImpl: oplusGetParameters() keyValuePairs:OPLUS_AUDIO_GET_ADJUSTVOLUME_FORBIDUid: 1000
03-09 14:32:12.346  5030  5030 V DeepThinker: BroadcastReceiverWrapper: onReceive, start dispatch android.media.VOLUME_CHANGED_ACTION
03-09 14:32:12.348  5030  5030 V DeepThinker: BroadcastReceiverWrapper: onReceive, start dispatch android.media.VOLUME_CHANGED_ACTION
03-09 14:32:12.349  5030  5030 V DeepThinker: BroadcastReceiverWrapper: onReceive, start dispatch android.media.VOLUME_CHANGED_ACTION
03-09 14:32:12.351  1015 12689 D APM_AudioPolicyManager: setVolumeCurveIndex device 00000002, index 9
03-09 14:32:12.352  1015 12689 D APM::AudioOutputDescriptor: setVolume output 21 for volumeSource 6, volume -17.000000, delay 0 stream=AUDIO_STREAM_MUSIC
03-09 14:32:12.352  1015  1251 D AudioFlinger: setStreamVolume() stream 3 value 0.141254 output 21
03-09 14:32:12.353  5030  5030 V DeepThinker: BroadcastReceiverWrapper: onReceive, start dispatch android.media.VOLUME_CHANGED_ACTION
03-09 14:32:12.353   896   967 I EffectsFactory: Effect_Command(): self = 0xf3488ba0, cmdCode = 5
03-09 14:32:12.353  1015  1251 D AudioSystem: +setParameters(): volumeDevice=2;volumeIndex=9;volumeStreamType=3 
03-09 14:32:12.353   896   967 D DlbDlbEffect: handle_EFFECT_CMD_SET_PARAM()
03-09 14:32:12.353   896   967 D DlbEffectContext: setPregain(volume=2369855)
03-09 14:32:12.353   896   967 D DlbEffectContext: transformExternalGain() fVol:0.141254 extVal:-271
03-09 14:32:12.354   896   967 D DlbDapEndpointParamCache: commitChangedParams()
03-09 14:32:12.354   896   967 D DlbDapEndpointParamCache: commit() Applying parameters for device 0x40000000
03-09 14:32:12.354   896   967 D DlbDap2Process: setParam(preg = #1[-271])
03-09 14:32:12.354   896   967 D DlbDapEndpointParamCache: doCommit() Committed 1 parameters out of 13.
03-09 14:32:12.354   896   967 D DlbDapEndpointParamCache: commit() Overriding parameters for current device 0x00000002
03-09 14:32:12.354  1015  1251 D AudioFlingerExtImpl: AudioFlingerExtImpl oplusSetParameters: keyvalue volumeDevice=2;volumeIndex=9;volumeStreamType=3
03-09 14:32:12.354   896   967 D DlbDapEndpointParamCache: doCommit() Committed 0 parameters out of 51.
03-09 14:32:12.354   896 13261 D AudioALSAStreamOut: +setParameters(): flag 2, volumeDevice=2;volumeIndex=9;volumeStreamType=3
03-09 14:32:12.354   896 13261 D oplus_audio_config: oplus_get_config(),unkonw config
03-09 14:32:12.354   896 13261 D oplus_audio_config: oplus_is_config_support(),param null
03-09 14:32:12.354   896 13261 D AudioMTKGainController: setNormalVolume: ActiveOutputStreamNum = 0
03-09 14:32:12.354   896 13261 D AudioMTKGainController: setNormalVolume(), mSceneIndex = 0, stream 3, devices 0x2, index 9, mode 0x0, gainDevice 0x2
03-09 14:32:12.354   896 13261 D AudioMTKGainController: setSpeakerGain(), gain = 9, spkAnaType = 3
03-09 14:32:12.354   896 13261 D AudioALSAStreamManager: setVolumeIndex() stream= 3, device= 2, index= 9
03-09 14:32:12.356  1015 12689 D APM_AudioPolicyManager: setVolumeCurveIndex device 00000002, index 8
03-09 14:32:12.357  1015 12689 D APM_AudioPolicyManager: setVolumeCurveIndex device 00000002, index 8
03-09 14:32:12.357  1907  1907 D AudioServiceExtImpl: ringVolumeDefault :0
03-09 14:32:12.357  1015 13435 D APM_AudioPolicyManager: setVolumeCurveIndex device 00000002, index 9
03-09 14:32:12.359  1907  1907 D AudioServiceExtImpl: oplusGetParameters() keyValuePairs:OPLUS_AUDIO_GET_ADJUSTVOLUME_FORBIDUid: 1000
03-09 14:32:12.359  2489  2713 I vol.Events: writeEvent level_changed STREAM_MUSIC 9
03-09 14:32:12.360  2489  2713 I vol.Events: writeEvent key STREAM_MUSIC 9
03-09 14:32:12.361  1907  1907 D AudioManagerExtImpl: getStreamVolume packageName=android, index=9, streamType=3
03-09 14:32:12.379  1907  2104 I InputReader: theia saupwkProcessKey
03-09 14:32:12.379  1907  2104 I InputReader: theia start saupwkProcessKey
03-09 14:32:12.379  1907  2104 E system_server: [theia_saupwk] start saupwkProcessKey
03-09 14:32:12.380  1907  2104 D OplusKeyCombinationManager: down true keyCode 25 count 0 interactive true eventTime 72522441 mDownTimes: {}
03-09 14:32:12.380  1907  2104 W ContextImpl: Calling a method in the system process without a qualified user: android.app.ContextImpl.sendBroadcast:1177 com.android.server.policy.PhoneWindowManagerExtImpl.overrideInterceptKeyBeforeQueueing:985 com.android.server.policy.SubPhoneWindowManager.interceptKeyBeforeQueueing:48 com.android.server.wm.InputManagerCallback.interceptKeyBeforeQueueing:149 com.android.server.input.InputManagerService.interceptKeyBeforeQueueing:2897 
03-09 14:32:12.380  2459  2476 I EventManager: scanCode 114
03-09 14:32:12.381  1907  2104 D PhoneWindowManagerExtImpl: interceptKeyBeforeQueueing:KeyEvent { action=ACTION_DOWN, keyCode=KEYCODE_VOLUME_DOWN, scanCode=114, metaState=0, flags=0x8, repeatCount=0, eventTime=72522441, downTime=72522441, deviceId=2, source=0x101, displayId=-1 },mSosPowerKeyEnabled = true,mWalletSwitchState = 2,mIsQuickLaunchSupport = false
03-09 14:32:12.381  1907  2104 I OplusJoystickManager: read game pad state for game manager -> false
03-09 14:32:12.381  1907  2104 W OplusJoystickManager: mInterceptGamepadKey is false
03-09 14:32:12.381  1907  2104 D KeyCombinationManager: down true keyCode 25 count 0 interactive true eventTime 72522441 mDownTimes: {}
03-09 14:32:12.472  1907  2104 I InputReader: theia saupwkProcessKey
03-09 14:32:12.472  1907  2104 I InputReader: theia start saupwkProcessKey
03-09 14:32:12.472  1907  2104 E system_server: [theia_saupwk] start saupwkProcessKey
03-09 14:32:12.472  1907  2104 D OplusKeyCombinationManager: down false keyCode 25 count 0 interactive true eventTime 72522534 mDownTimes: {25=72522441}
03-09 14:32:12.472  1907  2104 D PhoneWindowManagerExtImpl: interceptKeyBeforeQueueing:KeyEvent { action=ACTION_UP, keyCode=KEYCODE_VOLUME_DOWN, scanCode=114, metaState=0, flags=0x8, repeatCount=0, eventTime=72522534, downTime=72522441, deviceId=2, source=0x101, displayId=-1 },mSosPowerKeyEnabled = true,mWalletSwitchState = 2,mIsQuickLaunchSupport = false
03-09 14:32:12.472  1907  2104 I OplusJoystickManager: read game pad state for game manager -> false
03-09 14:32:12.473  1907  2104 W OplusJoystickManager: mInterceptGamepadKey is false
03-09 14:32:12.473  1907  2104 D KeyCombinationManager: down false keyCode 25 count 2 interactive true eventTime 72522534 mDownTimes: {25=72522441}
03-09 14:32:12.473  2459  2476 I EventManager: scanCode 114
03-09 14:32:12.534  1907  5236 D MediaSessionService: dispatchVolumeKeyEvent, pkg=com.ss.arap, opPkg=com.ss.arap, pid=23335, uid=10659, asSystem=true, event=KeyEvent { action=ACTION_DOWN, keyCode=KEYCODE_VOLUME_DOWN, scanCode=114, metaState=0, flags=0x8, repeatCount=0, eventTime=72522441, downTime=72522441, deviceId=2, source=0x101, displayId=-1 }, stream=-2147483648, musicOnly=false
03-09 14:32:12.535  1907  5236 D MediaSessionService: Adjusting suggestedStream=-2147483648 by -1. flags=4113, preferSuggestedStream=false, session=null
03-09 14:32:12.538  1907  5236 D MediaSessionService: dispatchVolumeKeyEvent, pkg=com.ss.arap, opPkg=com.ss.arap, pid=23335, uid=10659, asSystem=true, event=KeyEvent { action=ACTION_UP, keyCode=KEYCODE_VOLUME_DOWN, scanCode=114, metaState=0, flags=0x8, repeatCount=0, eventTime=72522534, downTime=72522441, deviceId=2, source=0x101, displayId=-1 }, stream=-2147483648, musicOnly=false
03-09 14:32:12.538  1907  5236 D MediaSessionService: Adjusting suggestedStream=-2147483648 by 0. flags=4116, preferSuggestedStream=false, session=null
03-09 14:32:12.539  1907  1907 D AudioServiceExtImpl: ringVolumeDefault :0
03-09 14:32:12.539  1907  1907 D AudioServiceExtImpl: oplusGetParameters() keyValuePairs:OPLUS_AUDIO_GET_ADJUSTVOLUME_FORBIDUid: 1000
03-09 14:32:12.541  5030  5030 V DeepThinker: BroadcastReceiverWrapper: onReceive, start dispatch android.media.VOLUME_CHANGED_ACTION
03-09 14:32:12.543  5030  5030 V DeepThinker: BroadcastReceiverWrapper: onReceive, start dispatch android.media.VOLUME_CHANGED_ACTION
03-09 14:32:12.544  1015 12689 D APM_AudioPolicyManager: setVolumeCurveIndex device 00000002, index 8
03-09 14:32:12.544  1015 12689 D APM::AudioOutputDescriptor: setVolume output 21 for volumeSource 6, volume -19.000000, delay 0 stream=AUDIO_STREAM_MUSIC
03-09 14:32:12.546  1015  1251 D AudioFlinger: setStreamVolume() stream 3 value 0.112202 output 21
03-09 14:32:12.546  1015  1251 D AudioSystem: +setParameters(): volumeDevice=2;volumeIndex=8;volumeStreamType=3 
03-09 14:32:12.547  1015  1251 D AudioFlingerExtImpl: AudioFlingerExtImpl oplusSetParameters: keyvalue volumeDevice=2;volumeIndex=8;volumeStreamType=3
03-09 14:32:12.547   896   967 D AudioALSAStreamOut: +setParameters(): flag 2, volumeDevice=2;volumeIndex=8;volumeStreamType=3
03-09 14:32:12.547   896   967 D oplus_audio_config: oplus_get_config(),unkonw config
03-09 14:32:12.547   896   967 D oplus_audio_config: oplus_is_config_support(),param null
03-09 14:32:12.547   896   967 D AudioMTKGainController: setNormalVolume: ActiveOutputStreamNum = 0
03-09 14:32:12.548   896   967 D AudioMTKGainController: setNormalVolume(), mSceneIndex = 0, stream 3, devices 0x2, index 8, mode 0x0, gainDevice 0x2
03-09 14:32:12.548   896   967 D AudioMTKGainController: setSpeakerGain(), gain = 9, spkAnaType = 3
03-09 14:32:12.548   896   967 D AudioALSAStreamManager: setVolumeIndex() stream= 3, device= 2, index= 8
03-09 14:32:12.549  1015 12689 D APM_AudioPolicyManager: setVolumeCurveIndex device 00000002, index 8
03-09 14:32:12.550  1015 13435 D APM_AudioPolicyManager: setVolumeCurveIndex device 00000002, index 8
03-09 14:32:12.550  1907  1907 D AudioServiceExtImpl: ringVolumeDefault :0
03-09 14:32:12.551  1015 13435 D APM_AudioPolicyManager: setVolumeCurveIndex device 00000002, index 8
03-09 14:32:12.552  1907  1907 D AudioServiceExtImpl: oplusGetParameters() keyValuePairs:OPLUS_AUDIO_GET_ADJUSTVOLUME_FORBIDUid: 1000
03-09 14:32:12.552  2489  2713 I vol.Events: writeEvent level_changed STREAM_MUSIC 8
03-09 14:32:12.554  1907  1907 D AudioManagerExtImpl: getStreamVolume packageName=android, index=8, streamType=3
03-09 14:32:12.554  2489  2713 I vol.Events: writeEvent key STREAM_MUSIC 8
03-09 14:32:12.567   896   967 I EffectsFactory: Effect_Command(): self = 0xf3488ba0, cmdCode = 5
03-09 14:32:12.567   896   967 D DlbDlbEffect: handle_EFFECT_CMD_SET_PARAM()
03-09 14:32:12.567   896   967 D DlbEffectContext: setPregain(volume=1882443)
03-09 14:32:12.567   896   967 D DlbEffectContext: transformExternalGain() fVol:0.112202 extVal:-303
03-09 14:32:12.568   896   967 D DlbDapEndpointParamCache: commitChangedParams()
03-09 14:32:12.568   896   967 D DlbDapEndpointParamCache: commit() Applying parameters for device 0x40000000
03-09 14:32:12.568   896   967 D DlbDap2Process: setParam(preg = #1[-303])
03-09 14:32:12.568   896   967 D DlbDapEndpointParamCache: doCommit() Committed 1 parameters out of 13.
03-09 14:32:12.568   896   967 D DlbDapEndpointParamCache: commit() Overriding parameters for current device 0x00000002
03-09 14:32:12.568   896   967 D DlbDapEndpointParamCache: doCommit() Committed 0 parameters out of 51.
03-09 14:32:12.649  2754 11123 D OidtHandler: OidtContentObserver-- changed uri is content://settings/system/volume_music_speaker
03-09 14:32:12.650  2754 11123 I Oidt_AssetsUtil: read from assets success
03-09 14:32:12.650 19181 19316 D AudioManagerExtImpl: getStreamVolume packageName=com.google.android.googlequicksearchbox, index=8, streamType=3
03-09 14:32:12.654  2754 11123 D OidtHandler: Music speaker volume changed to 8
03-09 14:32:12.692  1021  1021 D OplusSurfaceFlinger: RESOLUTION > bounds(0,0,1080,2400), frame(0,0,1080,2400) FHD(1080, 2400), QHD(1080, 2400) mCurrentResolution=2 orientation = 0
03-09 14:32:12.860  2754 11123 D OidtHandler: OidtContentObserver-- changed uri is content://settings/system/volume_music_speaker
03-09 14:32:12.861  2754 11123 I Oidt_AssetsUtil: read from assets success
03-09 14:32:12.862 19181 19316 D AudioManagerExtImpl: getStreamVolume packageName=com.google.android.googlequicksearchbox, index=8, streamType=3
03-09 14:32:12.864  2754 11123 D OidtHandler: Music speaker volume changed to 8
03-09 14:32:12.962   906  1172 I hwcomposer: [HWC] (0)fire a callback of refresh to SF[4]  
03-09 14:32:13.191  1907  2104 I InputReader: theia saupwkProcessKey
03-09 14:32:13.191  1907  2104 I InputReader: theia start saupwkProcessKey
03-09 14:32:13.191  1907  2104 E system_server: [theia_saupwk] start saupwkProcessKey
03-09 14:32:13.192  1907  2104 D OplusKeyCombinationManager: down true keyCode 25 count 0 interactive true eventTime 72523252 mDownTimes: {}
03-09 14:32:13.193  1907  2104 W ContextImpl: Calling a method in the system process without a qualified user: android.app.ContextImpl.sendBroadcast:1177 com.android.server.policy.PhoneWindowManagerExtImpl.overrideInterceptKeyBeforeQueueing:985 com.android.server.policy.SubPhoneWindowManager.interceptKeyBeforeQueueing:48 com.android.server.wm.InputManagerCallback.interceptKeyBeforeQueueing:149 com.android.server.input.InputManagerService.interceptKeyBeforeQueueing:2897 
03-09 14:32:13.193  2459  2476 I EventManager: scanCode 114
03-09 14:32:13.195  1907  2104 D PhoneWindowManagerExtImpl: interceptKeyBeforeQueueing:KeyEvent { action=ACTION_DOWN, keyCode=KEYCODE_VOLUME_DOWN, scanCode=114, metaState=0, flags=0x8, repeatCount=0, eventTime=72523252, downTime=72523252, deviceId=2, source=0x101, displayId=-1 },mSosPowerKeyEnabled = true,mWalletSwitchState = 2,mIsQuickLaunchSupport = false
03-09 14:32:13.195  1907  2104 I OplusJoystickManager: read game pad state for game manager -> false
03-09 14:32:13.195  1907  2104 W OplusJoystickManager: mInterceptGamepadKey is false
03-09 14:32:13.195  1907  2104 D KeyCombinationManager: down true keyCode 25 count 0 interactive true eventTime 72523252 mDownTimes: {}
03-09 14:32:13.306  1907  2104 I InputReader: theia saupwkProcessKey
03-09 14:32:13.306  1907  2104 I InputReader: theia start saupwkProcessKey
03-09 14:32:13.306  1907  2104 E system_server: [theia_saupwk] start saupwkProcessKey
03-09 14:32:13.306  1907  2104 D OplusKeyCombinationManager: down false keyCode 25 count 0 interactive true eventTime 72523367 mDownTimes: {25=72523252}
03-09 14:32:13.307  1907  2104 D PhoneWindowManagerExtImpl: interceptKeyBeforeQueueing:KeyEvent { action=ACTION_UP, keyCode=KEYCODE_VOLUME_DOWN, scanCode=114, metaState=0, flags=0x8, repeatCount=0, eventTime=72523367, downTime=72523252, deviceId=2, source=0x101, displayId=-1 },mSosPowerKeyEnabled = true,mWalletSwitchState = 2,mIsQuickLaunchSupport = false
03-09 14:32:13.307  1907  2104 I OplusJoystickManager: read game pad state for game manager -> false
03-09 14:32:13.307  1907  2104 W OplusJoystickManager: mInterceptGamepadKey is false
03-09 14:32:13.307  1907  2104 D KeyCombinationManager: down false keyCode 25 count 2 interactive true eventTime 72523367 mDownTimes: {25=72523252}
03-09 14:32:13.307  2459  2476 I EventManager: scanCode 114
03-09 14:32:13.319  5365 24765 I .gms.persisten: Explicit concurrent copying GC freed 8737KB AllocSpace bytes, 10(520KB) LOS objects, 49% free, 21MB/43MB, paused 156us,27us total 112.318ms
03-09 14:32:13.348  1907  5235 D MediaSessionService: dispatchVolumeKeyEvent, pkg=com.ss.arap, opPkg=com.ss.arap, pid=23335, uid=10659, asSystem=true, event=KeyEvent { action=ACTION_DOWN, keyCode=KEYCODE_VOLUME_DOWN, scanCode=114, metaState=0, flags=0x8, repeatCount=0, eventTime=72523252, downTime=72523252, deviceId=2, source=0x101, displayId=-1 }, stream=-2147483648, musicOnly=false
03-09 14:32:13.348  1907  5235 D MediaSessionService: Adjusting suggestedStream=-2147483648 by -1. flags=4113, preferSuggestedStream=false, session=null
03-09 14:32:13.354  1907  5235 D MediaSessionService: dispatchVolumeKeyEvent, pkg=com.ss.arap, opPkg=com.ss.arap, pid=23335, uid=10659, asSystem=true, event=KeyEvent { action=ACTION_UP, keyCode=KEYCODE_VOLUME_DOWN, scanCode=114, metaState=0, flags=0x8, repeatCount=0, eventTime=72523367, downTime=72523252, deviceId=2, source=0x101, displayId=-1 }, stream=-2147483648, musicOnly=false
03-09 14:32:13.354  1907  5235 D MediaSessionService: Adjusting suggestedStream=-2147483648 by 0. flags=4116, preferSuggestedStream=false, session=null
03-09 14:32:13.354  1907  1907 D AudioServiceExtImpl: ringVolumeDefault :0
03-09 14:32:13.355  1907  1907 D AudioServiceExtImpl: oplusGetParameters() keyValuePairs:OPLUS_AUDIO_GET_ADJUSTVOLUME_FORBIDUid: 1000
03-09 14:32:13.360  5030  5030 V DeepThinker: BroadcastReceiverWrapper: onReceive, start dispatch android.media.VOLUME_CHANGED_ACTION
03-09 14:32:13.362  5030  5030 V DeepThinker: BroadcastReceiverWrapper: onReceive, start dispatch android.media.VOLUME_CHANGED_ACTION
03-09 14:32:13.365  5030  5030 V DeepThinker: BroadcastReceiverWrapper: onReceive, start dispatch android.media.VOLUME_CHANGED_ACTION
03-09 14:32:13.367  1015 12689 D APM_AudioPolicyManager: setVolumeCurveIndex device 00000002, index 7
03-09 14:32:13.367  5030  5030 V DeepThinker: BroadcastReceiverWrapper: onReceive, start dispatch android.media.VOLUME_CHANGED_ACTION
03-09 14:32:13.367  1015 12689 D APM::AudioOutputDescriptor: setVolume output 21 for volumeSource 6, volume -21.000002, delay 0 stream=AUDIO_STREAM_MUSIC
03-09 14:32:13.368  1015  1251 D AudioFlinger: setStreamVolume() stream 3 value 0.089126 output 21
03-09 14:32:13.368  1015  1251 D AudioSystem: +setParameters(): volumeDevice=2;volumeIndex=7;volumeStreamType=3 
03-09 14:32:13.369  1015  1251 D AudioFlingerExtImpl: AudioFlingerExtImpl oplusSetParameters: keyvalue volumeDevice=2;volumeIndex=7;volumeStreamType=3
03-09 14:32:13.369   896 13261 D AudioALSAStreamOut: +setParameters(): flag 2, volumeDevice=2;volumeIndex=7;volumeStreamType=3
03-09 14:32:13.370   896 13261 D oplus_audio_config: oplus_get_config(),unkonw config
03-09 14:32:13.370   896 13261 D oplus_audio_config: oplus_is_config_support(),param null
03-09 14:32:13.370   896 13261 D AudioMTKGainController: setNormalVolume: ActiveOutputStreamNum = 0
03-09 14:32:13.370   896 13261 D AudioMTKGainController: setNormalVolume(), mSceneIndex = 0, stream 3, devices 0x2, index 7, mode 0x0, gainDevice 0x2
03-09 14:32:13.370   896 13261 D AudioMTKGainController: setSpeakerGain(), gain = 9, spkAnaType = 3
03-09 14:32:13.370   896 13261 D AudioALSAStreamManager: setVolumeIndex() stream= 3, device= 2, index= 7
03-09 14:32:13.372  1015  2182 D APM_AudioPolicyManager: setVolumeCurveIndex device 00000002, index 7
03-09 14:32:13.373  1015 13435 D APM_AudioPolicyManager: setVolumeCurveIndex device 00000002, index 7
03-09 14:32:13.374  1015 12689 D APM_AudioPolicyManager: setVolumeCurveIndex device 00000002, index 7
03-09 14:32:13.375  1907  1907 D AudioServiceExtImpl: ringVolumeDefault :0
03-09 14:32:13.376  1907  1907 D AudioServiceExtImpl: oplusGetParameters() keyValuePairs:OPLUS_AUDIO_GET_ADJUSTVOLUME_FORBIDUid: 1000
03-09 14:32:13.376  2489  2713 I vol.Events: writeEvent level_changed STREAM_MUSIC 7
03-09 14:32:13.378  2489  2713 I vol.Events: writeEvent key STREAM_MUSIC 7
03-09 14:32:13.378   896 13261 I EffectsFactory: Effect_Command(): self = 0xf3488ba0, cmdCode = 5
03-09 14:32:13.378   896 13261 D DlbDlbEffect: handle_EFFECT_CMD_SET_PARAM()
03-09 14:32:13.378   896 13261 D DlbEffectContext: setPregain(volume=1495278)
03-09 14:32:13.378   896 13261 D DlbEffectContext: transformExternalGain() fVol:0.089126 extVal:-335
03-09 14:32:13.379   896 13261 D DlbDapEndpointParamCache: commitChangedParams()
03-09 14:32:13.379   896 13261 D DlbDapEndpointParamCache: commit() Applying parameters for device 0x40000000
03-09 14:32:13.379   896 13261 D DlbDap2Process: setParam(preg = #1[-335])
03-09 14:32:13.379   896 13261 D DlbDapEndpointParamCache: doCommit() Committed 1 parameters out of 13.
03-09 14:32:13.379   896 13261 D DlbDapEndpointParamCache: commit() Overriding parameters for current device 0x00000002
03-09 14:32:13.379   896 13261 D DlbDapEndpointParamCache: doCommit() Committed 0 parameters out of 51.
03-09 14:32:13.379  1907  1907 D AudioManagerExtImpl: getStreamVolume packageName=android, index=7, streamType=3
03-09 14:32:13.626   938   965 D power@timer: [mtkPowerTimer] visRead:0
03-09 14:32:13.790   906  1172 I hwcomposer: [HWC] (0)fire a callback of refresh to SF[4]  
03-09 14:32:13.855   896 17733 D DlbDap2Process: process() called [660500] times
03-09 14:32:13.880  2754 11123 D OidtHandler: OidtContentObserver-- changed uri is content://settings/system/volume_music_speaker
03-09 14:32:13.883  2754 11123 I Oidt_AssetsUtil: read from assets success
03-09 14:32:13.883 19181 19316 D AudioManagerExtImpl: getStreamVolume packageName=com.google.android.googlequicksearchbox, index=7, streamType=3
03-09 14:32:13.888  2754 11123 D OidtHandler: Music speaker volume changed to 7
03-09 14:32:14.179  1195 24787 D CCodecBufferChannel: [c2.android.aac.decoder#354] buffers after EOS ignored (0 us)
03-09 14:32:14.438  1195 24785 D AudioTrack: stop(56): prior state:STATE_ACTIVE output 21 stream 3 session 1009
03-09 14:32:14.438  1195 24785 D AudioTrack: stop(56): called with 251904 frames delivered
03-09 14:32:14.438  1195 24785 D AudioTrackShared: this(0xf1a45e40), mCblk(0xf6812000), front(237081), mIsOut 1, interrupt() FUTEX_WAKE
03-09 14:32:14.440  1195 24785 D AudioTrack: stop(56): 0xf0c89800 stop done
03-09 14:32:14.470  1360  1849 D BufferPoolAccessor2.0: bufferpool2 0xb400007e062f4828 : 0(0 size) total buffers - 0(0 size) used buffers - 0/0 (recycle/alloc) - 0/0 (fetch/transfer)
03-09 14:32:14.470  1360  1849 D BufferPoolAccessor2.0: evictor expired: 1, evicted: 1
03-09 14:32:14.676  1907  2004 D OplusFeatureBrightnessBarController: mDarkLevel: 0
03-09 14:32:14.745  1015  1546 E AudioFlingerExtImpl: updateAudioDetectState pid : 23335, get null buffer
03-09 14:32:14.745  1015  1546 D MtkAudioResamplerDyn: MtkAudioResamplerDyn InBuffer::reset!!
03-09 14:32:14.817  1907  2104 I InputReader: theia saupwkProcessKey
03-09 14:32:14.817  1907  2104 I InputReader: theia start saupwkProcessKey
03-09 14:32:14.817  1907  2104 E system_server: [theia_saupwk] start saupwkProcessKey
03-09 14:32:14.818  1907  2104 D OplusKeyCombinationManager: down true keyCode 25 count 0 interactive true eventTime 72524878 mDownTimes: {}
03-09 14:32:14.819  1907  2104 W ContextImpl: Calling a method in the system process without a qualified user: android.app.ContextImpl.sendBroadcast:1177 com.android.server.policy.PhoneWindowManagerExtImpl.overrideInterceptKeyBeforeQueueing:985 com.android.server.policy.SubPhoneWindowManager.interceptKeyBeforeQueueing:48 com.android.server.wm.InputManagerCallback.interceptKeyBeforeQueueing:149 com.android.server.input.InputManagerService.interceptKeyBeforeQueueing:2897 
03-09 14:32:14.819  2459  2476 I EventManager: scanCode 114
03-09 14:32:14.821  1907  2104 D PhoneWindowManagerExtImpl: interceptKeyBeforeQueueing:KeyEvent { action=ACTION_DOWN, keyCode=KEYCODE_VOLUME_DOWN, scanCode=114, metaState=0, flags=0x8, repeatCount=0, eventTime=72524878, downTime=72524878, deviceId=2, source=0x101, displayId=-1 },mSosPowerKeyEnabled = true,mWalletSwitchState = 2,mIsQuickLaunchSupport = false
03-09 14:32:14.821  1907  2104 I OplusJoystickManager: read game pad state for game manager -> false
03-09 14:32:14.821  1907  2104 W OplusJoystickManager: mInterceptGamepadKey is false
03-09 14:32:14.821  1015  1546 D AudioFlinger_Threads: 0xb400007a4a40db80:threadLoop_write write muted data to hw, mixerStatus 0 start, mId 21, mBytesWritten 2211840
03-09 14:32:14.821  1907  2104 D KeyCombinationManager: down true keyCode 25 count 0 interactive true eventTime 72524878 mDownTimes: {}
03-09 14:32:14.895  1038  1053 D ccci_mdinit: (1):monitor_time_update_thread round:53299 ########
03-09 14:32:14.911  1195 24785 D AudioTrack: pause(56): prior state:STATE_STOPPED output 21 stream 3 session 1009
03-09 14:32:14.912 23335 23335 D AudioPlayer: Playback completed
03-09 14:32:14.913 23335 23335 V MediaPlayer: resetDrmState:  mDrmInfo=null mDrmProvisioningThread=null mPrepareDrmInProgress=false mActiveDrmScheme=false
03-09 14:32:14.913 23335 23335 V MediaPlayer: cleanDrmObj: mDrmObj=null mDrmSessionId=null
03-09 14:32:14.913 23335 23335 D MediaPlayer: _release native called
03-09 14:32:14.913  1195  1286 D NuPlayerDriver: reset(0xf260e780) at state 6
03-09 14:32:14.914  1195 24781 D OplusNuPlayer: initializeOplusMedia [142]: 
03-09 14:32:14.915  1015  1546 D AudioFlingerExtImpl: noteAudioAcive is 0 
03-09 14:32:14.915  1015  1546 D AudioFlinger_PlaybackThreadExtImpl: notifyAudioTrackRemove event:atlas_event_audio_track_distroy info:pid:23335,sessionId:1009,streamType:3,sampleRate:44100,flags:8,deviceTypes:2,hasFastMixer:0
03-09 14:32:14.915  1015  1546 D AtlasEventUploadUtils: setEvent event:atlas_event_audio_track_distroy
03-09 14:32:14.915  1195 24785 D AudioTrack: pause(56): prior state:STATE_STOPPED output 21 stream 3 session 1009
03-09 14:32:14.915  1195 24785 D AudioTrack: flush(56): 0xf0c89800, prior state:STATE_STOPPED
03-09 14:32:14.916  1015  1546 D AudioFlingerExtImpl: removeAudioSessionUidMap, remove 1009, map size 0
03-09 14:32:14.916  1015  1546 D AFExtImpl: ~TrackInfo() 0xb400007a62746c80
03-09 14:32:14.916  3436 13079 D OplusAtlas.OplusAtlasEventDispatch: setEvent:atlas_event_audio_track_distroy info:pid:23335,sessionId:1009,streamType:3,sampleRate:44100,flags:8,deviceTypes:2,hasFastMixer:0
03-09 14:32:14.916  1015  1546 V AudioPolicyIntefaceImpl: stopOutputSamplerate(), portId = 56, samplerate = 44100
03-09 14:32:14.917  3436  4162 D OplusAtlas.OplusMessageHandler: handleMessage: Msg { when=0 what=2 arg1=23335 arg2=3 target=com.oplus.atlas.OplusMessageHandler$MyHandler }
03-09 14:32:14.918  3436  4161 D OplusAtlas.OplusMessageHandler: handleMessage: Msg { when=0 what=2 arg1=23335 arg2=3 obj=com.oplus.atlas.OplusAtlasEvent@9476bf5 target=com.oplus.atlas.OplusMessageHandler$MyHandler }
03-09 14:32:14.918  3436  4162 D OplusAtlasService: myHandleMessage: Msg { when=-1ms what=2 arg1=23335 arg2=3 target=com.oplus.atlas.OplusMessageHandler$MyHandler }
03-09 14:32:14.918  1015  1252 V AudioPolicyIntefaceImpl: doStopOutputSamplerate, portId = 56, samplerate = 44100
03-09 14:32:14.918  1015  1252 D AudioPolicyManagerCustomImpl: hifiAudio_stopOutputSamplerate() -output = 56 -samplerate = 44100 mPrimaryOutput = 13 HifiState = 1
03-09 14:32:14.918  1015  1252 D APM_AudioPolicyManager: stopOutput portId 56
03-09 14:32:14.918  1015  1252 D APM_AudioPolicyManager: stopOutput() output 21, stream 3, session 1009
03-09 14:32:14.919  1015  1252 D APM_AudioPolicyManager: setOutputDevice() output 21 device AUDIO_DEVICE_NONE force 0 delayMs 256
03-09 14:32:14.919  1015  1252 W AudioPolicyManagerCustomImpl: [MTK_APM_Route]setOutputDevices() mIoHandle 21 mId 5 device (0x2)(0x1 , 0x2 , 0x4 , 0x8 , 0x10 , 0x20 , 0x40 , 0x4000 , 0x4000000) delayMs 256 force 0 size 5
03-09 14:32:14.919  1195 24785 D AudioTrack: stop(56): prior state:STATE_FLUSHED output 21 stream 3 session 1009
03-09 14:32:14.920  1195 24787 D OplusCCodec: signalFlush [580]: (0xf6b3dfc0)
03-09 14:32:14.920  1195 24787 I OplusFeedbackInfo: [signalFlush:L786]
03-09 14:32:14.921  1195 24787 D OplusCCodec: initiateShutdown [565]: (0xf6b3dfc0) keepComponentAllocated=0
03-09 14:32:14.922  5030  5030 V DeepThinker: BroadcastReceiverWrapper: onReceive, start dispatch android.media.ACTION_AUDIO_PLAYBACK_STATE_CHANGED
03-09 14:32:14.922  1015 12689 D AudioFlingerExtImpl: getActiveDeepBufferAudioPids pids = 
03-09 14:32:14.924  1195 24787 I hw-BpHwBinder: onLastStrongRef automatically unlinking death recipients
03-09 14:32:14.925  1907  2104 I InputReader: theia saupwkProcessKey
03-09 14:32:14.925  1360 11565 I hw-BpHwBinder: onLastStrongRef automatically unlinking death recipients
03-09 14:32:14.925  1907  2104 I InputReader: theia start saupwkProcessKey
03-09 14:32:14.925  1907  2104 E system_server: [theia_saupwk] start saupwkProcessKey
