03-09 14:32:14.925  1360 11565 I hw-BpHwBinder: onLastStrongRef automatically unlinking death recipients
03-09 14:32:14.925  1907  2104 D OplusKeyCombinationManager: down false keyCode 25 count 0 interactive true eventTime 72524986 mDownTimes: {25=72524878}
03-09 14:32:14.925  1195 24787 D BufferPoolAccessor2.0: bufferpool2 0xf1e07798 : 0(0 size) total buffers - 0(0 size) used buffers - 242/250 (recycle/alloc) - 8/248 (fetch/transfer)
03-09 14:32:14.925  1907  2104 D PhoneWindowManagerExtImpl: interceptKeyBeforeQueueing:KeyEvent { action=ACTION_UP, keyCode=KEYCODE_VOLUME_DOWN, scanCode=114, metaState=0, flags=0x8, repeatCount=0, eventTime=72524986, downTime=72524878, deviceId=2, source=0x101, displayId=-1 },mSosPowerKeyEnabled = true,mWalletSwitchState = 2,mIsQuickLaunchSupport = false
03-09 14:32:14.925  1907  2104 I OplusJoystickManager: read game pad state for game manager -> false
03-09 14:32:14.925  1907  2104 W OplusJoystickManager: mInterceptGamepadKey is false
03-09 14:32:14.925  1015  1252 D GameAudioEffects: hasAliveFastEffectTracks  return (0)
03-09 14:32:14.925  1015  1252 D AudioPolicyManagerExtImpl: oplusSelectOutputForMusicEffects pendingOutput  => 13  flags => 0x00000002  outputTageName =>primary output outputs.size(4) older music effect ouput(21), hasAliveGameTracks(0)
03-09 14:32:14.925  1015  1252 D AudioPolicyManagerExtImpl: oplusSelectOutputForMusicEffects pending music output is priamry, but no alive fast effect tracks, block effectchain fallback to primary, set deepbuffer as defaultEffectsOutput instead
03-09 14:32:14.925  1907  2104 D KeyCombinationManager: down false keyCode 25 count 2 interactive true eventTime 72524986 mDownTimes: {25=72524878}
03-09 14:32:14.925  1195 24786 D MediaCodec: flushMediametrics
03-09 14:32:14.926  1907  2149 I OplusWifiSarManager: Received action: android.media.ACTION_AUDIO_DEVICE_ROUTE_CHANGED
03-09 14:32:14.926  1195 24786 D OplusCCodec: ~OplusCCodec [144]: (0xf6b3dfc0)
03-09 14:32:14.926  3436  4161 D AudioManagerExtImpl: getStreamVolume packageName=com.oplus.atlas, index=7, streamType=3
03-09 14:32:14.928  3436  4161 D OplusAtlasFeedback: uploadMMCollectData MM_FB_EventID#20002#StreamType#3#SampleRate#44100#PackageName#com.ss.arap#StartTime#2025/03/09 14:32:09#TotalTime#5866#PlaySession#1009#PlayPid#23335#UsingDevice#2#StreamVolume#7#AppName#Audio Recorder And Player#StopTime#2025/03/09 14:32:14#AudioID#60835a8b44cd
03-09 14:32:14.928  2459  2476 I EventManager: scanCode 114
03-09 14:32:14.930  1195 24781 D NuPlayerDriver: notifyResetComplete(0xf260e780)
03-09 14:32:14.930  1195  1286 D NuPlayerDriver: ~NuPlayerDriver(0xf260e780)
03-09 14:32:14.931  1360 14388 D BufferPoolAccessor2.0: bufferpool2 0xb400007e062d3a28 : 0(0 size) total buffers - 0(0 size) used buffers - 241/246 (recycle/alloc) - 5/246 (fetch/transfer)
03-09 14:32:14.932  1360 11565 D BufferPoolAccessor2.0: Destruction - bufferpool2 0xb400007e062f4828 cached: 0/0M, 0/0% in use; allocs: 0, 0% recycled; transfers: 0, 0% unfetched
03-09 14:32:14.933  1195  1286 D AtlasEventUploadUtils: setEvent event:atlas_event_video_mediaplayer_state
03-09 14:32:14.933  1195  1286 W AMessage: failed to post message as target looper for handler 0 is gone.
03-09 14:32:14.933  3436 13079 D OplusAtlas.OplusAtlasEventDispatch: setEvent:atlas_event_video_mediaplayer_state info:STATE,-1,23335
03-09 14:32:14.934  3436  4159 D OplusAtlasVideo: callback success event:atlas_event_video_mediaplayer_state eventInfo:STATE,-1,23335
03-09 14:32:14.934  1195  1286 D AudioTrack: ~AudioTrack(56): 0xf0c89800
03-09 14:32:14.934  1195  1286 D AudioTrack: ~AudioTrack, releasing mStatus =0 session id 1009 from 1195 on behalf of 23335
03-09 14:32:14.934  1195  1286 D AudioTrack: stop(56): prior state:STATE_FLUSHED output 21 stream 3 session 1009
03-09 14:32:14.934 23335 23335 D MediaPlayer: _release native finished
03-09 14:32:14.934  1195  1286 D AudioTrack: stopAndJoinCallbacks(56) done
03-09 14:32:14.935  1015 13435 V AudioPolicyIntefaceImpl: releaseOutput()
03-09 14:32:14.935 23335 23335 W MediaPlayer: mediaplayer went away with unhandled events
03-09 14:32:14.936  1015  1252 V AudioPolicyIntefaceImpl: doReleaseOutput from tid 1252
03-09 14:32:14.937  1015  1252 D APM_AudioPolicyManager: [MTK_APM_Output]releaseOutput() 21 portId 56
03-09 14:32:14.977  1907  5235 D MediaSessionService: dispatchVolumeKeyEvent, pkg=com.ss.arap, opPkg=com.ss.arap, pid=23335, uid=10659, asSystem=true, event=KeyEvent { action=ACTION_DOWN, keyCode=KEYCODE_VOLUME_DOWN, scanCode=114, metaState=0, flags=0x8, repeatCount=0, eventTime=72524878, downTime=72524878, deviceId=2, source=0x101, displayId=-1 }, stream=-2147483648, musicOnly=false
03-09 14:32:14.978  1907  5235 D MediaSessionService: Adjusting suggestedStream=-2147483648 by -1. flags=4113, preferSuggestedStream=false, session=null
03-09 14:32:14.983  1907  1907 D AudioServiceExtImpl: ringVolumeDefault :0
03-09 14:32:14.984  1907  1907 D AudioServiceExtImpl: oplusGetParameters() keyValuePairs:OPLUS_AUDIO_GET_ADJUSTVOLUME_FORBIDUid: 1000
03-09 14:32:14.985  1907  5235 D MediaSessionService: dispatchVolumeKeyEvent, pkg=com.ss.arap, opPkg=com.ss.arap, pid=23335, uid=10659, asSystem=true, event=KeyEvent { action=ACTION_UP, keyCode=KEYCODE_VOLUME_DOWN, scanCode=114, metaState=0, flags=0x8, repeatCount=0, eventTime=72524986, downTime=72524878, deviceId=2, source=0x101, displayId=-1 }, stream=-2147483648, musicOnly=false
03-09 14:32:14.985  1907  5235 D MediaSessionService: Adjusting suggestedStream=-2147483648 by 0. flags=4116, preferSuggestedStream=false, session=null
03-09 14:32:14.988  5030  5030 V DeepThinker: BroadcastReceiverWrapper: onReceive, start dispatch android.media.VOLUME_CHANGED_ACTION
03-09 14:32:14.992  5030  5030 V DeepThinker: BroadcastReceiverWrapper: onReceive, start dispatch android.media.VOLUME_CHANGED_ACTION
03-09 14:32:14.996  5030  5030 V DeepThinker: BroadcastReceiverWrapper: onReceive, start dispatch android.media.VOLUME_CHANGED_ACTION
03-09 14:32:14.998  1015 13435 D APM_AudioPolicyManager: setVolumeCurveIndex device 00000002, index 6
03-09 14:32:15.000  5030  5030 V DeepThinker: BroadcastReceiverWrapper: onReceive, start dispatch android.media.VOLUME_CHANGED_ACTION
03-09 14:32:15.000  1015 13435 D APM_AudioPolicyManager: setVolumeCurveIndex device 00000002, index 6
03-09 14:32:15.002  1015 12689 D APM_AudioPolicyManager: setVolumeCurveIndex device 00000002, index 6
03-09 14:32:15.004  1015 12689 D APM_AudioPolicyManager: setVolumeCurveIndex device 00000002, index 6
03-09 14:32:15.005  2489  2713 I vol.Events: writeEvent level_changed STREAM_MUSIC 6
03-09 14:32:15.005  1907  1907 D AudioServiceExtImpl: ringVolumeDefault :0
03-09 14:32:15.006  1907  1907 D AudioServiceExtImpl: oplusGetParameters() keyValuePairs:OPLUS_AUDIO_GET_ADJUSTVOLUME_FORBIDUid: 1000
03-09 14:32:15.007  2489  2713 I vol.Events: writeEvent key STREAM_MUSIC 6
03-09 14:32:15.009  1907  1907 D AudioManagerExtImpl: getStreamVolume packageName=android, index=6, streamType=3
03-09 14:32:15.114  1907  2104 I InputReader: theia saupwkProcessKey
03-09 14:32:15.115  1907  2104 I InputReader: theia start saupwkProcessKey
03-09 14:32:15.115  1907  2104 E system_server: [theia_saupwk] start saupwkProcessKey
03-09 14:32:15.115  1907  2104 D OplusKeyCombinationManager: down true keyCode 25 count 0 interactive true eventTime 72525176 mDownTimes: {}
03-09 14:32:15.115  1907  2104 W ContextImpl: Calling a method in the system process without a qualified user: android.app.ContextImpl.sendBroadcast:1177 com.android.server.policy.PhoneWindowManagerExtImpl.overrideInterceptKeyBeforeQueueing:985 com.android.server.policy.SubPhoneWindowManager.interceptKeyBeforeQueueing:48 com.android.server.wm.InputManagerCallback.interceptKeyBeforeQueueing:149 com.android.server.input.InputManagerService.interceptKeyBeforeQueueing:2897 
03-09 14:32:15.116  2459  2476 I EventManager: scanCode 114
03-09 14:32:15.117  1907  2104 D PhoneWindowManagerExtImpl: interceptKeyBeforeQueueing:KeyEvent { action=ACTION_DOWN, keyCode=KEYCODE_VOLUME_DOWN, scanCode=114, metaState=0, flags=0x8, repeatCount=0, eventTime=72525176, downTime=72525176, deviceId=2, source=0x101, displayId=-1 },mSosPowerKeyEnabled = true,mWalletSwitchState = 2,mIsQuickLaunchSupport = false
03-09 14:32:15.117  1907  2104 I OplusJoystickManager: read game pad state for game manager -> false
03-09 14:32:15.117  1907  2104 W OplusJoystickManager: mInterceptGamepadKey is false
03-09 14:32:15.117  1907  2104 D KeyCombinationManager: down true keyCode 25 count 0 interactive true eventTime 72525176 mDownTimes: {}
03-09 14:32:15.184  1907  2104 I InputReader: theia saupwkProcessKey
03-09 14:32:15.184  1907  2104 I InputReader: theia start saupwkProcessKey
03-09 14:32:15.185  1907  2104 E system_server: [theia_saupwk] start saupwkProcessKey
03-09 14:32:15.185  1907  2104 D OplusKeyCombinationManager: down false keyCode 25 count 0 interactive true eventTime 72525246 mDownTimes: {25=72525176}
03-09 14:32:15.186  1907  2104 D PhoneWindowManagerExtImpl: interceptKeyBeforeQueueing:KeyEvent { action=ACTION_UP, keyCode=KEYCODE_VOLUME_DOWN, scanCode=114, metaState=0, flags=0x8, repeatCount=0, eventTime=72525246, downTime=72525176, deviceId=2, source=0x101, displayId=-1 },mSosPowerKeyEnabled = true,mWalletSwitchState = 2,mIsQuickLaunchSupport = false
03-09 14:32:15.186  1907  2104 I OplusJoystickManager: read game pad state for game manager -> false
03-09 14:32:15.186  1907  2104 W OplusJoystickManager: mInterceptGamepadKey is false
03-09 14:32:15.186  1907  2104 D KeyCombinationManager: down false keyCode 25 count 2 interactive true eventTime 72525246 mDownTimes: {25=72525176}
03-09 14:32:15.186  2459  2476 I EventManager: scanCode 114
03-09 14:32:15.273  1907  5235 D MediaSessionService: dispatchVolumeKeyEvent, pkg=com.ss.arap, opPkg=com.ss.arap, pid=23335, uid=10659, asSystem=true, event=KeyEvent { action=ACTION_DOWN, keyCode=KEYCODE_VOLUME_DOWN, scanCode=114, metaState=0, flags=0x8, repeatCount=0, eventTime=72525176, downTime=72525176, deviceId=2, source=0x101, displayId=-1 }, stream=-2147483648, musicOnly=false
03-09 14:32:15.273  1907  5235 D MediaSessionService: Adjusting suggestedStream=-2147483648 by -1. flags=4113, preferSuggestedStream=false, session=null
03-09 14:32:15.277  1907  1907 D AudioServiceExtImpl: ringVolumeDefault :0
03-09 14:32:15.278  1907  1907 D AudioServiceExtImpl: oplusGetParameters() keyValuePairs:OPLUS_AUDIO_GET_ADJUSTVOLUME_FORBIDUid: 1000
03-09 14:32:15.279  1907  5235 D MediaSessionService: dispatchVolumeKeyEvent, pkg=com.ss.arap, opPkg=com.ss.arap, pid=23335, uid=10659, asSystem=true, event=KeyEvent { action=ACTION_UP, keyCode=KEYCODE_VOLUME_DOWN, scanCode=114, metaState=0, flags=0x8, repeatCount=0, eventTime=72525246, downTime=72525176, deviceId=2, source=0x101, displayId=-1 }, stream=-2147483648, musicOnly=false
03-09 14:32:15.279  1907  5235 D MediaSessionService: Adjusting suggestedStream=-2147483648 by 0. flags=4116, preferSuggestedStream=false, session=null
03-09 14:32:15.284  5030  5030 V DeepThinker: BroadcastReceiverWrapper: onReceive, start dispatch android.media.VOLUME_CHANGED_ACTION
03-09 14:32:15.286  5030  5030 V DeepThinker: BroadcastReceiverWrapper: onReceive, start dispatch android.media.VOLUME_CHANGED_ACTION
03-09 14:32:15.289  5030  5030 V DeepThinker: BroadcastReceiverWrapper: onReceive, start dispatch android.media.VOLUME_CHANGED_ACTION
03-09 14:32:15.291  5030  5030 V DeepThinker: BroadcastReceiverWrapper: onReceive, start dispatch android.media.VOLUME_CHANGED_ACTION
03-09 14:32:15.291  1015  2182 D APM_AudioPolicyManager: setVolumeCurveIndex device 00000002, index 5
03-09 14:32:15.293  1015 13435 D APM_AudioPolicyManager: setVolumeCurveIndex device 00000002, index 5
03-09 14:32:15.294  1015 13435 D APM_AudioPolicyManager: setVolumeCurveIndex device 00000002, index 5
03-09 14:32:15.296  1015 13435 D APM_AudioPolicyManager: setVolumeCurveIndex device 00000002, index 5
03-09 14:32:15.296  1907  1907 D AudioServiceExtImpl: ringVolumeDefault :0
03-09 14:32:15.297  1907  1907 D AudioServiceExtImpl: oplusGetParameters() keyValuePairs:OPLUS_AUDIO_GET_ADJUSTVOLUME_FORBIDUid: 1000
03-09 14:32:15.297  2489  2713 I vol.Events: writeEvent level_changed STREAM_MUSIC 5
03-09 14:32:15.298  2489  2713 I vol.Events: writeEvent key STREAM_MUSIC 5
03-09 14:32:15.299  1907  1907 D AudioManagerExtImpl: getStreamVolume packageName=android, index=5, streamType=3
03-09 14:32:15.439 16060 16107 I [0]DCS-StrategyManager: isNeedUpload: false, type: 2006, appID: 30384, logTag: audio, eventID: 20001
03-09 14:32:15.439 16060 16107 W [0]DCS  : Record event failed. DCS reject event: [appId=30384,logTag=audio,eventId=20001] . Pls check server config.
03-09 14:32:15.439 16060 16107 I [0]DCS-StrategyManager: isNeedUpload: false, type: 2006, appID: 30384, logTag: audio, eventID: 20002
03-09 14:32:15.440 16060 16107 W [0]DCS  : Record event failed. DCS reject event: [appId=30384,logTag=audio,eventId=20002] . Pls check server config.
03-09 14:32:15.442  1907  2104 I InputReader: theia saupwkProcessKey
03-09 14:32:15.442  1907  2104 I InputReader: theia start saupwkProcessKey
03-09 14:32:15.442  1907  2104 E system_server: [theia_saupwk] start saupwkProcessKey
03-09 14:32:15.443  1907  2104 D OplusKeyCombinationManager: down true keyCode 25 count 0 interactive true eventTime 72525504 mDownTimes: {}
03-09 14:32:15.443  1907  2104 W ContextImpl: Calling a method in the system process without a qualified user: android.app.ContextImpl.sendBroadcast:1177 com.android.server.policy.PhoneWindowManagerExtImpl.overrideInterceptKeyBeforeQueueing:985 com.android.server.policy.SubPhoneWindowManager.interceptKeyBeforeQueueing:48 com.android.server.wm.InputManagerCallback.interceptKeyBeforeQueueing:149 com.android.server.input.InputManagerService.interceptKeyBeforeQueueing:2897 
03-09 14:32:15.443  2459  2476 I EventManager: scanCode 114
03-09 14:32:15.444  1907  2104 D PhoneWindowManagerExtImpl: interceptKeyBeforeQueueing:KeyEvent { action=ACTION_DOWN, keyCode=KEYCODE_VOLUME_DOWN, scanCode=114, metaState=0, flags=0x8, repeatCount=0, eventTime=72525504, downTime=72525504, deviceId=2, source=0x101, displayId=-1 },mSosPowerKeyEnabled = true,mWalletSwitchState = 2,mIsQuickLaunchSupport = false
03-09 14:32:15.444  1907  2104 I OplusJoystickManager: read game pad state for game manager -> false
03-09 14:32:15.444  1907  2104 W OplusJoystickManager: mInterceptGamepadKey is false
03-09 14:32:15.444  1907  2104 D KeyCombinationManager: down true keyCode 25 count 0 interactive true eventTime 72525504 mDownTimes: {}
03-09 14:32:15.506  2754 11123 D OidtHandler: OidtContentObserver-- changed uri is content://settings/system/volume_music_speaker
03-09 14:32:15.507  2754 11123 I Oidt_AssetsUtil: read from assets success
03-09 14:32:15.507 19181 19316 D AudioManagerExtImpl: getStreamVolume packageName=com.google.android.googlequicksearchbox, index=5, streamType=3
03-09 14:32:15.510  2754 11123 D OidtHandler: Music speaker volume changed to 5
03-09 14:32:15.535  1907  2104 I InputReader: theia saupwkProcessKey
03-09 14:32:15.535  1907  2104 I InputReader: theia start saupwkProcessKey
03-09 14:32:15.535  1907  2104 E system_server: [theia_saupwk] start saupwkProcessKey
03-09 14:32:15.535  1907  2104 D OplusKeyCombinationManager: down false keyCode 25 count 0 interactive true eventTime 72525597 mDownTimes: {25=72525504}
03-09 14:32:15.536  1907  2104 D PhoneWindowManagerExtImpl: interceptKeyBeforeQueueing:KeyEvent { action=ACTION_UP, keyCode=KEYCODE_VOLUME_DOWN, scanCode=114, metaState=0, flags=0x8, repeatCount=0, eventTime=72525597, downTime=72525504, deviceId=2, source=0x101, displayId=-1 },mSosPowerKeyEnabled = true,mWalletSwitchState = 2,mIsQuickLaunchSupport = false
03-09 14:32:15.536  1907  2104 I OplusJoystickManager: read game pad state for game manager -> false
03-09 14:32:15.536  1907  2104 W OplusJoystickManager: mInterceptGamepadKey is false
03-09 14:32:15.536  1907  2104 D KeyCombinationManager: down false keyCode 25 count 2 interactive true eventTime 72525597 mDownTimes: {25=72525504}
03-09 14:32:15.536  2459  2476 I EventManager: scanCode 114
03-09 14:32:15.597  1907  5235 D MediaSessionService: dispatchVolumeKeyEvent, pkg=com.ss.arap, opPkg=com.ss.arap, pid=23335, uid=10659, asSystem=true, event=KeyEvent { action=ACTION_DOWN, keyCode=KEYCODE_VOLUME_DOWN, scanCode=114, metaState=0, flags=0x8, repeatCount=0, eventTime=72525504, downTime=72525504, deviceId=2, source=0x101, displayId=-1 }, stream=-2147483648, musicOnly=false
03-09 14:32:15.597  1907  5235 D MediaSessionService: Adjusting suggestedStream=-2147483648 by -1. flags=4113, preferSuggestedStream=false, session=null
03-09 14:32:15.602  1907  1907 D AudioServiceExtImpl: ringVolumeDefault :0
03-09 14:32:15.603  1907  5235 D MediaSessionService: dispatchVolumeKeyEvent, pkg=com.ss.arap, opPkg=com.ss.arap, pid=23335, uid=10659, asSystem=true, event=KeyEvent { action=ACTION_UP, keyCode=KEYCODE_VOLUME_DOWN, scanCode=114, metaState=0, flags=0x8, repeatCount=0, eventTime=72525597, downTime=72525504, deviceId=2, source=0x101, displayId=-1 }, stream=-2147483648, musicOnly=false
03-09 14:32:15.603  1907  5235 D MediaSessionService: Adjusting suggestedStream=-2147483648 by 0. flags=4116, preferSuggestedStream=false, session=null
03-09 14:32:15.604  1907  1907 D AudioServiceExtImpl: oplusGetParameters() keyValuePairs:OPLUS_AUDIO_GET_ADJUSTVOLUME_FORBIDUid: 1000
03-09 14:32:15.607  5030  5030 V DeepThinker: BroadcastReceiverWrapper: onReceive, start dispatch android.media.VOLUME_CHANGED_ACTION
03-09 14:32:15.609  5030  5030 V DeepThinker: BroadcastReceiverWrapper: onReceive, start dispatch android.media.VOLUME_CHANGED_ACTION
03-09 14:32:15.610  5030  5030 V DeepThinker: BroadcastReceiverWrapper: onReceive, start dispatch android.media.VOLUME_CHANGED_ACTION
03-09 14:32:15.612  5030  5030 V DeepThinker: BroadcastReceiverWrapper: onReceive, start dispatch android.media.VOLUME_CHANGED_ACTION
03-09 14:32:15.614  1015 13435 D APM_AudioPolicyManager: setVolumeCurveIndex device 00000002, index 4
03-09 14:32:15.615  1015 12689 D APM_AudioPolicyManager: setVolumeCurveIndex device 00000002, index 4
03-09 14:32:15.616  1907  1907 D AudioServiceExtImpl: ringVolumeDefault :0
03-09 14:32:15.616  1015 13435 D APM_AudioPolicyManager: setVolumeCurveIndex device 00000002, index 4
03-09 14:32:15.618  1015 13435 D APM_AudioPolicyManager: setVolumeCurveIndex device 00000002, index 4
03-09 14:32:15.619  1907  1907 D AudioServiceExtImpl: oplusGetParameters() keyValuePairs:OPLUS_AUDIO_GET_ADJUSTVOLUME_FORBIDUid: 1000
03-09 14:32:15.619  2489  2713 I vol.Events: writeEvent level_changed STREAM_MUSIC 4
03-09 14:32:15.620  2489  2713 I vol.Events: writeEvent key STREAM_MUSIC 4
03-09 14:32:15.622  1907  1907 D AudioManagerExtImpl: getStreamVolume packageName=android, index=4, streamType=3
03-09 14:32:15.675  1907  2004 D OplusFeatureBrightnessBarController: mDarkLevel: 0
03-09 14:32:15.799  2754 11123 D OidtHandler: OidtContentObserver-- changed uri is content://settings/system/volume_music_speaker
03-09 14:32:15.800 19181 19316 D AudioManagerExtImpl: getStreamVolume packageName=com.google.android.googlequicksearchbox, index=4, streamType=3
03-09 14:32:15.800  2754 11123 I Oidt_AssetsUtil: read from assets success
03-09 14:32:15.804  2754 11123 D OidtHandler: Music speaker volume changed to 4
03-09 14:32:16.030   906  1172 I hwcomposer: [HWC] (0)fire a callback of refresh to SF[4]  
03-09 14:32:16.075  1289  1289 D AALLightSensor: oldLux=85 [SA:62 LA:60] newLux=85 (oriLux: 63)
03-09 14:32:16.122  1907  5235 I OplusStatusBarManagerServiceExtImpl:  getTopIsFullscreen mTopIsFullscreen: false
03-09 14:32:16.123  2754 11123 D OidtHandler: OidtContentObserver-- changed uri is content://settings/system/volume_music_speaker
03-09 14:32:16.125  2754 11123 I Oidt_AssetsUtil: read from assets success
03-09 14:32:16.126 19181 19316 D AudioManagerExtImpl: getStreamVolume packageName=com.google.android.googlequicksearchbox, index=4, streamType=3
03-09 14:32:16.131  2754 11123 D OidtHandler: Music speaker volume changed to 4
03-09 14:32:16.418   906  1172 I hwcomposer: [HWC] (0)fire a callback of refresh to SF[4]  
03-09 14:32:16.475  1907  2004 D OplusFeatureBrightnessBarController: mDarkLevel: 0
03-09 14:32:16.560   896 17733 D DlbDap2Process: process() called [661000] times
03-09 14:32:17.475  1907  2004 D OplusFeatureBrightnessBarController: mDarkLevel: 0
03-09 14:32:17.755   896 13261 D AudioALSAStreamOut: standby(), flag 8
03-09 14:32:17.755   896 13261 D AudioALSAStreamOut: standbyStreamOut(), halRequest 0, mDestroy 0, flag 8
03-09 14:32:17.755   896 13261 D AudioALSAStreamOut: close(), flags 8
03-09 14:32:17.755   896 13261 D AudioALSAPlaybackHandlerDsp: +close(), flag 0x8, mDevice = 0x2
03-09 14:32:17.755   896 13261 D AudioALSAHardwareResourceManager: +stopOutputDeviceWithoutNotify(), mOutputDevices = 0x2, mStartOutputDevicesCount = 1
03-09 14:32:17.755   896 13261 D AudioALSADeviceConfigManager: ApplyDeviceTurnoffSequenceByName(), DeviceName = ext_speaker_output descriptor->DeviceStatusCounter = 1
03-09 14:32:17.768   896 13261 D AudioALSADeviceConfigManager: ApplyDeviceTurnoffSequenceByName(), DeviceName = speaker_output descriptor->DeviceStatusCounter = 1
03-09 14:32:17.770   896 13261 D AudioDspStreamManager: +stopDevice() Devices 0x2 mOutputDeviceCount 0x1
03-09 14:32:17.770   896 13261 D AudioDspStreamManager: dataPasstoBleDlTask return false outputdevice = 0x2 playbckType = 10
03-09 14:32:17.770   896 13261 D AudioDspStreamManager: needStopBleDlTask ret = 0 mDspBleDlStreamState = 0 mDspTaskBleDlActive[0] dspstartflag[0]
03-09 14:32:17.770   896 13261 D AudioDspStreamManager: dataPasstoA2DPTask return false outputdevice = 0x2 playbckType = 10
03-09 14:32:17.770   896 13261 D AudioDspStreamManager: needStopA2dpTask ret = 0 mDspA2DPStreamState = 0 mDspTaskA2DPActive[0] dspstartflag[0]
03-09 14:32:17.770   896 13261 D AudioDspStreamManager: dataPassToCodec output_devices = 0x2 mAudioOutputFlags = 8 devicecount = 1 ret = 1
03-09 14:32:17.770   896 13261 D AudioDspStreamManager: dataPasstoDspAfe output_devices = 0x2 Flags = 8 isUseAdspPlaybackTask = 1 ret = 1
03-09 14:32:17.770   896 13261 D AudioDspStreamManager: needStopPlaybackTask ret = 1, force: 1, mDspTaskPlaybackActive[1] dspstartflag[1]
03-09 14:32:17.770   896 13261 D AudioDspStreamManager: +stopPlaybackTask
03-09 14:32:17.771   896 13261 D AudioALSAPlaybackHandlerDsp: +stop(),flag = 0x8 retval = 0
03-09 14:32:17.771   896 13261 D audio_messenger_ipi: hal send, task: 9, msg_id: 0x10, ack_type: 0, p1: 0x0, p2: 0x0
03-09 14:32:17.771   896 13261 D AudioDspStreamManager: -triggerDsp task_scene = 9 data_type = 16
03-09 14:32:17.772   896 13261 D AudioDspStreamManager: stopTasks_l() mDspStreamState = DSP_STREAM_STOP
03-09 14:32:17.772   896 13261 D AudioDspStreamManager: -stopDevice() Devices 0x2
03-09 14:32:17.773   896 13261 D AudioALSAPlaybackHandlerDsp: -closePcmDriver(), mPcm = 0x0
03-09 14:32:17.773   896 13261 D AudioDspStreamManager: +removePlaybackHandler(), playbackHandler = 4060279808 0xf202f400
03-09 14:32:17.774   896 13261 D AudioDspStreamManager: checkMusicTaskStatus ret = DSP_STREAM_STOP
03-09 14:32:17.774   896 13261 D audio_messenger_ipi: hal send, task: 13, msg_id: 0x16, ack_type: 1, p1: 0x0, p2: 0x0
03-09 14:32:17.775   896 13261 D aurisys_lib_manager: delete_aurisys_lib_manager(), manager 0xf4963bd0
03-09 14:32:17.776   896 13261 D AudioALSAPlaybackHandlerBase: ClosePCMDumpDSP() flag 8, task_scene = 13
03-09 14:32:17.776   896 13261 D audio_messenger_ipi: audio_ipi_dma_cbk_deregister(), task 13
03-09 14:32:17.776   896 13261 D AudioDspStreamManager: setDspRuntimeEn(), task_scene = 13, condition = 0
03-09 14:32:17.776   896 13261 D AudioDspStreamManager: removePlaybackHandler() mDspMusicStreamState = DSP_STREAM_STOP
03-09 14:32:17.776   896 13261 D AudioDspStreamManager: removePlaybackHandler() mOutputDeviceCount 0x0
03-09 14:32:17.776   896 13261 D AudioDspStreamManager: needStopBleDlTask ret = 0 mDspBleDlStreamState = 0 mDspTaskBleDlActive[0] dspstartflag[0]
03-09 14:32:17.777   896 13261 D AudioDspStreamManager: needStopA2dpTask ret = 0 mDspA2DPStreamState = 0 mDspTaskA2DPActive[0] dspstartflag[0]
03-09 14:32:17.777   896 13261 D AudioDspStreamManager: needStopPlaybackTask ret = 0, force: 0, mDspTaskPlaybackActive[0] dspstartflag[0]
03-09 14:32:17.777   896 13261 D AudioDspStreamManager: needOpenBleDlTask ret = 4 mDspBleDlStreamState = 0 startflag = 0
03-09 14:32:17.777   896 13261 D AudioDspStreamManager: needOpenA2dpTask ret = 4 mDspA2DPStreamState = 0 a2dpstartflag = 0
03-09 14:32:17.777   896 13261 D AudioDspStreamManager: getDspStreamStatus ret = 0 mDspStreamState = 3 dspstartflag = 0 dsp_recovery_mode 0
03-09 14:32:17.784   896 13261 D AudioALSADeviceConfigManager: ApplyDeviceTurnoffSequenceByName(), DeviceName = PLAYBACK4_TO_ADDA_DL descriptor->DeviceStatusCounter = 1
03-09 14:32:17.787   896 13261 D AudioALSADeviceConfigManager: ApplyDeviceTurnoffSequenceByName(), DeviceName = I2S0_TO_CAPTURE4 descriptor->DeviceStatusCounter = 1
03-09 14:32:17.789   896 13261 D AudioDspStreamManager: setDspRefRuntimeEn(), task_scene = 9, condition = 0
03-09 14:32:17.789   896 13261 D AudioDspStreamManager: setDspRuntimeEn(), task_scene = 9, condition = 0
03-09 14:32:17.789   896 13261 D audio_messenger_ipi: hal send, task: 9, msg_id: 0x16, ack_type: 1, p1: 0x0, p2: 0x0
03-09 14:32:17.790   896 13261 D aurisys_lib_manager: delete_aurisys_lib_manager(), manager 0xf4964e30
03-09 14:32:17.791   896 13261 D audio_messenger_ipi: audio_ipi_dma_cbk_deregister(), task 9
03-09 14:32:17.791   896 13261 D AudioALSAPlaybackHandlerBase: ClosePCMDumpDSP() flag 8, task_scene = 9
03-09 14:32:17.791   896 13261 D AudioDspStreamManager: -closePlaybackTask(), mDspTaskPlaybackActive = 0, mPlaybackUlPcm = 0x0 mPlaybackDlPcm = 0x0, mDspPcm = 0x0
03-09 14:32:17.791   896 13261 D AudioALSAHardwareResourceManager: notifyOutputDeviceStatusChange(), device = 2, status = 1, sampleRate = 0, mOpenSpeakerPathCount = 0
03-09 14:32:17.791   896 13261 D AudioALSAStreamManager: speakerStatusChangeCb(), status = 1, sampleRate = 0
03-09 14:32:17.791   896 13261 D audio_messenger_ipi: hal send, task: 8, msg_id: 0x16, ack_type: 1, p1: 0x0, p2: 0x0
03-09 14:32:17.792   896 13261 D aurisys_lib_manager: delete_aurisys_lib_manager(), manager 0xf4963af0
03-09 14:32:17.792   896 13261 D audio_messenger_ipi: audio_ipi_dma_cbk_deregister(), task 8
03-09 14:32:17.792   896 13261 D AudioALSAPlaybackHandlerBase: closeWavDump()
03-09 14:32:17.792   896 13261 D AudioALSAPlaybackHandlerBase: ClosePCMDumpDSP() flag 8, task_scene = 8
03-09 14:32:17.792   896 13261 D AudioALSAPlaybackHandlerDsp: -close()
03-09 14:32:17.792   896 13261 D AudioALSAStreamOut: close(), flags: 8 output_devices: 2 should be replaced back to PolicyDevice: 2 
03-09 14:32:17.792   896 13261 D AudioALSAPlaybackHandlerDsp: ~AudioALSAPlaybackHandlerDsp()
03-09 14:32:17.793   896 13261 D AudioALSAStreamOut: close() checkCardClose 0
03-09 14:32:17.793   896 13261 D audio_engineer_test: disable_force_test: disable=0 force_test_dis=0 stream_open_count=1
03-09 14:32:17.793   896 13261 D oplus_audio_config: oplus_get_config(),unkonw config
03-09 14:32:17.793   896 13261 D oplus_audio_config: oplus_is_config_support(),param null
03-09 14:32:17.793   896 13261 D AudioALSAStreamOut: isHiRes = 0
03-09 14:32:17.793   896 13261 D AudioALSAStreamOut: reduceAw87339PAOutputVoltage: ActiveOutputStreamNum = 0, flag = 0
