--------- beginning of main
03-09 14:31:55.677  1289  1289 D AALLightSensor: oldLux=66 [SA:65 LA:65] newLux=66 (oriLux: 66)
--------- beginning of system
03-09 14:31:55.877  1907  2004 D OplusFeatureBrightnessBarController: mDarkLevel: 0
03-09 14:31:56.108  1907  5240 I OplusStatusBarManagerServiceExtImpl:  getTopIsFullscreen mTopIsFullscreen: false
03-09 14:31:56.302   906  1172 I hwcomposer: [HWC] (0)fire a callback of refresh to SF[4]  
03-09 14:31:56.348  3490  3490 D BoundBrokerSvc: onUnbind: Intent { act=com.google.android.gms.mdisync.service.START dat=chimera-action: cmp=com.google.android.gms/.chimera.GmsApiService }
03-09 14:31:56.389  3490  3490 D BoundBrokerSvc: onUnbind: Intent { act=com.google.android.mobstore.service.START pkg=com.google.android.gms }
03-09 14:31:56.514   920   978 E VirtualSensors: pedo minute, step_count = 30, report_count = 12628 move_statust = 0 ,time_gap = 0 , step_run_count = 0 , step_walk_count = 30
03-09 14:31:56.515   920   978 E power   : ISystemSuspend::getService() failed.
03-09 14:31:56.515   920   978 E VirtualSensors: post_events : call
03-09 14:31:56.521  1907  2071 E AppOps  : attributionTag  not declared in manifest of com.oplus.notificationmanager
03-09 14:31:56.527  1907  2071 E AppOps  : attributionTag  not declared in manifest of com.oplus.notificationmanager
03-09 14:31:56.528  2754  2754 I StepApp_StepDataPreHandler: (main)onSensorChanged raw data: step=30.0 state=0.0 minuteDelta=0.0 timestamp=758591825017760 steprun=0.0 stepwalk=30.0 formatted data: step=30 state=0 timestamp=758591825017760 time=1741510916513 steprun=0 stepwalk=30
03-09 14:31:58.276  1907  2004 D OplusFeatureBrightnessBarController: mDarkLevel: 0
03-09 14:31:58.672 11588 11633 E Parcel  : Reading a NULL string not supported here.
03-09 14:31:58.673 19068 19081 E Parcel  : Reading a NULL string not supported here.
03-09 14:31:58.674 11588 23991 I earchbox:searc: oneway function results for code 2 on binder at 0xb400007079fd4e80 will be dropped but finished with status UNKNOWN_TRANSACTION
03-09 14:31:58.711 11588 11633 E Parcel  : Reading a NULL string not supported here.
03-09 14:31:58.712 19181 22746 E Parcel  : Reading a NULL string not supported here.
03-09 14:31:58.713 11588 23991 I earchbox:searc: oneway function results for code 2 on binder at 0xb40000708c32d1a0 will be dropped but finished with status UNKNOWN_TRANSACTION
03-09 14:31:59.392 24738 24738 D ProcessState: Binder ioctl to enable oneway spam detection failed: Invalid argument
03-09 14:31:59.403 23335 23335 D MainActivity: Received broadcast: com.ss.arap.START_RECORDING
03-09 14:31:59.409 23335 23335 D MediaRecorder: constructor E 0xb40000708c01cf80
03-09 14:31:59.409  1195  1896 D StagefrightRecorder: Constructor+
03-09 14:31:59.410  1195  1896 D StagefrightRecorder: stop+
03-09 14:31:59.410  1195  1896 D StagefrightRecorder: stop-
03-09 14:31:59.410  1195  1896 D StagefrightRecorder: Constructor-
03-09 14:31:59.410  1195  1896 D OplusStagefrightRecorder: Constructor+
03-09 14:31:59.410  1195  1896 D OplusStagefrightRecorder: reset+
03-09 14:31:59.410  1195  1896 D OplusStagefrightRecorder: stop+
03-09 14:31:59.410  1195  1896 D StagefrightRecorder: stop+
03-09 14:31:59.410  1195  1896 V ListServiceUtils: checkInListByUid start module:disable-stop-timeus uid:10659  time 72509472322us
03-09 14:31:59.410  1195  1896 V ListServiceUtils: checkInListByUid end module:disable-stop-timeus uid:10659  time 72509472768us
03-09 14:31:59.410  1195  1896 D ListServiceUtils: checkInListByUid module:disable-stop-timeus uid:10659 cost 443us return 0
03-09 14:31:59.410  1195  1896 W StagefrightRecorder: stop while neither recording nor paused
03-09 14:31:59.410  1195  1896 D StagefrightRecorder: stop-
03-09 14:31:59.410  1195  1896 D OplusStagefrightRecorder: stop- err=0 (cost time=573 us)
03-09 14:31:59.410  1195  1896 V ListServiceUtils: checkInListByUid start module:record-parameters uid:10659  time 72509472897us
03-09 14:31:59.411  1195  1896 V ListServiceUtils: checkInListByUid end module:record-parameters uid:10659  time 72509473113us
03-09 14:31:59.411  1195  1896 D ListServiceUtils: checkInListByUid module:record-parameters uid:10659 cost 213us return 0
03-09 14:31:59.411  1195  1896 V ListServiceUtils: checkInListByUid start module:cbr-bitrate-mode uid:10659  time 72509473153us
03-09 14:31:59.411  1195  1896 V ListServiceUtils: checkInListByUid end module:cbr-bitrate-mode uid:10659  time 72509473328us
03-09 14:31:59.411  1195  1896 D ListServiceUtils: checkInListByUid module:cbr-bitrate-mode uid:10659 cost 173us return 0
03-09 14:31:59.411  1195  1896 D OplusStagefrightRecorder: reset-
03-09 14:31:59.411  1195  1896 V ListServiceUtils: checkInListByPid module:smvr-tag pid:23335 cost 397us return 0
03-09 14:31:59.411  1195  1896 D OplusStagefrightRecorder: Constructor-
03-09 14:31:59.411  1195  1896 D MediaPlayerService: Create new media recorder client from pid AttributionSourceState{pid: 23335, uid: 10659, packageName: com.ss.arap, attributionTag: (null), token: {no toString() implemented}, renouncedPermissions: [], next: []}
03-09 14:31:59.412  1195  1896 D IMediaPlayerService: onTransact createMediaRecorder
03-09 14:31:59.412 23335 23335 D MediaRecorder: constructor X 0xb40000708c01cf80
03-09 14:31:59.412 23335 23335 E CheckPermission: media_record-code= 24
03-09 14:31:59.412 23335 23335 D MediaRecorder: init E 0xb40000708c01cf80
03-09 14:31:59.412 23335 23335 E CheckPermission: media_record-code= 2
03-09 14:31:59.413 23335 23335 E CheckPermission: media_record-code= 23
03-09 14:31:59.420 23335 23335 D MediaRecorder: init X 0xb40000708c01cf80
03-09 14:31:59.421 23335 23335 E CheckPermission: media_record-code= 12
03-09 14:31:59.423  1195  1286 D StagefrightRecorder: setAudioSource: 1
03-09 14:31:59.424 23335 23335 E CheckPermission: media_record-code= 13
03-09 14:31:59.424  1195  1897 D StagefrightRecorder: setOutputFormat: 2
03-09 14:31:59.424 23335 23335 E CheckPermission: media_record-code= 15
03-09 14:31:59.424  1195  1897 D StagefrightRecorder: setAudioEncoder: 3
03-09 14:31:59.425 23335 23335 E CheckPermission: media_record-code= 20
03-09 14:31:59.425  1195  1897 D StagefrightRecorder: setParamAudioSamplingRate: 44100
03-09 14:31:59.425 23335 23335 E CheckPermission: media_record-code= 20
03-09 14:31:59.425  1195  1286 D StagefrightRecorder: setParamAudioEncodingBitRate: 128000
03-09 14:31:59.426 23335 23335 E CheckPermission: media_record-code= 16
03-09 14:31:59.427  1195  1896 D StagefrightRecorder: setOutputFile: 17
03-09 14:31:59.427 23335 23335 D MediaRecorder: prepare E 0xb40000708c01cf80
03-09 14:31:59.427 23335 23335 E CheckPermission: media_record-code= 9
03-09 14:31:59.428 23335 23335 D MediaRecorder: prepare X 0xb40000708c01cf80
03-09 14:31:59.428 23335 23335 D MediaRecorder: start E 0xb40000708c01cf80
03-09 14:31:59.428 23335 23335 E CheckPermission: media_record-code= 8
03-09 14:31:59.429  1195 32305 D OplusStagefrightRecorder: start+
03-09 14:31:59.429  1195 32305 D StagefrightRecorder: start+
03-09 14:31:59.429  1195 32305 D OplusStagefrightRecorder: prepareInternal+
03-09 14:31:59.429  1195 32305 D StagefrightRecorder: prepare+
03-09 14:31:59.429  1195 32305 D MPEG4Writer: PreAllocation disabled. fallocate : Operation not supported on transport endpoint, 95
03-09 14:31:59.429  1195 32305 D OplusMPEG4Writer: OplusMPEG4Writer [53]: 
03-09 14:31:59.429  1195 32305 D AudioRecord: set(): 0xf1a21a80, inputSource 0, sampleRate 44100, format 0x1, channelMask 0x10, frameCount 2048, notificationFrames 1024, sessionId 0, transferType 0, flags 0, identity AttributionSourceState{pid: 23335, uid: 10659, packageName: com.ss.arap, attributionTag: (null), token: {no toString() implemented}, renouncedPermissions: [], next: []} uid 10659, pid 23335
03-09 14:31:59.429  1195 32305 D AudioRecordExtImpl: AudioRecordExtImpl init
03-09 14:31:59.429  1195 32305 D AudioRecordExtImpl: audiorecordTest
03-09 14:31:59.429  1195 32305 D AudioRecord: set(): inputSource 0, sampleRate 44100, format 0x1, channelMask 0x10, frameCount 2048, notificationFrames 1024, sessionId 0, transferType 0, flags 0, identity AttributionSourceState{pid: 23335, uid: 10659, packageName: com.ss.arap, attributionTag: (null), token: {no toString() implemented}, renouncedPermissions: [], next: []}uid 10659, pid 23335
03-09 14:31:59.430  1195 32305 D AudioRecord: set(): mSessionId 0
03-09 14:31:59.434  1015 20405 D AudioFlingerExtImpl: addAudioSessionMap, add 1001, uid 10659, map size 1
03-09 14:31:59.435  1255  1267 D MMListService: getListValueByUid module:allowed-input-submix, uid:10659
03-09 14:31:59.435  1015 20405 V ListServiceUtils: checkInListByUid module:allowed-input-submix uid:10659 cost 310us return (null)
03-09 14:31:59.437  1015 20405 I AudioPolicyIntefaceImpl: getInputForAttr() INSP: type=audio,case=4,attr_content_type=0,attr_usage=0,attr_source=1,attr_flags=0,attr_tags=,config_sample_rate=44100,config_channel_mask=16,config_format=1,flags=0,attributionSource =AttributionSourceState{pid: 23335, uid: 10659, packageName: com.ss.arap, attributionTag: (null), token: {no toString() implemented}, renouncedPermissions: [], next: []}
03-09 14:31:59.437  1015 20405 D APM_AudioPolicyManager: [MTK_APM_Input]getInputForAttr() source 1, sampling rate 44100, format 0x1, channel mask 0x10, session 1001, flags 0 attributes={ Content type: AUDIO_CONTENT_TYPE_UNKNOWN Usage: AUDIO_USAGE_UNKNOWN Source: AUDIO_SOURCE_MIC Flags: 0x0 Tags:  }
03-09 14:31:59.437  1015 20405 V ListServiceUtils: checkInListByUid pid:23335 procName:com.ss.arap cost 215us return 0
03-09 14:31:59.438  1015 20405 V ListServiceUtils: checkInListByPid module:dual-mic-record pid:23335 cost 243us return 0
03-09 14:31:59.439  1015 20405 W libc    : Unable to set property "sys.oplus.mm.record.type" to "1": error code: 0x18
03-09 14:31:59.439  1015 20405 D voice_scence_discern: add name:sample_rate,  value:44100
03-09 14:31:59.439  1015 20405 V voice_scence_discern: add name:sample_rate value:44100 list:0xb400007a5421b9e0
03-09 14:31:59.439  1015 20405 D voice_scence_discern: add name:channels,  value:1
03-09 14:31:59.439  1015 20405 V voice_scence_discern: add name:channels value:1 list:0xb400007a5421b9e0
03-09 14:31:59.439  1015 20405 V ListServiceUtils: checkInListByUid uid:10659 procName:com.ss.arap cost 176us return 0
03-09 14:31:59.439  1015 20405 D voice_scence_discern: get scence process name:com.ss.arap
03-09 14:31:59.439  1015 20405 V voice_scence_discern: this process not in init apk. apk_list:0xb400007a543041e0
03-09 14:31:59.440   896   967 D AudioALSAStreamManager: openInputStream(), devices = 0x80000004, format = 0x1, channels = 0x10, sampleRate = 44100, status = 78, acoustics = 0x0, input_flag 0x0
03-09 14:31:59.440   896   967 D AudioALSAStreamIn: AudioALSAStreamIn()
03-09 14:31:59.440   896   967 D AudioUtility: AudioThrottleTimeControl(), mIsOutput = 0, mBytesSum = 0, mThrottleControlStartTime = 0
03-09 14:31:59.440   896   967 D AudioALSAHardware: InputSetScenceFromProp: mOplusInputScence = 0
03-09 14:31:59.440   896   967 D AudioALSAStreamIn: AudioALSAStreamIn(), set input scence 0
03-09 14:31:59.441   896   967 D AudioSpeechEnhanceInfo: IsBesRecTuningEnable()- 0
03-09 14:31:59.441   896   967 D AudioSpeechEnhanceInfo: IsAPDMNRTuningEnable(), 0
03-09 14:31:59.441   896   967 D AudioALSAStreamIn: checkOpenStreamSampleRate(), origin sampleRate 44100, kDefaultInputSourceSampleRate 48000.
03-09 14:31:59.441   896   967 D AudioALSAStreamIn: set() done, devices: 0x80000004, flags: 0, acoustics: 0x0, format: 0x1, sampleRate: 44100/44100, num_channels: 16/1, buffer_size: 1760, tempDebugflag: 0
03-09 14:31:59.441   896   967 D AudioALSAStreamManager: openInputStream(), SetInputMute(mAllInputMute)
03-09 14:31:59.441   896   967 D AudioALSAStreamIn: SetInputMute(), 0
03-09 14:31:59.441   896   967 D AudioALSAStreamIn: setParameters() InputSource: 0 => 1, reopen
03-09 14:31:59.441   896   967 D DeviceHAL: openInputStreamImpl, flags: 0, open_input_stream success, mOpenedStreamsCount 6
03-09 14:31:59.441   896   967 D AudioALSAStreamIn: updateSinkMetadataV7(),  device:0x0
03-09 14:31:59.444  1015 24743 I AudioFlinger_Threads: AudioFlinger's thread 0xb400007a54389840 tid=24743 ready to run
03-09 14:31:59.444   896 13261 D AudioALSAStreamIn: standby(), halRequest 0, mDestroy 0, flag 0
03-09 14:31:59.444  1015 20405 D AudioFlingerExtImpl: audioShcedBoost after setUx(pid:1015, tid:24743)
03-09 14:31:59.446   896 13261 D AudioALSAStreamIn: standby(), halRequest 0, mDestroy 0, flag 0
03-09 14:31:59.446  1015 20405 V ListServiceUtils: checkInListByUid pid:23335 procName:com.ss.arap cost 408us return 0
03-09 14:31:59.447  1015 20405 V ListServiceUtils: checkInListByPid module:cts-record pid:23335 cost 287us return 0
03-09 14:31:59.447  1015 20405 D APM_AudioPolicyManager: getInputForAttr() returns input 78 type 0 selectedDeviceId 16 for port ID 54
03-09 14:31:59.450  1015 20405 D AudioFlinger_Threads: createRecordTrack_l, notificationFrameCount 880, maxNotificationFrames 880
03-09 14:31:59.450  1015 13435 D APM_AudioPolicyManager: listAudioPorts mAvailableInputDevices 0x80000004 , 0x80000040 , 0x80000080 , 0x80000100 , 0x80002000 , 0x90000000
03-09 14:31:59.450  1015 20405 D AudioFlingerExtImpl: AudioFlinger_RecordThread_RecordTrackExtImpl init
03-09 14:31:59.450  1015 19775 D APM_AudioPolicyManager: listAudioPorts mAvailableInputDevices 0x80000004 , 0x80000040 , 0x80000080 , 0x80000100 , 0x80002000 , 0x90000000
03-09 14:31:59.450  1015 20405 D AF::RecordTrack: RecordTrack, track(0xb400007a5427fa00): mId(78), mFrameCount 2640, mSampleRate 44100, mFormat 1, mChannelCount 1, mTrackCount 23, thread 0xb400007a54389840, sessionId 1001, AudioIn_4E, primary-0
03-09 14:31:59.450  1015  2182 D APM_AudioPolicyManager: listAudioPorts mAvailableInputDevices 0x80000004 , 0x80000040 , 0x80000080 , 0x80000100 , 0x80002000 , 0x90000000
03-09 14:31:59.451  1015 20405 V ListServiceUtils: checkInListByUid module:control package:HDRRecordRusSwitch cost 221us return true
03-09 14:31:59.451  1015 20405 D AudioFlingerExtImpl: setMagicVoiceLoopbackEnable mMagicVoiceLoopbackEnable 0
03-09 14:31:59.451  1015  2182 D APM_AudioPolicyManager: listAudioPorts mAvailableInputDevices 0x80000004 , 0x80000040 , 0x80000080 , 0x80000100 , 0x80002000 , 0x90000000
03-09 14:31:59.452  1195 32305 D AudioRecord: openRecord_l: 0xf1a21a80, mCblk = 0xf6943000
03-09 14:31:59.452  1195 32305 W AudioRecord: createRecord_l(54): Server adjusted notificationFrames from 1024 to 880 for frameCount 2640
03-09 14:31:59.452  1015 13435 D APM_AudioPolicyManager: listAudioPorts mAvailableInputDevices 0x80000004 , 0x80000040 , 0x80000080 , 0x80000100 , 0x80002000 , 0x90000000
03-09 14:31:59.452  1015 19775 D APM_AudioPolicyManager: listAudioPorts mAvailableInputDevices 0x80000004 , 0x80000040 , 0x80000080 , 0x80000100 , 0x80002000 , 0x90000000
03-09 14:31:59.452  1015  2182 W AudioFlinger: acquireAudioSessionId() unknown client 23335 for session 1001
03-09 14:31:59.453  1195 32305 D MediaCodecList: DLEAK findCodecByType numCodecInfos=80 startIndex=8 isAdvanced=0
03-09 14:31:59.453  1195 32305 D MediaCodecList: DLEAK matchIndex=8
03-09 14:31:59.453  1195 32305 D MediaCodecList: codecHandlesFormat: no format, so no extra checks
03-09 14:31:59.453  1195 32305 D MediaCodecList: DLEAK matching 'c2.android.aac.encoder'
03-09 14:31:59.453  1195 32305 D MediaCodecList: DLEAK findCodecByType numCodecInfos=80 startIndex=32 isAdvanced=0
03-09 14:31:59.453  1195 32305 D MediaCodecList: DLEAK matchIndex=32
03-09 14:31:59.453  1195 32305 D MediaCodecList: codecHandlesFormat: no format, so no extra checks
03-09 14:31:59.453  1195 32305 D MediaCodecList: DLEAK matching 'OMX.google.aac.encoder'
03-09 14:31:59.453  1195 32305 D MediaCodecList: DLEAK matchIndex=4294967294
03-09 14:31:59.454  1195 32305 D OplusCCodec: OplusCCodec [129]: (0xf6b3e500)
03-09 14:31:59.455  1195 32305 W libc    : Access denied finding property "vendor.oplus.media.vpp.stutter"
03-09 14:31:59.455  1255 14372 D MMListService: getListValueByUid module:sr-osie-whitelist, uid:1013
03-09 14:31:59.455  1195 32305 V ListServiceUtils: checkInListByUid module:sr-osie-whitelist uid:1013 cost 312us return (null)
03-09 14:31:59.456  1195 24744 D CCodec  : allocate(c2.android.aac.encoder)
03-09 14:31:59.459  1195 24744 I CCodec  : setting up 'default' as default (vendor) store
03-09 14:31:59.465  1195  1761 D BufferPoolAccessor2.0: bufferpool2 0xf1e07298 : 0(0 size) total buffers - 0(0 size) used buffers - 438/443 (recycle/alloc) - 5/876 (fetch/transfer)
03-09 14:31:59.465  1195  1761 D BufferPoolAccessor2.0: Destruction - bufferpool2 0xf1e07298 cached: 0/0M, 0/0% in use; allocs: 443, 99% recycled; transfers: 876, 99% unfetched
03-09 14:31:59.465  1195 24744 I CCodec  : Created component [c2.android.aac.encoder]
03-09 14:31:59.466  1195 24744 D CCodecConfig: read media type: audio/mp4a-latm
03-09 14:31:59.468  1195 24744 D ReflectedParamUpdater: extent() != 1 for single value type: algo.buffers.max-count.values
03-09 14:31:59.469  1195 24744 D ReflectedParamUpdater: extent() != 1 for single value type: output.subscribed-indices.values
03-09 14:31:59.469  1195 24744 D ReflectedParamUpdater: extent() != 1 for single value type: input.buffers.allocator-ids.values
03-09 14:31:59.469  1195 24744 D ReflectedParamUpdater: extent() != 1 for single value type: output.buffers.allocator-ids.values
03-09 14:31:59.469  1195 24744 D ReflectedParamUpdater: extent() != 1 for single value type: algo.buffers.allocator-ids.values
03-09 14:31:59.470  1195 24744 D ReflectedParamUpdater: extent() != 1 for single value type: output.buffers.pool-ids.values
03-09 14:31:59.470  1195 24744 D ReflectedParamUpdater: extent() != 1 for single value type: algo.buffers.pool-ids.values
03-09 14:31:59.474  1195 24744 I CCodecConfig: query failed after returning 9 values (BAD_INDEX)
03-09 14:31:59.474  1195 24744 D CCodecConfig: c2 config diff is Dict {
03-09 14:31:59.474  1195 24744 D CCodecConfig:   c2::u32 coded.bitrate.value = 64000
03-09 14:31:59.474  1195 24744 D CCodecConfig:   c2::u32 coded.pl.level = 0
03-09 14:31:59.474  1195 24744 D CCodecConfig:   c2::u32 coded.pl.profile = 8192
03-09 14:31:59.474  1195 24744 D CCodecConfig:   c2::u32 coding.aac-sbr-mode.value = 3
03-09 14:31:59.474  1195 24744 D CCodecConfig:   c2::u32 input.buffers.max-size.value = 2048
03-09 14:31:59.474  1195 24744 D CCodecConfig:   c2::u32 input.delay.value = 0
03-09 14:31:59.474  1195 24744 D CCodecConfig:   string input.media-type.value = "audio/raw"
03-09 14:31:59.474  1195 24744 D CCodecConfig:   string output.media-type.value = "audio/mp4a-latm"
03-09 14:31:59.474  1195 24744 D CCodecConfig:   c2::u32 raw.channel-count.value = 1
03-09 14:31:59.474  1195 24744 D CCodecConfig:   c2::u32 raw.sample-rate.value = 44100
03-09 14:31:59.474  1195 24744 D CCodecConfig: }
03-09 14:31:59.475  1195 24744 I MediaCodec: MediaCodec will operate in async mode
03-09 14:31:59.475  1195 32305 I MediaCodec: [c2.android.aac.encoder] configure, format : AMessage(what = 0x00000000) = {
03-09 14:31:59.475  1195 32305 I MediaCodec:   string mime = "audio/mp4a-latm"
03-09 14:31:59.475  1195 32305 I MediaCodec:   int32_t aac-profile = 2
03-09 14:31:59.475  1195 32305 I MediaCodec:   int32_t max-input-size = 2048
03-09 14:31:59.475  1195 32305 I MediaCodec:   int32_t channel-count = 1
03-09 14:31:59.475  1195 32305 I MediaCodec:   int32_t sample-rate = 44100
03-09 14:31:59.475  1195 32305 I MediaCodec:   int32_t bitrate = 128000
03-09 14:31:59.475  1195 32305 I MediaCodec:   int32_t priority = 0
03-09 14:31:59.475  1195 32305 I MediaCodec: }
03-09 14:31:59.476  1195 32305 D MediaCodec: shapeMediaFormat: deltas(0): AMessage(what = 0x00000000) = {
03-09 14:31:59.476  1195 32305 D MediaCodec:   }
03-09 14:31:59.476  1195 24744 D MediaCodec: flushMediametrics
03-09 14:31:59.476  1255 14372 D MMListService: getListValueByUid module:sr-osie-whitelist, uid:1013
03-09 14:31:59.476  1195 24744 V ListServiceUtils: checkInListByUid module:sr-osie-whitelist uid:1013 cost 265us return (null)
03-09 14:31:59.476  1195 24744 D OplusCCodec: debug enabled , debugType :0
03-09 14:31:59.476  1255 14372 D MMListService: getListValueByUid module:minstance-delay, uid:1013
03-09 14:31:59.476  1195 24744 V ListServiceUtils: checkInListByUid module:minstance-delay uid:1013 cost 121us return (null)
03-09 14:31:59.476  1195 24744 D OplusCCodec: [initiateConfigureComponent:L482] OplusFeedbackInfo  mFeedbackID:4138984704
03-09 14:31:59.477  1195 24744 D CCodec  : [c2.android.aac.encoder] buffers are bound to CCodec for this session
03-09 14:31:59.477  1195 24744 D CCodecConfig: no c2 equivalents for flags
03-09 14:31:59.477  1195 24744 D CCodecConfig: no c2 equivalents for encoder
03-09 14:31:59.478  1195 24744 D CCodecConfig: c2 config diff is   c2::u32 coded.bitrate.value = 128000
03-09 14:31:59.479  1195 24744 W Codec2Client: query -- param skipped: index = 1107298332.
03-09 14:31:59.479  1195 24744 D CCodec  : setup formats input: AMessage(what = 0x00000000) = {
03-09 14:31:59.479  1195 24744 D CCodec  :   int32_t sample-rate = 44100
03-09 14:31:59.479  1195 24744 D CCodec  :   int32_t channel-count = 1
03-09 14:31:59.479  1195 24744 D CCodec  :   int32_t max-input-size = 2048
03-09 14:31:59.479  1195 24744 D CCodec  :   string mime = "audio/raw"
03-09 14:31:59.479  1195 24744 D CCodec  : }
03-09 14:31:59.479  1195 24744 D CCodec  : setup formats output: AMessage(what = 0x00000000) = {
03-09 14:31:59.479  1195 24744 D CCodec  :   int32_t sample-rate = 44100
03-09 14:31:59.479  1195 24744 D CCodec  :   int32_t bitrate = 128000
03-09 14:31:59.479  1195 24744 D CCodec  :   int32_t channel-count = 1
03-09 14:31:59.479  1195 24744 D CCodec  :   int32_t level = 0
03-09 14:31:59.479  1195 24744 D CCodec  :   int32_t max-bitrate = 128000
03-09 14:31:59.479  1195 24744 D CCodec  :   string mime = "audio/mp4a-latm"
03-09 14:31:59.479  1195 24744 D CCodec  :   int32_t profile = 2
03-09 14:31:59.479  1195 24744 D CCodec  : }
03-09 14:31:59.479  1195 24744 I CCodecConfig: query failed after returning 9 values (BAD_INDEX)
03-09 14:31:59.480  1195 32305 D MediaCodec: keep callback message for reclaim
03-09 14:31:59.481  1195 24744 W Codec2Client: query -- param skipped: index = 1342179345.
03-09 14:31:59.481  1195 24744 W Codec2Client: query -- param skipped: index = 2415921170.
03-09 14:31:59.482  1195 24744 W Codec2Client: query -- param skipped: index = 3254792206.
03-09 14:31:59.482  1195 24744 W Codec2Client: query -- param skipped: index = 3254792194.
03-09 14:31:59.483  1195 24744 D CCodecBufferChannel: [c2.android.aac.encoder#287] Created input block pool with allocatorID 16 => poolID 1404 - OK (0)
03-09 14:31:59.485  1195 24744 I CCodecBufferChannel: [c2.android.aac.encoder#287] Created output block pool with allocatorID 16 => poolID 216 - OK
03-09 14:31:59.485  1195 24744 D CCodecBufferChannel: [c2.android.aac.encoder#287] Configured output block pool ids 216 => OK
03-09 14:31:59.485  1360 14388 E Codec2-ComponentInterface: We have a failed config
03-09 14:31:59.486  1360  1894 D BufferPoolAccessor2.0: bufferpool2 0xb400007e04c78428 : 0(0 size) total buffers - 0(0 size) used buffers - 309/311 (recycle/alloc) - 3/311 (fetch/transfer)
03-09 14:31:59.486  1360  1894 D BufferPoolAccessor2.0: Destruction - bufferpool2 0xb400007e04c78428 cached: 0/0M, 0/0% in use; allocs: 311, 99% recycled; transfers: 311, 99% unfetched
03-09 14:31:59.486   912  1869 D C2MtkComponentStore: setIonUsage: usage 5, flags 65539, minAlign 0, heapMask 1024 for decoder and encoder.
03-09 14:31:59.488  1360 24745 D SimpleC2Component: Using output block pool with poolID 216 => got 216 - 0
03-09 14:31:59.488  1195 32305 D StagefrightRecorder: Recording frameRate: -1 captureFps: -1.000000
03-09 14:31:59.488  1195 32305 D StagefrightRecorder: prepare-
03-09 14:31:59.488  1195 32305 D OplusStagefrightRecorder: prepareInternal- status=0
03-09 14:31:59.488  1195 32305 D OplusMPEG4Writer: start [96]: 
03-09 14:31:59.488  1195 32305 D MPEG4Writer: fpathconf _PC_FILESIZEBITS:64
03-09 14:31:59.488  1195 32305 D MPEG4Writer: File size limit set to 4503599627370495 bytes implicitly
03-09 14:31:59.489  1195 32305 D MPEG4Writer: MP4WtrCtrlHlpLooper Started
03-09 14:31:59.489  1195 32305 I MPEG4Writer: limits: 4503599627370495/0 bytes/us, bit rate: 128000 bps and the estimated moov size 3192 bytes
03-09 14:31:59.489  1195 32305 D MediaCodecSource: Audio start params=time: (int64_t) 72509550623
03-09 14:31:59.489  1195 24741 I MediaCodecSource: MediaCodecSource (audio) starting
03-09 14:31:59.489  1195 24741 D MediaCodecSource: puller (audio) start
03-09 14:31:59.490  1195 24748 D AudioSource: start+
03-09 14:31:59.490  1195 24748 D AudioRecord: start(54): sync event 0 trigger session 0
03-09 14:31:59.490  1015  2182 D AudioFlingerExtImpl: startMagicVoice mYouMeSdk = 0
03-09 14:31:59.490  1015  2182 D AudioFlinger_Threads: RecordThread::start event 0, triggerSession 0
03-09 14:31:59.492  1015  2182 D AudioPolicyService: updateUidStates_l() current->uid=10659 current->pid=23335 allowCapture=1 UidState=2 apmStat=2
03-09 14:31:59.492  1015  2182 D APM_AudioPolicyManager: startInput portId 54
03-09 14:31:59.492  1015  2182 D APM_AudioPolicyManager: BIRecord: In startInput, profile is primary input
03-09 14:31:59.492  1015  2182 D APM_AudioPolicyManager: startInput() portId 54 input 78 session 1001
03-09 14:31:59.492  1015  2182 V ListServiceUtils: checkInListByUid start module:customscene-record uid:10659  time 72509554496us
03-09 14:31:59.492  1015  2182 V ListServiceUtils: checkInListByUid end module:customscene-record uid:10659  time 72509554823us
03-09 14:31:59.492  1015  2182 D ListServiceUtils: checkInListByUid module:customscene-record uid:10659 cost 326us return 0
03-09 14:31:59.492  1015  2182 V ListServiceUtils: checkInListByUid start module:tencentsgame-record uid:10659  time 72509554884us
03-09 14:31:59.493  1015  2182 V ListServiceUtils: checkInListByUid end module:tencentsgame-record uid:10659  time 72509555055us
03-09 14:31:59.493  1015  2182 D ListServiceUtils: checkInListByUid module:tencentsgame-record uid:10659 cost 170us return 0
03-09 14:31:59.493  1015  2182 V ListServiceUtils: checkInListByUid start module:switch-mic-config uid:10659  time 72509555285us
03-09 14:31:59.493  1015  2182 V ListServiceUtils: checkInListByUid end module:switch-mic-config uid:10659  time 72509555397us
03-09 14:31:59.493  1015  2182 D ListServiceUtils: checkInListByUid module:switch-mic-config uid:10659 cost 111us return 0
03-09 14:31:59.493  1015  1251 D AudioSystem: +setParameters(): CamcorderSwitchMic=false 
03-09 14:31:59.494  1015  1251 D AudioFlingerExtImpl: AudioFlingerExtImpl oplusSetParameters: keyvalue CamcorderSwitchMic=false
03-09 14:31:59.495   896 13261 D OplusMicSwap: CamcorderSetParameters: output set camcorderret = 5, camcorderstrvalue = false
03-09 14:31:59.495   896 13261 D OplusMicSwap: CamcorderSetParameters: camera switch mic 0
03-09 14:31:59.495   896   896 D AudioALSAStreamIn: updateSinkMetadataV7(),  device:0x0
03-09 14:31:59.497   896   896 D AudioALSAHardware: +createAudioPatch() num_sources [1] , num_sinks [1], handle [0x0], current mAudioHalPatchVector size 5
03-09 14:31:59.497   896   896 D AudioALSAStreamManager: +setParameters(), IOport = 78, keyValuePairs = input_source=1;routing=-2147483644
03-09 14:31:59.497   896   896 D AudioALSAStreamManager: +routingInputDevice(), input_device: 0x80000004 => 0x80000004
03-09 14:31:59.497   896   896 W AudioALSAStreamManager: -routingInputDevice(), input_device(0x80000004) is AUDIO_DEVICE_NONE(0x0) or current_input_device(0x80000004), return
03-09 14:31:59.496  2489  2489 D SystemStatusAnimationScheduler: scheduling event PrivacyEvent
03-09 14:31:59.497   896   896 D AudioALSAHardware: -createAudioPatch() num_sources [1] , num_sinks [1], handle [0x7]
03-09 14:31:59.497  2489  2489 D SystemStatusAnimationScheduler: scheduleEvent animationStarted=false shouldIgnoreAnimation=true scheduledEvent?.shouldUpdateFromEvent(event) null
03-09 14:31:59.497  2489  2489 D SystemStatusAnimationScheduler: scheduleEvent scheduledEvent!!.forceVisible true
03-09 14:31:59.499  1907  5240 I SoundTriggerMiddlewareLogging: setCaptureState[this=com.android.server.soundtrigger_middleware.SoundTriggerMiddlewareImpl@7095bc, client=null](true)
03-09 14:31:59.499  1015  2182 D AudioPolicyManagerExtImpl: startinput client uid = 10659
03-09 14:31:59.499  1015  1251 D AudioSystem: +setParameters(): startinput_pid=10659 
03-09 14:31:59.500  1015  1251 D AudioFlingerExtImpl: AudioFlingerExtImpl oplusSetParameters: keyvalue startinput_pid=10659
03-09 14:31:59.500   896   896 D AudioALSAHardware: +setParameters(): startinput_pid=10659
03-09 14:31:59.500   896   896 D AudioALSAPlaybackHandlerKTVThread: setParameters: startinput_pid ktvret = 5, value = 10659
03-09 14:31:59.500   896   896 D AudioALSAPlaybackHandlerKTVThread: KTV set false
03-09 14:31:59.500   896   896 D AudioALSAHardware: =====>GetInstance()->MMI_Auto_Test
03-09 14:31:59.500   896   896 D audio_engineer_test: do_audio_test_process Enter all_test[0]:NoneTest in_call:false
03-09 14:31:59.500   896   896 D AudioALSAHardware: -setParameters(): startinput_pid=10659
03-09 14:31:59.501  1015 19775 D APM_AudioPolicyManager: listAudioPorts mAvailableInputDevices 0x80000004 , 0x80000040 , 0x80000080 , 0x80000100 , 0x80002000 , 0x90000000
03-09 14:31:59.501  1015 20405 D APM_AudioPolicyManager: listAudioPorts mAvailableInputDevices 0x80000004 , 0x80000040 , 0x80000080 , 0x80000100 , 0x80002000 , 0x90000000
03-09 14:31:59.501  1015 19775 D APM_AudioPolicyManager: listAudioPorts mAvailableInputDevices 0x80000004 , 0x80000040 , 0x80000080 , 0x80000100 , 0x80002000 , 0x90000000
03-09 14:31:59.501  1015  2182 D AtlasEventUploadUtils: setEvent event:atlas_event_audio_record_start
03-09 14:31:59.501  1015 12689 D APM_AudioPolicyManager: listAudioPorts mAvailableInputDevices 0x80000004 , 0x80000040 , 0x80000080 , 0x80000100 , 0x80002000 , 0x90000000
03-09 14:31:59.501  1015 13435 D APM_AudioPolicyManager: listAudioPorts mAvailableInputDevices 0x80000004 , 0x80000040 , 0x80000080 , 0x80000100 , 0x80002000 , 0x90000000
03-09 14:31:59.501  1015  2182 D AudioFlingerExtImpl: ActiveRecordTrackPids add session 1001 pid 23335
03-09 14:31:59.501  1015  2182 D AudioFlingerExtImpl: ActiveRecordTrackPids add session 1001 pid 23335
03-09 14:31:59.501  1015  2182 D AudioFlingerExtImpl: noteAudioAcive is 1 
03-09 14:31:59.502  1015 13306 D APM_AudioPolicyManager: listAudioPorts mAvailableInputDevices 0x80000004 , 0x80000040 , 0x80000080 , 0x80000100 , 0x80002000 , 0x90000000
03-09 14:31:59.502  3436 13079 D OplusAtlas.OplusAtlasEventDispatch: setEvent:atlas_event_audio_record_start info:recorderPid:23335,TrackSession:1001,inputDevice:80000004
03-09 14:31:59.502  1015 13435 D APM_AudioPolicyManager: listAudioPorts mAvailableInputDevices 0x80000004 , 0x80000040 , 0x80000080 , 0x80000100 , 0x80002000 , 0x90000000
03-09 14:31:59.502   896   896 W StreamHAL: Error from HAL stream in function set_microphone_direction: Function not implemented
03-09 14:31:59.502  3436  4159 D OplusAtlas.OplusAudioRecordInfoUploadHelper: callback success event:atlas_event_audio_record_start eventInfo:recorderPid:23335,TrackSession:1001,inputDevice:80000004
03-09 14:31:59.502  3436  4159 D OplusAtlasAudioDetectionManager: callback success event:atlas_event_audio_record_start eventInfo:recorderPid:23335,TrackSession:1001,inputDevice:80000004
03-09 14:31:59.502  3436  4160 D OplusAtlas.OplusMessageHandler: handleMessage: Msg { when=0 what=1 obj=com.oplus.atlas.OplusAtlasEvent@6fb77e target=com.oplus.atlas.OplusMessageHandler$MyHandler }
03-09 14:31:59.502  3436  4160 D OplusAtlas.OplusAudioRecordInfoUploadHelper: setRecordEvent pid:23335 session:1001
03-09 14:31:59.502  3436  4168 D OplusAtlasAudioDetectionManager: MSG_AUDIO_RECORD_START
03-09 14:31:59.502  3436  4160 D OplusAtlas.OplusAudioRecordInfoUploadHelper: new AudioRecordInfo session:1001
03-09 14:31:59.502  3436  4168 D OplusAtlasAudioDetectionManager: record start, pid=23335
03-09 14:31:59.503   896   896 W StreamHAL: Error from HAL stream in function set_microphone_field_dimension: Function not implemented
03-09 14:31:59.503  1015  2182 D AudioFlingerExtImpl: getRecordInfo result=1,1,10,44100
03-09 14:31:59.503  3436  4168 D OplusAtlasService: isAppInRecording getActiveAudioPids is null
03-09 14:31:59.503  1195 24748 D AudioRecord: start(54): return status 0
03-09 14:31:59.504   896 24749 D AudioALSAStreamIn: open(), flag 0x0
03-09 14:31:59.504   896 24749 D AudioALSAStreamManager: +createCaptureHandler(), mAudioMode = 0, input_source = 1, input_device = 0x80000004, mBypassDualMICProcessUL=0, rate=44100, flag=0x0
03-09 14:31:59.504  1195 24748 D AudioSource: start-
03-09 14:31:59.504  1195 24741 I MediaCodecSource: MediaCodecSource (audio) started
03-09 14:31:59.504   896 24749 D AudioDspStreamManager: getDspInHandlerEnable flag = 0 ret = 1
03-09 14:31:59.504   896 24749 D AudioALSAStreamManager: isCaptureOffload(), offload customization is 1 (InputSource,MIC)
03-09 14:31:59.504   896 24749 D AudioALSAStreamManager: createCaptureHandler(),add for goodix all
03-09 14:31:59.504   896 24749 D oplus_audio_config: oplus_get_config(),unkonw config
03-09 14:31:59.504   896 24749 D oplus_audio_config: oplus_is_config_support(),param null
03-09 14:31:59.504   896 24749 D oplus_audio_config: oplus_get_config(),unkonw config
03-09 14:31:59.504   896 24749 D oplus_audio_config: oplus_is_config_support(),param null
03-09 14:31:59.504   896 24749 D AudioALSACaptureHandlerDsp: AudioALSACaptureHandlerDsp()
03-09 14:31:59.504   896 24749 D AudioALSACaptureHandlerDsp: +open(), input_device = 0x80000004, input_source = 0x1, sample_rate=44100, num_channels=1
03-09 14:31:59.504   896 24749 D AudioALSACaptureDataClientDsp: IsLowLatencyCapture(), low_latency_on: 0, voip_on: 0
03-09 14:31:59.504   896 24749 D AudioALSACaptureDataClientDsp: configDSPAttribute(), voip: 0, low_latency: 0, input_source: 1, flag: 0x0, sample_rate: 48000
03-09 14:31:59.504   896 24749 D AudioALSACaptureDataClientDsp: configDSPAttribute(), mInputScence: 0, mOutputScence: 0
03-09 14:31:59.504   896 24749 D AudioALSACaptureDataProviderBase: configStreamAttribute(), audio_mode: 0 => 0, input_device: 0x80000004 => 0x80000004, flag: 0x0 => 0x0, input_source: 1->1, output_device: 0x2 => 0x2, sample_rate: 48000 => 48000, period_us: 0 => 0, DSP out sample_rate: 48000 => 48000
03-09 14:31:59.504   896 24749 D AudioALSACaptureDataProviderBase: configStreamAttribute(), mInputScence: 0 => 0, mOutputScence: 0 => 0
03-09 14:31:59.504   896 24749 D AudioALSACaptureDataProviderBase: attach(), 0xf210b000, mCaptureDataClientVector.size()=0, Identity=0xf259eb80, mCaptureDataProviderType = 17
03-09 14:31:59.504   896 24749 D oplus_audio_config: oplus_get_config(),unkonw config
03-09 14:31:59.504   896 24749 W OplusMicSwap: SetSwapMicEnable: The machine does not support CamcorderSwapMic function
03-09 14:31:59.504   896 24749 D OplusMicSwap: SetSwapMicEnable:  oplus_get_config = (null) isenable = 0
03-09 14:31:59.505  1195 32305 D StagefrightRecorder: start-
03-09 14:31:59.505  3436  4160 D OplusAtlasService: isAppInRecording getActiveAudioPids is null
03-09 14:31:59.505  1195 32305 D OplusStagefrightRecorder: start- status=0
03-09 14:31:59.505 23335 23335 D MediaRecorder: start X 0xb40000708c01cf80
03-09 14:31:59.505 23335 23335 D AudioRecorder: Recording started
03-09 14:31:59.505   896 24749 D AudioALSADeviceParser: compare pcm success = 60, stringpair = DSP_Capture_Ul1
03-09 14:31:59.505   896 24749 D AudioALSACaptureDataProviderDsp: open(+), audiomode=0, feature_id = c
03-09 14:31:59.505   896 24749 D AudioALSACaptureDataProviderDsp: btempDebug: 0
03-09 14:31:59.505   896 24749 D AudioALSACaptureDataClientDsp: IsLowLatencyCapture(), low_latency_on: 0, voip_on: 0
03-09 14:31:59.505 23335 23335 D MainActivity: Started recording to /storage/emulated/0/Android/data/com.ss.arap/files/recording_1.mp3
03-09 14:31:59.505   896 24749 D AudioALSADeviceConfigManager: ApplyDeviceTurnonSequenceByName() DeviceName = ADDA_TO_CAPTURE1 descriptor->DeviceStatusCounte = 0
03-09 14:31:59.506  5030  5030 V DeepThinker: BroadcastReceiverWrapper: onReceive, start dispatch android.media.ACTION_AUDIO_RECORD_START
03-09 14:31:59.507  1015  2182 D APM_AudioPolicyManager: listAudioPorts mAvailableInputDevices 0x80000004 , 0x80000040 , 0x80000080 , 0x80000100 , 0x80002000 , 0x90000000
03-09 14:31:59.507   896 24749 D AudioALSAHardwareResourceManager: +startInputDevice_l(), new_device: 0x80000004, mInputDevice: 0x0, mStartInputDeviceCount: 0, mMicInverse: 0, mNumPhoneMicSupport: 2, mBuiltInMicSpecificTyp: 0
03-09 14:31:59.507   896 24749 D AudioALSADeviceConfigManager: ApplyDeviceTurnonSequenceByName() DeviceName = builtin_Mic_DualMic descriptor->DeviceStatusCounte = 0
03-09 14:31:59.509   896 24749 D AudioALSAHardwareResourceManager: -startInputDevice_l(), mInputDevice = 0x80000004, mStartInputDeviceCount = 1
03-09 14:31:59.509   896 24749 D AudioSpeechEnhanceInfo: GetHifiRecord, mHiFiRecordEnable=0
03-09 14:31:59.509   896 24749 D AudioALSACaptureDataProviderBase: getInputSampleRate(), input_device: 0x80000004, output_device 0x2, hifi_record = 0, phone call open = 0
03-09 14:31:59.509   896 24749 D AudioALSADeviceParser: compare pcm success = 60, stringpair = DSP_Capture_Ul1
03-09 14:31:59.510   896 24749 D AudioUtility: only allocate maxSize = 46080 of sram
03-09 14:31:59.510   896 24749 D AudioALSACaptureDataProviderDsp: buffersizemax 196608, mConfig format: 3, channels: 2, rate: 48000, period_size: 960, period_count: 6, latency: 20,  mStreamAttributeTargetDSP.buffer_size: 46080
03-09 14:31:59.510   896 24749 D audio_messenger_ipi: audio_ipi_dma_cbk_register(), task 10, sz 65536/92160, cbk 0xf1231a8c, arg 0xf210b000
03-09 14:31:59.510   896 24749 D AudioALSACaptureDataClientDsp: IsLowLatencyCapture(), low_latency_on: 0, voip_on: 0
03-09 14:31:59.510   896 24749 D AudioMTKGainController: +SetCaptureGain(), mode=0, source=1, input device=0x80000004, output device=0x2
03-09 14:31:59.510   896 24749 D AudioSpeechEnhanceInfo: IsAPDMNRTuningEnable(), 0
03-09 14:31:59.511   896 24749 W AudioDspStreamManager: SetArsiTaskConfig(), 10 != 3
03-09 14:31:59.511   896 24749 D aurisys_utility: input dev: 0x80000004, fmt = 0x4, fs: 48000, max fs: 48000, ch: 2, max ch: 3, ch maks: 0xc, hw_info_mask: 0x0; output dev: 0x2, fmt = 0x4, fs: 48000, max fs: 48000, ch: 2, max ch: 2, ch maks: 0xc, hw_info_mask: 0x0; task_scene: 3, audio_mode: 0, stream_type: 0, output_flags: 0x0, input_source: 1, input_flags: 0x0; network_info: 0, enhancement_feature_mask: 0x0
03-09 14:31:59.511   896 24749 D AudioALSAHardware: UpdateScenceToDsp(), mInputScence = 0, mOutputScence = 0, attribute_out->sample_rate = 48000
03-09 14:31:59.511   896 24749 D AudioALSAHardware: UpdateMultiRecordScenceToDsp(), mInputScence = 0, mOutputScence = 0
03-09 14:31:59.511   896 24749 D AudioALSAHardware: UpdateVoicePlaybackScenceToDsp(), OutputGetScence = 0  , isModeInVoipCall = 0 , isModeInPhoneCall = 0
03-09 14:31:59.511   896 24749 D oplus_audio_config: oplus_get_config(),unkonw config
03-09 14:31:59.511   896 24749 D oplus_audio_config: oplus_is_config_support(),param null
03-09 14:31:59.511   896 24749 D AudioUtility: setupCustomInfoStr(), custom_info = "SetAudioCustomScene=;", (scene = , vol_level = -1, bt_codec = -1)
03-09 14:31:59.511   896 24749 D AudioDspStreamManager: CreateAurisysLibManager(), custom_info = SetAudioCustomScene=;, voip = 0
03-09 14:31:59.511   896 24749 D aurisys_utility: lib, working fs: 48000, fmt: 0x1, frame = 10, b_interleave = 0, num_ul_ref_buf_array = 0, num_dl_ref_buf_array = 0
03-09 14:31:59.511   896 24749 D aurisys_utility: ul in[type:0], ch: 2, ch_mask: 0xc, buf fs: 48000, buf content fs: 48000, fmt: 0x1; ul out[type:1], ch: 2, ch_mask: 0xc, buf fs: 48000, buf content fs: 48000, fmt: 0x1
03-09 14:31:59.511   896 24749 D aurisys_lib_handler: [LIB] lvim_arsi_query_param_buf_size_by_custom_info(), get param buf size 1012 for enh mode SetAudioCustomScene=; from file /odm/etc/audio/nxp/
03-09 14:31:59.511   896 24749 D aurisys_lib_handler: [LIB] lvim_arsi_parsing_param_file_by_custom_info(), parsing file /odm/etc/audio/nxp/, custom_info = SetAudioCustomScene=;, private buf 0xf20708c0
03-09 14:31:59.511   896 24749 D aurisys_lib_handler: [LIB] p_sph_param: 0xf2122000, memory_size: 2024, sizeof(lvve_sph_param_t) = 1012
03-09 14:31:59.511   896 24749 D aurisys_lib_handler: [LIB] product info: key: platform, value: MT6853
03-09 14:31:59.511   896 24749 D aurisys_lib_handler: [LIB] product info: key: device, value: RMX2117L1
03-09 14:31:59.511   896 24749 D aurisys_lib_handler: [LIB] product info: key: model, value: RMX2117
03-09 14:31:59.511   896 24749 D aurisys_lib_handler: [LIB] lvim_arsi_parsing_param_file_by_custom_info(), task_scene=[3], input_device_info = [0x80000004], output_device_info = [0x2]
03-09 14:31:59.511   896 24749 D aurisys_lib_handler: [LIB] lvim_arsi_parsing_param_file_by_custom_info(), paramfilename=[Record_mic_normal.bin]
03-09 14:31:59.511   896 24749 D aurisys_lib_handler: [LIB] lvim_arsi_parsing_param_file_by_custom_info(), paramfilelist[8]=[Record_mic_normal.bin]
03-09 14:31:59.511   896 24749 D aurisys_lib_handler: aurisys_arsi_parsing_param_file(), gProductInfo "platform=MT6853,device=RMX2117L1,model=RMX2117", file_path "/odm/etc/audio/nxp/", enhancement_mode 0, param_buf_size 1012, data_size 1012, custom_info SetAudioCustomScene=;
03-09 14:31:59.511   896 24749 D audio_messenger_ipi: hal send, task: 10, msg_id: 0x15, ack_type: 1, p1: 0x6f4, p2: 0x0, dma sz: 0, idx: 0, hal sz: 1780
03-09 14:31:59.514   896 24749 D AudioALSACaptureDataProviderBase: dsp_taskdump_property = 0
03-09 14:31:59.514   896 24749 D audio_messenger_ipi: hal send, task: 10, msg_id: 0x100, ack_type: 0, p1: 0x0, p2: 0x0
03-09 14:31:59.514   896 24749 D AudioALSADeviceParser: compare pcm success = 60, stringpair = DSP_Capture_Ul1
03-09 14:31:59.515   896 24749 D AudioALSACaptureDataProviderDsp: openApHwPcm(), mPcm = 0xf496b500
03-09 14:31:59.515   896 24749 D AudioDspStreamManager: addCaptureDataProvider() CaptureDataProvider = 4061179904 0xf210b000
03-09 14:31:59.515   896 24749 D AudioALSADeviceParser: compare pcm success = 10, stringpair = Capture_1
03-09 14:31:59.515   896 24749 D AudioDspStreamManager: setDspRuntimeEn(), task_scene = 10, condition = 1
03-09 14:31:59.518   896 24749 D AudioUtility: only allocate maxSize = 46080 of sram
03-09 14:31:59.518   896 24749 D AudioDspStreamManager: capture mCaptureDspConfig format: 3, channels: 2, rate: 48000, period_size: 960, period_count: 6
03-09 14:31:59.518   896 24749 D AudioDspStreamManager: openCaptureDspHwPcm(), mDspHwPcm = 0xf496b700
03-09 14:31:59.521   896 24749 D AudioALSAPlaybackHandlerKTVThread: openKTV2(), ktvapppid = 10659, ktvfgpid = 0,input_device:80000004,voip:0, reverbStatus:0
03-09 14:31:59.521   896 24751 D AudioALSACaptureDataClientDsp: IsLowLatencyCapture(), low_latency_on: 0, voip_on: 0
03-09 14:31:59.521   896 24749 D AudioALSAPlaybackHandlerKTVThread: +setinputActive(), pre_active_num = 0, start_input = 2147483652
03-09 14:31:59.521   896 24751 D AudioALSACaptureDataProviderDsp: +readThread(), pid: 896, tid: 24751, kReadBufferSize=0x1e00, kReadBufferSizeNormal=0x1e00, open_index=2, UPLINK_SET_AMICDCC_BUFFER_TIME_MS = 80, counter=1 
03-09 14:31:59.521   896 24749 D oplus_audio_config: oplus_get_config(),unkonw config
03-09 14:31:59.521   896 24751 D AudioALSACaptureDataProviderBase: pcm_start
03-09 14:31:59.521   896 24749 D oplus_audio_config: oplus_get_config(),unkonw config
03-09 14:31:59.521   896 24749 D AudioALSACaptureDataProviderDsp: open(-)
03-09 14:31:59.521   896 24749 D AudioMTKGainController: +SetCaptureGain(), mode=0, source=1, input device=0x80000004, output device=0x2
03-09 14:31:59.521   896 24749 D AudioSpeechEnhanceInfo: IsAPDMNRTuningEnable(), 0
03-09 14:31:59.522   896 24749 D AudioALSACaptureDataClientDsp: fmt_conv, sample_rate: 48000 => 44100, num_channels: 2 => 1, audio_format: 0x4 => 0x1
03-09 14:31:59.522   896 24749 D AudioALSACaptureDataClientDsp: AudioALSACaptureDataClientDsp(-), drop_ms = 60, latency = 20, mDropPopSize = 5292
03-09 14:31:59.522   896 24749 D AudioALSACaptureHandlerDsp: -open()
03-09 14:31:59.522   896 24749 D AudioALSAStreamIn: open(), Set RawStartFrameCount = 0
03-09 14:31:59.522   896 24749 D AudioALSAStreamIn: openWavDump(), mDumpFile is NULL
03-09 14:31:59.522   896 24752 D AudioALSACaptureDataClientDsp: processThread_896_24752 created
03-09 14:31:59.605  1015 24743 D AFExtImpl: checkRecordBuffer() track 0xb400007a5427fa00 get INFO from NEW, channelCount 1, pid 23335
03-09 14:31:59.606  1015 24743 V ListServiceUtils: checkInListByPid module:audiodetect-list pid:23335 cost 398us return 0
03-09 14:31:59.606  1015 24743 D AFExtImpl: initFromProperty() 0xb400007a54231980, sAdSwitch 0, typeCheck 0, logdumpEnable 0, pcmdumpEnable 0, trackPid 23335
03-09 14:31:59.628   912  1869 D C2MtkComponentStore: setIonUsage: usage 5, flags 65539, minAlign 0, heapMask 1024 for decoder and encoder.
03-09 14:31:59.634  1195 24750 I MPEG4Writer: setStartTimestampUs: 85195
03-09 14:31:59.634  1195 24750 I MPEG4Writer: Earliest track starting time: 85195
03-09 14:31:59.845  2489  2489 D OplusPrivacyDotViewController: setChipAnimation: false true
03-09 14:31:59.846  2489  2489 D OplusPrivacyDotViewController: scheduleUpdate: 
03-09 14:31:59.846  2489  2886 D OplusPrivacyDotViewController: processNextViewState: 
03-09 14:31:59.846  2489  2886 D OplusPrivacyDotViewController: resolveState ViewState(systemPrivacyEventIsActive=false, shadeExpanded=false, qsExpanded=false, rtl=false, rotation=0, height=12, x=56, y=63, cornerIndex=1, designatedCorner=android.widget.FrameLayout{c9f3df4 G.E...... ......ID 0,0-12,12 #7f0b03f6 app:id/icons_container}, contentDescription=null, chipAnimationStart=true, preDraw=false) shouldShowDot false
03-09 14:31:59.853  1021  1783 D SurfaceFlinger: addClientLayer(114): seq(3497) name,Surface(name=9b1bc08 StatusBar)/@0x3062ae3 - animation-leash of insets_animation#0
03-09 14:31:59.861  1021  1021 D Layer   : reparent to null sequence=3495, seq[1], name=Surface(name=9b1bc08 StatusBar)/@0x3062ae3 - animation-leash of insets_animation#1
03-09 14:31:59.870  1021  1021 D OplusLayer: ~Layer() sequence=3495, name=Surface(name=9b1bc08 StatusBar)/@0x3062ae3 - animation-leash of insets_animation#1 0xb4000078e4454000
03-09 14:31:59.874  1289  1289 D AALLightSensor: oldLux=66 [SA:65 LA:65] newLux=66 (oriLux: 65)
03-09 14:31:59.912  1021  1021 D OplusSurfaceFlinger: RESOLUTION > bounds(0,0,1080,2400), frame(0,0,1080,2400) FHD(1080, 2400), QHD(1080, 2400) mCurrentResolution=2 orientation = 0
03-09 14:32:00.033  2489  2489 D SingleClockView: updateTime,  24hfmt=false, h=2, m=32
03-09 14:32:00.039  1907  4241 E OplusCustomizeRestrictionManagerService: isBiometricDisabled start
03-09 14:32:00.040  1907  4081 E OplusCustomizeRestrictionManagerService: isBiometricDisabled start
03-09 14:32:00.322   906  1172 I hwcomposer: [HWC] (0)fire a callback of refresh to SF[4]  
03-09 14:32:00.436  3490 17153 I gle.android.gm: Explicit concurrent copying GC freed 1632KB AllocSpace bytes, 5(604KB) LOS objects, 25% free, 25MB/34MB, paused 301us,192us total 293.634ms
03-09 14:32:00.625 24592 24624 E Parcel  : Reading a NULL string not supported here.
03-09 14:32:00.808   920   972 E sensors-hal-HfLooper: device_orientation is [[1]]
03-09 14:32:00.821  1021  1073 I SurfaceFlinger: [SF client] NEW(0xb4000079188b5ce0) for (2489:com.android.systemui)
03-09 14:32:00.831  2489  2489 D WindowManager: Add to mViews: com.android.systemui.navigationbar.buttons.KeyButtonView{2d9b8b9 VFED..C.. ......ID 0,0-144,144 #7f0b0754 app:id/rotate_suggestion},pkg= null
03-09 14:32:00.844  2489  2489 D ViewRootImpl[FloatingRotationButton]: hardware acceleration = true, sRendererEnabled = true, forceHwAccelerated = false
03-09 14:32:00.848  1907  4081 E WindowManager: makeSurface WindowToken{f223ef0 android.os.BinderProxy@30cb33} windowType 2024
03-09 14:32:00.851  1021  1783 D SurfaceFlinger: addClientLayer(114): seq(3498) name,WindowToken{f223ef0 android.os.BinderProxy@30cb33}#0
03-09 14:32:00.855  1907  4081 D OplusDisplayPolicy: com.android.systemui, change system app cutoutMode: oplus always
03-09 14:32:00.859  1021  1783 D SurfaceFlinger: addClientLayer(115): seq(3499) name,e621c69 FloatingRotationButton#0
03-09 14:32:00.868  2489  2489 D OplusPrivacyDotViewController: onSystemStatusAnimationTransitionToPersistentDot
03-09 14:32:00.869  2489  2489 D OplusPrivacyDotViewController: scheduleUpdate: 
03-09 14:32:00.870  2489  2886 D OplusPrivacyDotViewController: processNextViewState: 
03-09 14:32:00.870  2489  2886 D OplusPrivacyDotViewController: resolveState ViewState(systemPrivacyEventIsActive=true, shadeExpanded=false, qsExpanded=false, rtl=false, rotation=0, height=12, x=56, y=63, cornerIndex=1, designatedCorner=android.widget.FrameLayout{c9f3df4 G.E...... ......ID 0,0-12,12 #7f0b03f6 app:id/icons_container}, contentDescription=null, chipAnimationStart=true, preDraw=false) shouldShowDot false
03-09 14:32:00.871  2489  2489 D OplusPrivacyDotViewController: setChipAnimation: true false
03-09 14:32:00.871  2489  2489 D OplusPrivacyDotViewController: scheduleUpdate: 
03-09 14:32:00.871  2489  2886 D OplusPrivacyDotViewController: processNextViewState: 
03-09 14:32:00.872  2489  2886 D OplusPrivacyDotViewController: resolveState ViewState(systemPrivacyEventIsActive=true, shadeExpanded=false, qsExpanded=false, rtl=false, rotation=0, height=12, x=56, y=63, cornerIndex=1, designatedCorner=android.widget.FrameLayout{c9f3df4 G.E...... ......ID 0,0-12,12 #7f0b03f6 app:id/icons_container}, contentDescription=null, chipAnimationStart=false, preDraw=false) shouldShowDot true
